fastboot.c:421:13:board_fbt_request_start_fastboot	520	static
fastboot.c:63:5:backupboot_to_back	16	static
fastboot.c:87:5:backfs	40	static
fastboot.c:134:14:read_flag_of_backfs	24	static
fastboot.c:160:14:read_flag_of_back	24	static
fastboot.c:186:5:write_flag_of_back	24	static
fastboot.c:218:5:write_flag_of_backfs	24	static
fastboot.c:490:13:board_fbt_run_recovery	8	static
fastboot.c:251:5:board_fbt_is_charging	0	static
fastboot.c:260:6:board_fbt_set_reboot_type	8	static
fastboot.c:285:22:board_fbt_get_reboot_type	16	static
fastboot.c:341:5:board_fbt_key_pressed	24	static
fastboot.c:387:6:board_fbt_finalize_bootargs	24	static
fastboot.c:400:6:board_fbt_boot_failed	24	static
fastboot.c:437:5:board_fbt_oem	0	static
fastboot.c:446:5:board_fbt_handle_erase	0	static
fastboot.c:451:5:board_fbt_handle_flash	0	static
fastboot.c:457:5:board_fbt_handle_download	0	static
fastboot.c:465:5:board_fbt_load_partition_table	0	static
fastboot.c:470:25:board_fbt_get_partition	0	static
fastboot.c:519:6:board_fbt_run_recovery_wipe_data	1096	static
fastboot.c:600:6:board_fbt_preboot	16	static
