Archive member included because of file (symbol)

/home/rk3288-sdk/prebuilts/gcc/linux-x86/arm/arm-eabi-4.7/bin/../lib/gcc/arm-eabi/4.7/libgcc.a(_udivsi3.o)
                              arch/arm/cpu/armv7/rk32xx/built-in.o (__aeabi_uidiv)
/home/rk3288-sdk/prebuilts/gcc/linux-x86/arm/arm-eabi-4.7/bin/../lib/gcc/arm-eabi/4.7/libgcc.a(_divsi3.o)
                              board/rockchip/common/built-in.o (__aeabi_idiv)
/home/rk3288-sdk/prebuilts/gcc/linux-x86/arm/arm-eabi-4.7/bin/../lib/gcc/arm-eabi/4.7/libgcc.a(_dvmd_tls.o)
                              /home/rk3288-sdk/prebuilts/gcc/linux-x86/arm/arm-eabi-4.7/bin/../lib/gcc/arm-eabi/4.7/libgcc.a(_udivsi3.o) (__aeabi_idiv0)
/home/rk3288-sdk/prebuilts/gcc/linux-x86/arm/arm-eabi-4.7/bin/../lib/gcc/arm-eabi/4.7/libgcc.a(_lshrdi3.o)
                              lib/built-in.o (__aeabi_llsr)
/home/rk3288-sdk/prebuilts/gcc/linux-x86/arm/arm-eabi-4.7/bin/../lib/gcc/arm-eabi/4.7/libgcc.a(_ashldi3.o)
                              lib/built-in.o (__aeabi_llsl)
/home/rk3288-sdk/prebuilts/gcc/linux-x86/arm/arm-eabi-4.7/bin/../lib/gcc/arm-eabi/4.7/libgcc.a(_aeabi_uldivmod.o)
                              arch/arm/cpu/armv7/rk32xx/built-in.o (__aeabi_uldivmod)
/home/rk3288-sdk/prebuilts/gcc/linux-x86/arm/arm-eabi-4.7/bin/../lib/gcc/arm-eabi/4.7/libgcc.a(bpabi.o)
                              /home/rk3288-sdk/prebuilts/gcc/linux-x86/arm/arm-eabi-4.7/bin/../lib/gcc/arm-eabi/4.7/libgcc.a(_aeabi_uldivmod.o) (__gnu_uldivmod_helper)
/home/rk3288-sdk/prebuilts/gcc/linux-x86/arm/arm-eabi-4.7/bin/../lib/gcc/arm-eabi/4.7/libgcc.a(_divdi3.o)
                              /home/rk3288-sdk/prebuilts/gcc/linux-x86/arm/arm-eabi-4.7/bin/../lib/gcc/arm-eabi/4.7/libgcc.a(bpabi.o) (__divdi3)
/home/rk3288-sdk/prebuilts/gcc/linux-x86/arm/arm-eabi-4.7/bin/../lib/gcc/arm-eabi/4.7/libgcc.a(_udivdi3.o)
                              /home/rk3288-sdk/prebuilts/gcc/linux-x86/arm/arm-eabi-4.7/bin/../lib/gcc/arm-eabi/4.7/libgcc.a(bpabi.o) (__udivdi3)

Discarded input sections

 .data          0x0000000000000000        0x0 arch/arm/cpu/armv7/start.o
 .bss           0x0000000000000000        0x0 arch/arm/cpu/armv7/start.o
 .text          0x0000000000000000        0x0 arch/arm/cpu/armv7/built-in.o
 .text.mmu_page_table_flush
                0x0000000000000000       0x24 arch/arm/cpu/armv7/built-in.o
 .text.sdelay   0x0000000000000000        0xc arch/arm/cpu/armv7/built-in.o
 .text.wait_on_value
                0x0000000000000000       0x34 arch/arm/cpu/armv7/built-in.o
 .data          0x0000000000000000        0x0 arch/arm/cpu/armv7/built-in.o
 .bss           0x0000000000000000        0x0 arch/arm/cpu/armv7/built-in.o
 .text.get_usec_timer
                0x0000000000000000       0xf4 arch/arm/cpu/armv7/rk32xx/built-in.o
 .text.get_tbclk
                0x0000000000000000        0x8 arch/arm/cpu/armv7/rk32xx/built-in.o
 .text.rkclk_pll_mode
                0x0000000000000000       0xc0 arch/arm/cpu/armv7/rk32xx/built-in.o
 .text.rkclk_set_pll_rate_by_id
                0x0000000000000000       0x28 arch/arm/cpu/armv7/rk32xx/built-in.o
 .text.rkclk_get_pll_rate_by_id
                0x0000000000000000        0x4 arch/arm/cpu/armv7/rk32xx/built-in.o
 .text.rkclk_set_nandc_div
                0x0000000000000000       0x80 arch/arm/cpu/armv7/rk32xx/built-in.o
 .text.rkclk_set_mmc_clk_freq
                0x0000000000000000      0x138 arch/arm/cpu/armv7/rk32xx/built-in.o
 .text.rkclk_set_mmc_tuning
                0x0000000000000000       0x60 arch/arm/cpu/armv7/rk32xx/built-in.o
 .text.rkclk_get_spi_clk
                0x0000000000000000       0x4c arch/arm/cpu/armv7/rk32xx/built-in.o
 .text.gic_handler_disable
                0x0000000000000000       0x58 arch/arm/cpu/armv7/rk32xx/built-in.o
 .text.gic_set_irq_type
                0x0000000000000000       0xd4 arch/arm/cpu/armv7/rk32xx/built-in.o
 .text.gpio_irq_set_type
                0x0000000000000000      0x124 arch/arm/cpu/armv7/rk32xx/built-in.o
 .text.gpio_irq_disable
                0x0000000000000000       0x4c arch/arm/cpu/armv7/rk32xx/built-in.o
 .text.irq_handler_disable
                0x0000000000000000       0x30 arch/arm/cpu/armv7/rk32xx/built-in.o
 .text.irq_set_irq_type
                0x0000000000000000       0x30 arch/arm/cpu/armv7/rk32xx/built-in.o
 .text.irq_uninstall_handler
                0x0000000000000000       0x18 arch/arm/cpu/armv7/rk32xx/built-in.o
 .text.rk_pm_wakeup_gpio_init
                0x0000000000000000       0x6c arch/arm/cpu/armv7/rk32xx/built-in.o
 .text.rk_pm_wakeup_gpio_deinit
                0x0000000000000000       0x58 arch/arm/cpu/armv7/rk32xx/built-in.o
 .text.rk_pm_enter
                0x0000000000000000       0x80 arch/arm/cpu/armv7/rk32xx/built-in.o
 .data          0x0000000000000000        0x0 arch/arm/cpu/armv7/rk32xx/built-in.o
 .bss           0x0000000000000000        0x0 arch/arm/cpu/armv7/rk32xx/built-in.o
 .text.flush_cache
[...]
Memory Configuration

Name             Origin             Length             Attributes
*default*        0x0000000000000000 0xffffffffffffffff

Linker script and memory map

Address of section .text set to 0x0
                0x0000000000000000                . = 0x0
                0x0000000000000000                . = ALIGN (0x4)

.text           0x0000000000000000    0x2b324
 *(.__image_copy_start)
 .__image_copy_start
                0x0000000000000000        0x0 arch/arm/lib/built-in.o
                0x0000000000000000                __image_copy_start
 *(.vectors)
 .vectors       0x0000000000000000      0x4e0 arch/arm/lib/built-in.o
                0x0000000000000000                _start
                0x0000000000000008                RSA_KEY_TAG
                0x000000000000000c                RSA_KEY_LENGTH
                0x0000000000000010                RSA_KEY_DATA
                0x0000000000000208                LoaderTagCheck
                0x0000000000000220                _vector
                0x0000000000000240                _undefined_instruction
                0x0000000000000244                _software_interrupt
                0x0000000000000248                _prefetch_abort
                0x000000000000024c                _data_abort
                0x0000000000000250                _not_used
                0x0000000000000254                _irq
                0x0000000000000258                _fiq
                0x0000000000000260                IRQ_STACK_START_IN
                0x0000000000000264                IRQ_STACK_START
                0x0000000000000268                FIQ_STACK_START
 arch/arm/cpu/armv7/start.o(.text*)
 .text          0x00000000000004e0       0xd4 arch/arm/cpu/armv7/start.o
                0x00000000000004e0                reset
                0x0000000000000538                c_runtime_cpu_setup
                0x0000000000000550                save_boot_params
                0x0000000000000554                cpu_init_cp15
                0x00000000000005a4                cpu_init_crit
 *(.text*)
 .text.v7_maint_dcache_all
                0x00000000000005b4       0xd0 arch/arm/cpu/armv7/built-in.o
 .text.v7_dcache_inval_range
                0x0000000000000684       0x80 arch/arm/cpu/armv7/built-in.o
 .text.invalidate_icache_all
                0x0000000000000704       0x18 arch/arm/cpu/armv7/built-in.o
                0x0000000000000704                invalidate_icache_all
 .text.v7_outer_cache_enable
                0x000000000000071c        0x4 arch/arm/cpu/armv7/built-in.o
                0x000000000000071c                v7_outer_cache_enable
 .text.v7_outer_cache_disable
                0x0000000000000720        0x4 arch/arm/cpu/armv7/built-in.o
                0x0000000000000720                v7_outer_cache_disable
 .text.v7_outer_cache_flush_all
                0x0000000000000724        0x4 arch/arm/cpu/armv7/built-in.o
                0x0000000000000724                v7_outer_cache_flush_all
 .text.flush_dcache_all
                0x0000000000000728       0x14 arch/arm/cpu/armv7/built-in.o
                0x0000000000000728                flush_dcache_all
 .text.v7_outer_cache_inval_all
                0x000000000000073c        0x4 arch/arm/cpu/armv7/built-in.o
                0x000000000000073c                v7_outer_cache_inval_all
 .text.invalidate_dcache_all
                0x0000000000000740       0x14 arch/arm/cpu/armv7/built-in.o
                0x0000000000000740                invalidate_dcache_all
 .text.arm_init_before_mmu
                0x0000000000000754       0x28 arch/arm/cpu/armv7/built-in.o
                0x0000000000000754                arm_init_before_mmu
 .text.v7_outer_cache_flush_range
                0x000000000000077c        0x4 arch/arm/cpu/armv7/built-in.o
                0x000000000000077c                v7_outer_cache_flush_range
 .text.flush_dcache_range
                0x0000000000000780       0x3c arch/arm/cpu/armv7/built-in.o
                0x0000000000000780                flush_dcache_range
 .text.flush_cache
                0x00000000000007bc        0x8 arch/arm/cpu/armv7/built-in.o
                0x00000000000007bc                flush_cache
 .text.v7_outer_cache_inval_range
                0x00000000000007c4        0x4 arch/arm/cpu/armv7/built-in.o
                0x00000000000007c4                v7_outer_cache_inval_range
 .text.invalidate_dcache_range
                0x00000000000007c8       0x3c arch/arm/cpu/armv7/built-in.o
                0x00000000000007c8                invalidate_dcache_range
 .text.cpu_cache_initialization
                0x0000000000000804        0x4 arch/arm/cpu/armv7/built-in.o
                0x0000000000000804                cpu_cache_initialization
 .text.cleanup_before_linux
                0x0000000000000808       0x28 arch/arm/cpu/armv7/built-in.o
                0x0000000000000808                cleanup_before_linux
 *fill*         0x0000000000000830       0x10 
 .text          0x0000000000000840       0x20 arch/arm/cpu/armv7/rk32xx/built-in.o
                0x0000000000000840                lowlevel_init
 .text.enable_caches
                0x0000000000000860        0x4 arch/arm/cpu/armv7/rk32xx/built-in.o
                0x0000000000000860                enable_caches
 .text.rk_get_chiptype
                0x0000000000000864      0x180 arch/arm/cpu/armv7/rk32xx/built-in.o
                0x0000000000000864                rk_get_chiptype
 .text.arch_cpu_init
                0x00000000000009e4       0x3c arch/arm/cpu/armv7/rk32xx/built-in.o
                0x00000000000009e4                arch_cpu_init
 .text.print_cpuinfo
                0x0000000000000a20       0x44 arch/arm/cpu/armv7/rk32xx/built-in.o
                0x0000000000000a20                print_cpuinfo
 .text.reset_timer_masked
                0x0000000000000a64       0x1c arch/arm/cpu/armv7/rk32xx/built-in.o
                0x0000000000000a64                reset_timer_masked
 .text.timer_init
                0x0000000000000a80       0x28 arch/arm/cpu/armv7/rk32xx/built-in.o
                0x0000000000000a80                timer_init
 .text.__udelay
                0x0000000000000aa8       0x88 arch/arm/cpu/armv7/rk32xx/built-in.o
                0x0000000000000aa8                __udelay
 .text.get_timer_masked
                0x0000000000000b30       0x7c arch/arm/cpu/armv7/rk32xx/built-in.o
                0x0000000000000b30                get_timer_masked
 .text.get_timer
                0x0000000000000bac       0x20 arch/arm/cpu/armv7/rk32xx/built-in.o
                0x0000000000000bac                get_timer
 .text.get_ticks
                0x0000000000000bcc       0x10 arch/arm/cpu/armv7/rk32xx/built-in.o
                0x0000000000000bcc                get_ticks
 .text.clk_loop_delayus
                0x0000000000000bdc       0x3c arch/arm/cpu/armv7/rk32xx/built-in.o
 .text.rkclk_pll_wait_lock
                0x0000000000000c18       0x64 arch/arm/cpu/armv7/rk32xx/built-in.o
 .text.rkclk_pll_set_rate
                0x0000000000000c7c      0x164 arch/arm/cpu/armv7/rk32xx/built-in.o
 .text.rkclk_lcdc_aclk_config
                0x0000000000000de0       0x7c arch/arm/cpu/armv7/rk32xx/built-in.o
 .text.rkclk_pll_get_rate
                0x0000000000000e5c       0xa4 arch/arm/cpu/armv7/rk32xx/built-in.o
 .text.rkclk_apll_cb
                0x0000000000000f00       0x9c arch/arm/cpu/armv7/rk32xx/built-in.o
 .text.rkclk_gpll_cb
                0x0000000000000f9c       0xd8 arch/arm/cpu/armv7/rk32xx/built-in.o
 .text.rkclk_set_pll
                0x0000000000001074       0x40 arch/arm/cpu/armv7/rk32xx/built-in.o
                0x0000000000001074                rkclk_set_pll
 .text.rkclk_get_pll
                0x00000000000010b4      0x1a8 arch/arm/cpu/armv7/rk32xx/built-in.o
                0x00000000000010b4                rkclk_get_pll
 .text.rkclk_dump_pll
                0x000000000000125c       0x6c arch/arm/cpu/armv7/rk32xx/built-in.o
                0x000000000000125c                rkclk_dump_pll
 .text.rkclk_set_cpll_rate
                0x00000000000012c8      0x228 arch/arm/cpu/armv7/rk32xx/built-in.o
                0x00000000000012c8                rkclk_set_cpll_rate
 .text.rkclk_lcdc_clk_set
                0x00000000000014f0      0x1b8 arch/arm/cpu/armv7/rk32xx/built-in.o
                0x00000000000014f0                rkclk_lcdc_clk_set
 .text.rkclk_set_mmc_clk_src
                0x00000000000016a8       0x50 arch/arm/cpu/armv7/rk32xx/built-in.o
                0x00000000000016a8                rkclk_set_mmc_clk_src
 .text.rkclk_get_mmc_clk
                0x00000000000016f8       0x7c arch/arm/cpu/armv7/rk32xx/built-in.o
                0x00000000000016f8                rkclk_get_mmc_clk
 .text.rkclk_set_mmc_clk_div
                0x0000000000001774       0x64 arch/arm/cpu/armv7/rk32xx/built-in.o
                0x0000000000001774                rkclk_set_mmc_clk_div
 .text.rkclk_disable_mmc_tuning
                0x00000000000017d8       0x40 arch/arm/cpu/armv7/rk32xx/built-in.o
                0x00000000000017d8                rkclk_disable_mmc_tuning
 .text.rkclk_get_pwm_clk
                0x0000000000001818        0x8 arch/arm/cpu/armv7/rk32xx/built-in.o
                0x0000000000001818                rkclk_get_pwm_clk
 .text.rkclk_get_i2c_clk
                0x0000000000001820       0x10 arch/arm/cpu/armv7/rk32xx/built-in.o
                0x0000000000001820                rkclk_get_i2c_clk
 .text.rkclk_set_crypto_clk
                0x0000000000001830       0x3c arch/arm/cpu/armv7/rk32xx/built-in.o
                0x0000000000001830                rkclk_set_crypto_clk
 .text.gic_handler_enable
                0x000000000000186c       0xb4 arch/arm/cpu/armv7/rk32xx/built-in.o
 .text.gpio_irq_handler
                0x0000000000001920       0xf8 arch/arm/cpu/armv7/rk32xx/built-in.o
 .text.gpio_irq_enable
                0x0000000000001a18       0x4c arch/arm/cpu/armv7/rk32xx/built-in.o
 .text.irq_handler_enable
                0x0000000000001a64       0x30 arch/arm/cpu/armv7/rk32xx/built-in.o
                0x0000000000001a64                irq_handler_enable
 .text.irq_install_handler
                0x0000000000001a94       0x24 arch/arm/cpu/armv7/rk32xx/built-in.o
                0x0000000000001a94                irq_install_handler
 .text.do_irq   0x0000000000001ab8       0x48 arch/arm/cpu/armv7/rk32xx/built-in.o
                0x0000000000001ab8                do_irq
 .text.arch_interrupt_init
                0x0000000000001b00      0x110 arch/arm/cpu/armv7/rk32xx/built-in.o
                0x0000000000001b00                arch_interrupt_init
 .text.dram_init
                0x0000000000001c10       0x94 arch/arm/cpu/armv7/rk32xx/built-in.o
                0x0000000000001c10                dram_init
 .text.dram_init_banksize
                0x0000000000001ca4      0x100 arch/arm/cpu/armv7/rk32xx/built-in.o
                0x0000000000001ca4                dram_init_banksize
 .text.rk_iomux_sdcard_save
                0x0000000000001da4       0x28 arch/arm/cpu/armv7/rk32xx/built-in.o
                0x0000000000001da4                rk_iomux_sdcard_save
 .text.rk_iomux_sdcard_restore
                0x0000000000001dcc       0x24 arch/arm/cpu/armv7/rk32xx/built-in.o
                0x0000000000001dcc                rk_iomux_sdcard_restore
 .text.rk_iomux_config
                0x0000000000001df0      0x2e4 arch/arm/cpu/armv7/rk32xx/built-in.o
                0x0000000000001df0                rk_iomux_config
 .text.rk_module_deinit
                0x00000000000020d4       0x34 arch/arm/cpu/armv7/rk32xx/built-in.o
                0x00000000000020d4                rk_module_deinit
 .text.reset_cpu
                0x0000000000002108       0x40 arch/arm/cpu/armv7/rk32xx/built-in.o
                0x0000000000002108                reset_cpu
 .text.rk_pwm_config
                0x0000000000002148      0x324 arch/arm/cpu/armv7/rk32xx/built-in.o
                0x0000000000002148                rk_pwm_config
 .text          0x000000000000246c       0xfc arch/arm/lib/built-in.o
                0x000000000000246c                _main
                0x0000000000002504                relocate_code
 .text.arch_fixup_fdt
                0x0000000000002568      0x120 arch/arm/lib/built-in.o
                0x0000000000002568                arch_fixup_fdt
 .text.boot_jump_linux
                0x0000000000002688       0xb8 arch/arm/lib/built-in.o
 .text.arch_lmb_reserve
                0x0000000000002740       0x24 arch/arm/lib/built-in.o
                0x0000000000002740                arch_lmb_reserve
 .text.setup_board_tags
                0x0000000000002764        0x4 arch/arm/lib/built-in.o
                0x0000000000002764                setup_board_tags
 .text.boot_prep_linux
                0x0000000000002768      0x17c arch/arm/lib/built-in.o
 .text.do_bootm_linux
                0x00000000000028e4       0x60 arch/arm/lib/built-in.o
                0x00000000000028e4                do_bootm_linux
 .text.arch_reserve_stacks
                0x0000000000002944       0x34 arch/arm/lib/built-in.o
                0x0000000000002944                arch_reserve_stacks
 .text.interrupt_init
                0x0000000000002978       0x6c arch/arm/lib/built-in.o
                0x0000000000002978                interrupt_init
 .text.enable_interrupts
                0x00000000000029e4       0x10 arch/arm/lib/built-in.o
                0x00000000000029e4                enable_interrupts
 .text.disable_interrupts
                0x00000000000029f4       0x18 arch/arm/lib/built-in.o
                0x00000000000029f4                disable_interrupts
 .text.bad_mode
                0x0000000000002a0c       0x10 arch/arm/lib/built-in.o
                0x0000000000002a0c                bad_mode
 .text.show_regs
                0x0000000000002a1c      0x13c arch/arm/lib/built-in.o
                0x0000000000002a1c                show_regs
 .text.do_undefined_instruction
                0x0000000000002b58       0x20 arch/arm/lib/built-in.o
                0x0000000000002b58                do_undefined_instruction
 .text.do_software_interrupt
                0x0000000000002b78       0x20 arch/arm/lib/built-in.o
                0x0000000000002b78                do_software_interrupt
 .text.do_prefetch_abort
                0x0000000000002b98       0x20 arch/arm/lib/built-in.o
                0x0000000000002b98                do_prefetch_abort
 .text.do_data_abort
                0x0000000000002bb8       0x20 arch/arm/lib/built-in.o
                0x0000000000002bb8                do_data_abort
 .text.do_not_used
                0x0000000000002bd8       0x20 arch/arm/lib/built-in.o
                0x0000000000002bd8                do_not_used
 .text.do_fiq   0x0000000000002bf8       0x20 arch/arm/lib/built-in.o
                0x0000000000002bf8                do_fiq
 .text.reset_misc
                0x0000000000002c18        0x4 arch/arm/lib/built-in.o
                0x0000000000002c18                reset_misc
 .text.do_reset
                0x0000000000002c1c       0x30 arch/arm/lib/built-in.o
                0x0000000000002c1c                do_reset
 .text.cp_delay
                0x0000000000002c4c       0x30 arch/arm/lib/built-in.o
 .text.arm_init_domains
                0x0000000000002c7c        0x4 arch/arm/lib/built-in.o
                0x0000000000002c7c                arm_init_domains
 .text.set_section_dcache
                0x0000000000002c80       0x14 arch/arm/lib/built-in.o
                0x0000000000002c80                set_section_dcache
 .text.dram_bank_mmu_setup
                0x0000000000002c94       0x4c arch/arm/lib/built-in.o
                0x0000000000002c94                dram_bank_mmu_setup
 .text.icache_disable
                0x0000000000002ce0       0x1c arch/arm/lib/built-in.o
                0x0000000000002ce0                icache_disable
 .text.dcache_enable
                0x0000000000002cfc       0x6c arch/arm/lib/built-in.o
                0x0000000000002cfc                dcache_enable
 .text.dcache_disable
                0x0000000000002d68       0x28 arch/arm/lib/built-in.o
                0x0000000000002d68                dcache_disable
 .text.CRC_32CheckBuffer
                0x0000000000002d90       0x54 board/rockchip/common/built-in.o
                0x0000000000002d90                CRC_32CheckBuffer
 .text.dmult    0x0000000000002de4       0x68 board/rockchip/common/built-in.o
 .text.NN_Digits.part.2
                0x0000000000002e4c       0x2c board/rockchip/common/built-in.o
 .text.NN_Cmp   0x0000000000002e78       0x50 board/rockchip/common/built-in.o
                0x0000000000002e78                NN_Cmp
 .text.NN_Assign
                0x0000000000002ec8       0x24 board/rockchip/common/built-in.o
                0x0000000000002ec8                NN_Assign
 .text.NN_Digits
                0x0000000000002eec       0x14 board/rockchip/common/built-in.o
                0x0000000000002eec                NN_Digits
 .text.NN_AssignZero
                0x0000000000002f00       0x1c board/rockchip/common/built-in.o
                0x0000000000002f00                NN_AssignZero
 .text.NN_Sub   0x0000000000002f1c       0x6c board/rockchip/common/built-in.o
                0x0000000000002f1c                NN_Sub
 .text.NN_Mult  0x0000000000002f88      0x110 board/rockchip/common/built-in.o
                0x0000000000002f88                NN_Mult
 .text.NN_LShift
                0x0000000000003098       0x54 board/rockchip/common/built-in.o
                0x0000000000003098                NN_LShift
 .text.NN_RShift
                0x00000000000030ec       0x58 board/rockchip/common/built-in.o
                0x00000000000030ec                NN_RShift
 .text.NN_Div   0x0000000000003144      0x38c board/rockchip/common/built-in.o
                0x0000000000003144                NN_Div
 .text.NN_Mod   0x00000000000034d0       0x3c board/rockchip/common/built-in.o
                0x00000000000034d0                NN_Mod
 .text.NN_ModMult
                0x000000000000350c       0x40 board/rockchip/common/built-in.o
                0x000000000000350c                NN_ModMult
 .text.NN_ModExp
                0x000000000000354c      0x160 board/rockchip/common/built-in.o
                0x000000000000354c                NN_ModExp
 .text.NN_Decode
                0x00000000000036ac       0x80 board/rockchip/common/built-in.o
                0x00000000000036ac                NN_Decode
 .text.NN_Encode
                0x000000000000372c       0x7c board/rockchip/common/built-in.o
                0x000000000000372c                NN_Encode
 .text.rsapublicfunc.constprop.5
                0x00000000000037a8       0xf8 board/rockchip/common/built-in.o
 .text.rsaDecodeHash
                0x00000000000038a0       0x64 board/rockchip/common/built-in.o
                0x00000000000038a0                rsaDecodeHash
 .text.rsaCheckMD5
                0x0000000000003904       0x80 board/rockchip/common/built-in.o
                0x0000000000003904                rsaCheckMD5
 .text.P_RC4    0x0000000000003984      0x11c board/rockchip/common/built-in.o
                0x0000000000003984                P_RC4
 .text.ftl_memset
                0x0000000000003aa0        0x4 board/rockchip/common/built-in.o
                0x0000000000003aa0                ftl_memset
 .text.ftl_memcpy
                0x0000000000003aa4       0x4c board/rockchip/common/built-in.o
                0x0000000000003aa4                ftl_memcpy
 .text.ftl_memcmp
                0x0000000000003af0        0x4 board/rockchip/common/built-in.o
                0x0000000000003af0                ftl_memcmp
 .text.DRVDelayUs
                0x0000000000003af4        0x4 board/rockchip/common/built-in.o
                0x0000000000003af4                DRVDelayUs
 .text.CacheFlushDRegion
                0x0000000000003af8        0x4 board/rockchip/common/built-in.o
                0x0000000000003af8                CacheFlushDRegion
 .text.CacheInvalidateDRegion
                0x0000000000003afc        0x8 board/rockchip/common/built-in.o
                0x0000000000003afc                CacheInvalidateDRegion
 .text.IReadLoaderFlag
                0x0000000000003b04       0x10 board/rockchip/common/built-in.o
                0x0000000000003b04                IReadLoaderFlag
 .text.ISetLoaderFlag
                0x0000000000003b14       0x10 board/rockchip/common/built-in.o
                0x0000000000003b14                ISetLoaderFlag
 .text.GetMmcCLK
                0x0000000000003b24       0x28 board/rockchip/common/built-in.o
                0x0000000000003b24                GetMmcCLK
 .text.SDCReset
                0x0000000000003b4c       0x78 board/rockchip/common/built-in.o
                0x0000000000003b4c                SDCReset
 .text.SCUSelSDClk
                0x0000000000003bc4        0x4 board/rockchip/common/built-in.o
                0x0000000000003bc4                SCUSelSDClk
 .text.sdmmcGpioInit
                0x0000000000003bc8       0x1c board/rockchip/common/built-in.o
                0x0000000000003bc8                sdmmcGpioInit
 .text.FW_NandDeInit
                0x0000000000003be4       0x28 board/rockchip/common/built-in.o
                0x0000000000003be4                FW_NandDeInit
 .text.rkplat_uart2UsbEn
                0x0000000000003c0c       0x48 board/rockchip/common/built-in.o
                0x0000000000003c0c                rkplat_uart2UsbEn
 .text.ParseAtoi
                0x0000000000003c54       0xa0 board/rockchip/common/built-in.o
 .text.find_mtd_part
                0x0000000000003cf4       0x4c board/rockchip/common/built-in.o
 .text.memparse
                0x0000000000003d40       0x68 board/rockchip/common/built-in.o
 .text.get_part
                0x0000000000003da8      0x1c4 board/rockchip/common/built-in.o
 .text.CheckParam
                0x0000000000003f6c       0x80 board/rockchip/common/built-in.o
                0x0000000000003f6c                CheckParam
 .text.GetParam
                0x0000000000003fec       0x8c board/rockchip/common/built-in.o
                0x0000000000003fec                GetParam
 .text.ParseParam
                0x0000000000004078      0x6d4 board/rockchip/common/built-in.o
                0x0000000000004078                ParseParam
 .text.get_disk_partition
                0x000000000000474c       0x54 board/rockchip/common/built-in.o
                0x000000000000474c                get_disk_partition
 .text.load_disk_partitions
                0x00000000000047a0       0xa0 board/rockchip/common/built-in.o
                0x00000000000047a0                load_disk_partitions
 .text.FindIDBlock.constprop.3
                0x0000000000004840      0x128 board/rockchip/common/built-in.o
 .text.rkidb_update_loader
                0x0000000000004968      0x99c board/rockchip/common/built-in.o
                0x0000000000004968                rkidb_update_loader
 .text.rkidb_setup_space
                0x0000000000005304       0x58 board/rockchip/common/built-in.o
                0x0000000000005304                rkidb_setup_space
 .text.rkidb_get_idblk_data
                0x000000000000535c       0x2c board/rockchip/common/built-in.o
                0x000000000000535c                rkidb_get_idblk_data
 .text.rkidb_get_bootloader_ver
                0x0000000000005388       0x98 board/rockchip/common/built-in.o
                0x0000000000005388                rkidb_get_bootloader_ver
 .text.rkidb_get_sn
                0x0000000000005420       0x68 board/rockchip/common/built-in.o
                0x0000000000005420                rkidb_get_sn
 .text.rkloader_CopyFlash2Memory
                0x0000000000005488       0x8c board/rockchip/common/built-in.o
                0x0000000000005488                rkloader_CopyFlash2Memory
 .text.rkloader_CopyMemory2Flash
                0x0000000000005514       0x64 board/rockchip/common/built-in.o
                0x0000000000005514                rkloader_CopyMemory2Flash
 .text.rkloader_change_cmd_for_recovery
                0x0000000000005578      0x114 board/rockchip/common/built-in.o
                0x0000000000005578                rkloader_change_cmd_for_recovery
 .text.rkloader_run_misc_cmd
                0x000000000000568c      0x24c board/rockchip/common/built-in.o
                0x000000000000568c                rkloader_run_misc_cmd
 .text.rkloader_fixInitrd
                0x00000000000058d8       0xc0 board/rockchip/common/built-in.o
                0x00000000000058d8                rkloader_fixInitrd
 .text.rkloader_set_bootloader_msg
                0x0000000000005998       0x64 board/rockchip/common/built-in.o
                0x0000000000005998                rkloader_set_bootloader_msg
 .text.rkimg_handleDirectDownload
                0x00000000000059fc       0xa0 board/rockchip/common/built-in.o
 .text.rkimg_load_image
                0x0000000000005a9c       0xac board/rockchip/common/built-in.o
 .text.rkimg_noBuffer
                0x0000000000005b48       0x34 board/rockchip/common/built-in.o
 .text.rkimg_handleSparseDownload
                0x0000000000005b7c      0x1cc board/rockchip/common/built-in.o
 .text.rkimg_ImageDownload.part.1
                0x0000000000005d48       0x54 board/rockchip/common/built-in.o
 .text.rkimage_load_image
                0x0000000000005d9c       0x78 board/rockchip/common/built-in.o
                0x0000000000005d9c                rkimage_load_image
 .text.rkimage_partition_erase
                0x0000000000005e14       0x1c board/rockchip/common/built-in.o
                0x0000000000005e14                rkimage_partition_erase
 .text.rkimage_store_image
                0x0000000000005e30      0x7c4 board/rockchip/common/built-in.o
                0x0000000000005e30                rkimage_store_image
 .text.rkimage_handleDownload
                0x00000000000065f4      0x1d8 board/rockchip/common/built-in.o
                0x00000000000065f4                rkimage_handleDownload
 .text.rkimage_load_fdt
                0x00000000000067cc      0x180 board/rockchip/common/built-in.o
                0x00000000000067cc                rkimage_load_fdt
 .text.rkimage_load_fdt_ram
                0x000000000000694c       0x94 board/rockchip/common/built-in.o
                0x000000000000694c                rkimage_load_fdt_ram
 .text.rkimage_prepare_fdt
                0x00000000000069e0       0x94 board/rockchip/common/built-in.o
                0x00000000000069e0                rkimage_prepare_fdt
 .text.GetPortState
                0x0000000000006a74       0xc4 board/rockchip/common/built-in.o
 .text.checkKey
                0x0000000000006b38       0x88 board/rockchip/common/built-in.o
                0x0000000000006b38                checkKey
 .text.key_init
                0x0000000000006bc0      0x1dc board/rockchip/common/built-in.o
                0x0000000000006bc0                key_init
 .text.powerOn  0x0000000000006d9c       0x20 board/rockchip/common/built-in.o
                0x0000000000006d9c                powerOn
 .text.board_fbt_request_start_fastboot
                0x0000000000006dbc       0x54 board/rockchip/common/built-in.o
 .text.backupboot_to_back
                0x0000000000006e10       0x60 board/rockchip/common/built-in.o
                0x0000000000006e10                backupboot_to_back
 .text.backfs   0x0000000000006e70      0x10c board/rockchip/common/built-in.o
                0x0000000000006e70                backfs
 .text.read_flag_of_backfs
                0x0000000000006f7c       0x68 board/rockchip/common/built-in.o
                0x0000000000006f7c                read_flag_of_backfs
 .text.read_flag_of_back
                0x0000000000006fe4       0x68 board/rockchip/common/built-in.o
                0x0000000000006fe4                read_flag_of_back
 .text.write_flag_of_back
                0x000000000000704c       0x88 board/rockchip/common/built-in.o
                0x000000000000704c                write_flag_of_back
 .text.write_flag_of_backfs
                0x00000000000070d4       0x8c board/rockchip/common/built-in.o
                0x00000000000070d4                write_flag_of_backfs
 .text.board_fbt_run_recovery
                0x0000000000007160       0x98 board/rockchip/common/built-in.o
 .text.board_fbt_set_reboot_type
                0x00000000000071f8       0x6c board/rockchip/common/built-in.o
                0x00000000000071f8                board_fbt_set_reboot_type
 .text.board_fbt_get_reboot_type
                0x0000000000007264       0xf0 board/rockchip/common/built-in.o
                0x0000000000007264                board_fbt_get_reboot_type
 .text.board_fbt_key_pressed
                0x0000000000007354       0xd0 board/rockchip/common/built-in.o
                0x0000000000007354                board_fbt_key_pressed
 .text.board_fbt_finalize_bootargs
                0x0000000000007424       0x60 board/rockchip/common/built-in.o
                0x0000000000007424                board_fbt_finalize_bootargs
 .text.board_fbt_boot_failed
                0x0000000000007484       0xcc board/rockchip/common/built-in.o
                0x0000000000007484                board_fbt_boot_failed
 .text.board_fbt_oem
                0x0000000000007550        0x8 board/rockchip/common/built-in.o
                0x0000000000007550                board_fbt_oem
 .text.board_fbt_handle_erase
                0x0000000000007558        0x4 board/rockchip/common/built-in.o
                0x0000000000007558                board_fbt_handle_erase
 .text.board_fbt_handle_flash
                0x000000000000755c        0x4 board/rockchip/common/built-in.o
                0x000000000000755c                board_fbt_handle_flash
 .text.board_fbt_handle_download
                0x0000000000007560        0x4 board/rockchip/common/built-in.o
                0x0000000000007560                board_fbt_handle_download
 .text.board_fbt_load_partition_table
                0x0000000000007564        0x4 board/rockchip/common/built-in.o
                0x0000000000007564                board_fbt_load_partition_table
 .text.board_fbt_get_partition
                0x0000000000007568        0x4 board/rockchip/common/built-in.o
                0x0000000000007568                board_fbt_get_partition
 .text.board_fbt_run_recovery_wipe_data
                0x000000000000756c       0x88 board/rockchip/common/built-in.o
                0x000000000000756c                board_fbt_run_recovery_wipe_data
 .text.board_fbt_preboot
                0x00000000000075f4      0x318 board/rockchip/common/built-in.o
                0x00000000000075f4                board_fbt_preboot
 .text.MMC_AccessBootPartition
                0x000000000000790c       0x6c board/rockchip/common/built-in.o
                0x000000000000790c                MMC_AccessBootPartition
 .text.MMC_SetBootBusWidth
                0x0000000000007978       0x78 board/rockchip/common/built-in.o
                0x0000000000007978                MMC_SetBootBusWidth
 .text.MMC_SwitchBoot
                0x00000000000079f0       0x78 board/rockchip/common/built-in.o
                0x00000000000079f0                MMC_SwitchBoot
 .text.MMC_Init
                0x0000000000007a68      0x708 board/rockchip/common/built-in.o
                0x0000000000007a68                MMC_Init
 .text._SD_DecodeCID
                0x0000000000008170       0x88 board/rockchip/common/built-in.o
 .text._SD_DecodeCSD
                0x00000000000081f8       0xf0 board/rockchip/common/built-in.o
 .text.unlikely._SD_SwitchFunction
                0x00000000000082e8      0x3f8 board/rockchip/common/built-in.o
 .text.SD1X_Init
                0x00000000000086e0      0x218 board/rockchip/common/built-in.o
                0x00000000000086e0                SD1X_Init
 .text.SD20_Init
                0x00000000000088f8      0x24c board/rockchip/common/built-in.o
                0x00000000000088f8                SD20_Init
 .text.SDC_ResetFIFO
                0x0000000000008b44       0x70 board/rockchip/common/built-in.o
 .text.unlikely._ReadRemainData
                0x0000000000008bb4      0x110 board/rockchip/common/built-in.o
 .text._ControlClock
                0x0000000000008cc4       0xdc board/rockchip/common/built-in.o
 .text._WaitCardBusy
                0x0000000000008da0       0x70 board/rockchip/common/built-in.o
 .text._ChangeFreq
                0x0000000000008e10      0x1bc board/rockchip/common/built-in.o
 .text.eMMC_SetDataHigh
                0x0000000000008fcc       0x20 board/rockchip/common/built-in.o
                0x0000000000008fcc                eMMC_SetDataHigh
 .text.SDC_IsCardIdValid
                0x0000000000008fec       0x10 board/rockchip/common/built-in.o
                0x0000000000008fec                SDC_IsCardIdValid
 .text.SDC_IsCardWriteProtected
                0x0000000000008ffc        0x8 board/rockchip/common/built-in.o
                0x0000000000008ffc                SDC_IsCardWriteProtected
 .text.SDC_GetHostBusWidth
                0x0000000000009004       0x20 board/rockchip/common/built-in.o
                0x0000000000009004                SDC_GetHostBusWidth
 .text.SDC_SetHostBusWidth
                0x0000000000009024       0x80 board/rockchip/common/built-in.o
                0x0000000000009024                SDC_SetHostBusWidth
 .text.SDC_ResetController
                0x00000000000090a4      0x168 board/rockchip/common/built-in.o
                0x00000000000090a4                SDC_ResetController
 .text.SDC_Init
                0x000000000000920c      0x154 board/rockchip/common/built-in.o
                0x000000000000920c                SDC_Init
 .text.SDC_UpdateCardFreq
                0x0000000000009360       0x2c board/rockchip/common/built-in.o
                0x0000000000009360                SDC_UpdateCardFreq
 .text.SDC_ControlPower
                0x000000000000938c       0x24 board/rockchip/common/built-in.o
                0x000000000000938c                SDC_ControlPower
 .text.SDC_BusRequest
                0x00000000000093b0      0xa08 board/rockchip/common/built-in.o
                0x00000000000093b0                SDC_BusRequest
 .text._DataErrorHandle
                0x0000000000009db8       0xa4 board/rockchip/common/built-in.o
 .text._ResponseTimeoutHandle
                0x0000000000009e5c       0xc8 board/rockchip/common/built-in.o
 .text._SDMMC_Write
                0x0000000000009f24      0x194 board/rockchip/common/built-in.o
 .text._SDMMC_Read
                0x000000000000a0b8      0x1f0 board/rockchip/common/built-in.o
 .text._GenerateRCA
                0x000000000000a2a8       0x3c board/rockchip/common/built-in.o
                0x000000000000a2a8                _GenerateRCA
 .text._IsRCAUsable
                0x000000000000a2e4       0x3c board/rockchip/common/built-in.o
                0x000000000000a2e4                _IsRCAUsable
 .text._Identify_SendCmd
                0x000000000000a320        0x4 board/rockchip/common/built-in.o
                0x000000000000a320                _Identify_SendCmd
 .text._Identify_SendAppCmd
                0x000000000000a324       0x80 board/rockchip/common/built-in.o
                0x000000000000a324                _Identify_SendAppCmd
 .text.SDM_Init
                0x000000000000a3a4       0x50 board/rockchip/common/built-in.o
                0x000000000000a3a4                SDM_Init
 .text.SDM_Open
                0x000000000000a3f4       0x58 board/rockchip/common/built-in.o
                0x000000000000a3f4                SDM_Open
 .text.SDM_Read
                0x000000000000a44c      0x118 board/rockchip/common/built-in.o
                0x000000000000a44c                SDM_Read
 .text.SDM_Write
                0x000000000000a564      0x128 board/rockchip/common/built-in.o
                0x000000000000a564                SDM_Write
 .text.SDM_IOCtrl
                0x000000000000a68c      0x4e0 board/rockchip/common/built-in.o
                0x000000000000a68c                SDM_IOCtrl
 .text.SDOAM_Delay
                0x000000000000ab6c        0x4 board/rockchip/common/built-in.o
                0x000000000000ab6c                SDOAM_Delay
 .text.SDOAM_SendMsg
                0x000000000000ab70        0x4 board/rockchip/common/built-in.o
                0x000000000000ab70                SDOAM_SendMsg
 .text.SDOAM_CreateMutex
                0x000000000000ab74       0x3c board/rockchip/common/built-in.o
                0x000000000000ab74                SDOAM_CreateMutex
 .text.SDOAM_RequestMutex
                0x000000000000abb0        0x4 board/rockchip/common/built-in.o
                0x000000000000abb0                SDOAM_RequestMutex
 .text.SDOAM_ReleaseMutex
                0x000000000000abb4        0x4 board/rockchip/common/built-in.o
                0x000000000000abb4                SDOAM_ReleaseMutex
 .text.SDOAM_CreateEvent
                0x000000000000abb8       0x3c board/rockchip/common/built-in.o
                0x000000000000abb8                SDOAM_CreateEvent
 .text.SDPAM_FlushCache
                0x000000000000abf4        0x4 board/rockchip/common/built-in.o
                0x000000000000abf4                SDPAM_FlushCache
 .text.SDPAM_CleanCache
                0x000000000000abf8        0x4 board/rockchip/common/built-in.o
                0x000000000000abf8                SDPAM_CleanCache
 .text.SDPAM_InvalidateCache
                0x000000000000abfc        0x4 board/rockchip/common/built-in.o
                0x000000000000abfc                SDPAM_InvalidateCache
 .text.SDPAM_GetAHBFreq
                0x000000000000ac00        0x4 board/rockchip/common/built-in.o
                0x000000000000ac00                SDPAM_GetAHBFreq
 .text.SDPAM_SDCClkEnable
                0x000000000000ac04        0x4 board/rockchip/common/built-in.o
                0x000000000000ac04                SDPAM_SDCClkEnable
 .text.SDPAM_SDCReset
                0x000000000000ac08       0x14 board/rockchip/common/built-in.o
                0x000000000000ac08                SDPAM_SDCReset
 .text.SDPAM_SetMmcClkDiv
                0x000000000000ac1c       0x14 board/rockchip/common/built-in.o
                0x000000000000ac1c                SDPAM_SetMmcClkDiv
 .text.SDPAM_IOMUX_SetSDPort
                0x000000000000ac30        0x8 board/rockchip/common/built-in.o
                0x000000000000ac30                SDPAM_IOMUX_SetSDPort
 .text.SDPAM_ControlPower
                0x000000000000ac38        0x4 board/rockchip/common/built-in.o
                0x000000000000ac38                SDPAM_ControlPower
 .text.SdmmcReinit
                0x000000000000ac3c       0x7c board/rockchip/common/built-in.o
                0x000000000000ac3c                SdmmcReinit
 .text.SdmmcInit
                0x000000000000acb8      0x154 board/rockchip/common/built-in.o
                0x000000000000acb8                SdmmcInit
 .text.SdmmcDeInit
                0x000000000000ae0c        0x8 board/rockchip/common/built-in.o
                0x000000000000ae0c                SdmmcDeInit
 .text.SdmmcBootWritePBA
                0x000000000000ae14       0xc4 board/rockchip/common/built-in.o
                0x000000000000ae14                SdmmcBootWritePBA
 .text.SdmmcBootReadPBA
                0x000000000000aed8       0xc8 board/rockchip/common/built-in.o
                0x000000000000aed8                SdmmcBootReadPBA
 .text.SdmmcBootReadLBA
                0x000000000000afa0       0x6c board/rockchip/common/built-in.o
                0x000000000000afa0                SdmmcBootReadLBA
 .text.SdmmcBootWriteLBA
                0x000000000000b00c       0x40 board/rockchip/common/built-in.o
                0x000000000000b00c                SdmmcBootWriteLBA
 .text.SdmmcReadID
                0x000000000000b04c       0x28 board/rockchip/common/built-in.o
                0x000000000000b04c                SdmmcReadID
 .text.SdmmcReadFlashInfo
                0x000000000000b074       0xa8 board/rockchip/common/built-in.o
                0x000000000000b074                SdmmcReadFlashInfo
 .text.SdmmcGetCapacity
                0x000000000000b11c       0x20 board/rockchip/common/built-in.o
                0x000000000000b11c                SdmmcGetCapacity
 .text.SdmmcSysDataLoad
                0x000000000000b13c       0x34 board/rockchip/common/built-in.o
                0x000000000000b13c                SdmmcSysDataLoad
 .text.SdmmcSysDataStore
                0x000000000000b170       0x34 board/rockchip/common/built-in.o
                0x000000000000b170                SdmmcSysDataStore
 .text.SdmmcGetFwOffset
                0x000000000000b1a4       0x24 board/rockchip/common/built-in.o
                0x000000000000b1a4                SdmmcGetFwOffset
 .text.SdmmcGetSysOffset
                0x000000000000b1c8       0x24 board/rockchip/common/built-in.o
                0x000000000000b1c8                SdmmcGetSysOffset
 .text.SdmmcBootErase
                0x000000000000b1ec        0x8 board/rockchip/common/built-in.o
                0x000000000000b1ec                SdmmcBootErase
 .text.SdmmcCheckIdBlock
                0x000000000000b1f4        0x4 board/rockchip/common/built-in.o
                0x000000000000b1f4                SdmmcCheckIdBlock
 .text.SdmmcGetSDCardBootMode
                0x000000000000b1f8       0x10 board/rockchip/common/built-in.o
                0x000000000000b1f8                SdmmcGetSDCardBootMode
 .text.CryptoSHAInit
                0x000000000000b208       0x58 board/rockchip/common/built-in.o
                0x000000000000b208                CryptoSHAInit
 .text.CryptoSHAStart
                0x000000000000b260       0x58 board/rockchip/common/built-in.o
                0x000000000000b260                CryptoSHAStart
 .text.CryptoSHAEnd
                0x000000000000b2b8       0x50 board/rockchip/common/built-in.o
                0x000000000000b2b8                CryptoSHAEnd
 .text.CryptoRSAStart
                0x000000000000b308       0x94 board/rockchip/common/built-in.o
                0x000000000000b308                CryptoRSAStart
 .text.CryptoRSAEnd
                0x000000000000b39c       0x3c board/rockchip/common/built-in.o
                0x000000000000b39c                CryptoRSAEnd
 .text.CryptoRSAInit
                0x000000000000b3d8       0x3c board/rockchip/common/built-in.o
                0x000000000000b3d8                CryptoRSAInit
 .text.CryptoInit
                0x000000000000b414        0xc board/rockchip/common/built-in.o
                0x000000000000b414                CryptoInit
 .text.EfuseRead
                0x000000000000b420       0x9c board/rockchip/common/built-in.o
                0x000000000000b420                EfuseRead
 .text.SecureBootCheck
                0x000000000000b4bc       0x5c board/rockchip/common/built-in.o
                0x000000000000b4bc                SecureBootCheck
 .text.SecureBootUnlock
                0x000000000000b518       0x4c board/rockchip/common/built-in.o
                0x000000000000b518                SecureBootUnlock
 .text.SecureBootUnlockCheck
                0x000000000000b564       0x10 board/rockchip/common/built-in.o
                0x000000000000b564                SecureBootUnlockCheck
 .text.SecureBootLockLoader
                0x000000000000b574        0x4 board/rockchip/common/built-in.o
                0x000000000000b574                SecureBootLockLoader
 .text.SecureBootSetSysData2Kernel
                0x000000000000b578       0xd8 board/rockchip/common/built-in.o
                0x000000000000b578                SecureBootSetSysData2Kernel
 .text.SecureBootImageCheck
                0x000000000000b650        0xc board/rockchip/common/built-in.o
                0x000000000000b650                SecureBootImageCheck
 .text.SecureBootSecureState2Kernel
                0x000000000000b65c       0x24 board/rockchip/common/built-in.o
                0x000000000000b65c                SecureBootSecureState2Kernel
 .text.SecureRKModeChkPubkey
                0x000000000000b680       0x54 board/rockchip/common/built-in.o
 .text.SecureRKModeVerifyLoader
                0x000000000000b6d4       0xa4 board/rockchip/common/built-in.o
 .text.SecureNSModeVerifyLoader
                0x000000000000b778       0x80 board/rockchip/common/built-in.o
 .text.SecureNSModeSignCheck
                0x000000000000b7f8       0x5c board/rockchip/common/built-in.o
 .text.SecureRKModeVerifyBootImage
                0x000000000000b854      0x170 board/rockchip/common/built-in.o
 .text.SecureModeVerifyLoader
                0x000000000000b9c4       0x1c board/rockchip/common/built-in.o
                0x000000000000b9c4                SecureModeVerifyLoader
 .text.SecureModeVerifyUbootImage
                0x000000000000b9e0      0x1fc board/rockchip/common/built-in.o
                0x000000000000b9e0                SecureModeVerifyUbootImage
 .text.SecureModeVerifyBootImage
                0x000000000000bbdc      0x1e0 board/rockchip/common/built-in.o
                0x000000000000bbdc                SecureModeVerifyBootImage
 .text.SecureModeBootImageCheck
                0x000000000000bdbc       0xc4 board/rockchip/common/built-in.o
                0x000000000000bdbc                SecureModeBootImageCheck
 .text.SecureModeRSAKeyCheck
                0x000000000000be80       0xf4 board/rockchip/common/built-in.o
                0x000000000000be80                SecureModeRSAKeyCheck
 .text.SecureModeLockLoader
                0x000000000000bf74       0x64 board/rockchip/common/built-in.o
                0x000000000000bf74                SecureModeLockLoader
 .text.SecureModeInit
                0x000000000000bfd8      0x404 board/rockchip/common/built-in.o
                0x000000000000bfd8                SecureModeInit
 .text.FW_ReIntForUpdate
                0x000000000000c3dc       0x3c board/rockchip/common/built-in.o
                0x000000000000c3dc                FW_ReIntForUpdate
 .text.FW_SorageLowFormatEn
                0x000000000000c418       0x10 board/rockchip/common/built-in.o
                0x000000000000c418                FW_SorageLowFormatEn
 .text.FW_SorageLowFormat
                0x000000000000c428       0x68 board/rockchip/common/built-in.o
                0x000000000000c428                FW_SorageLowFormat
 .text.FW_StorageGetValid
                0x000000000000c490       0x14 board/rockchip/common/built-in.o
                0x000000000000c490                FW_StorageGetValid
 .text.FW_GetCurEraseBlock
                0x000000000000c4a4       0x2c board/rockchip/common/built-in.o
                0x000000000000c4a4                FW_GetCurEraseBlock
 .text.FW_GetTotleBlk
                0x000000000000c4d0       0x2c board/rockchip/common/built-in.o
                0x000000000000c4d0                FW_GetTotleBlk
 .text.StorageReadPba
                0x000000000000c4fc       0x44 board/rockchip/common/built-in.o
                0x000000000000c4fc                StorageReadPba
 .text.StorageWritePba
                0x000000000000c540       0x44 board/rockchip/common/built-in.o
                0x000000000000c540                StorageWritePba
 .text.StorageReadLba
                0x000000000000c584       0x44 board/rockchip/common/built-in.o
                0x000000000000c584                StorageReadLba
 .text.StorageWriteLba
                0x000000000000c5c8       0x4c board/rockchip/common/built-in.o
                0x000000000000c5c8                StorageWriteLba
 .text.StorageGetCapacity
                0x000000000000c614       0x30 board/rockchip/common/built-in.o
                0x000000000000c614                StorageGetCapacity
 .text.StorageSysDataLoad
                0x000000000000c644       0x50 board/rockchip/common/built-in.o
                0x000000000000c644                StorageSysDataLoad
 .text.StorageSysDataStore
                0x000000000000c694       0x3c board/rockchip/common/built-in.o
                0x000000000000c694                StorageSysDataStore
 .text.StorageUbootSysDataLoad
                0x000000000000c6d0        0x8 board/rockchip/common/built-in.o
                0x000000000000c6d0                StorageUbootSysDataLoad
 .text.StorageUbootSysDataStore
                0x000000000000c6d8        0x8 board/rockchip/common/built-in.o
                0x000000000000c6d8                StorageUbootSysDataStore
 .text.StorageVendorSysDataLoad
                0x000000000000c6e0       0x4c board/rockchip/common/built-in.o
                0x000000000000c6e0                StorageVendorSysDataLoad
 .text.StorageVendorSysDataStore
                0x000000000000c72c       0x48 board/rockchip/common/built-in.o
                0x000000000000c72c                StorageVendorSysDataStore
 .text.StorageReadFlashInfo
                0x000000000000c774       0x30 board/rockchip/common/built-in.o
                0x000000000000c774                StorageReadFlashInfo
 .text.StorageInit
                0x000000000000c7a4       0x9c board/rockchip/common/built-in.o
                0x000000000000c7a4                StorageInit
 .text.StorageEraseBlock
                0x000000000000c840       0x5c board/rockchip/common/built-in.o
                0x000000000000c840                StorageEraseBlock
 .text.StorageGetBootMedia
                0x000000000000c89c       0x14 board/rockchip/common/built-in.o
                0x000000000000c89c                StorageGetBootMedia
 .text.StorageGetSDFwOffset
                0x000000000000c8b0       0x28 board/rockchip/common/built-in.o
                0x000000000000c8b0                StorageGetSDFwOffset
 .text.StorageGetSDSysOffset
                0x000000000000c8d8       0x28 board/rockchip/common/built-in.o
                0x000000000000c8d8                StorageGetSDSysOffset
 .text.StorageReadId
                0x000000000000c900       0x38 board/rockchip/common/built-in.o
                0x000000000000c900                StorageReadId
 .text.StorageSDCardUpdateMode
                0x000000000000c938       0x38 board/rockchip/common/built-in.o
                0x000000000000c938                StorageSDCardUpdateMode
 .text.board_lmb_reserve
                0x000000000000c970       0x44 board/rockchip/rk32xx/built-in.o
                0x000000000000c970                board_lmb_reserve
 .text.board_storage_init
                0x000000000000c9b4       0x38 board/rockchip/rk32xx/built-in.o
                0x000000000000c9b4                board_storage_init
 .text.board_init
                0x000000000000c9ec       0x20 board/rockchip/rk32xx/built-in.o
                0x000000000000c9ec                board_init
 .text.checkboard
                0x000000000000ca0c       0x18 board/rockchip/rk32xx/built-in.o
                0x000000000000ca0c                checkboard
 .text.arch_early_init_r
                0x000000000000ca24       0x14 board/rockchip/rk32xx/built-in.o
                0x000000000000ca24                arch_early_init_r
 .text.board_late_init
                0x000000000000ca38      0x158 board/rockchip/rk32xx/built-in.o
                0x000000000000ca38                board_late_init
 .text.show_boot_progress
                0x000000000000cb90        0x4 common/built-in.o
                0x000000000000cb90                show_boot_progress
 .text.main_loop
                0x000000000000cb94       0x40 common/built-in.o
                0x000000000000cb94                main_loop
 .text.find_cmd_tbl
                0x000000000000cbd4       0xa4 common/built-in.o
                0x000000000000cbd4                find_cmd_tbl
 .text.find_cmd
                0x000000000000cc78       0x28 common/built-in.o
                0x000000000000cc78                find_cmd
 .text.cmd_usage
                0x000000000000cca0       0x5c common/built-in.o
                0x000000000000cca0                cmd_usage
 .text._do_help
                0x000000000000ccfc      0x184 common/built-in.o
                0x000000000000ccfc                _do_help
 .text.cmd_process
                0x000000000000ce80       0xc0 common/built-in.o
                0x000000000000ce80                cmd_process
 .text.dummy    0x000000000000cf40        0x4 common/built-in.o
 .text.get_version
                0x000000000000cf44        0x8 common/built-in.o
                0x000000000000cf44                get_version
 .text.jumptable_init
                0x000000000000cf4c      0x190 common/built-in.o
                0x000000000000cf4c                jumptable_init
 .text.b_reset  0x000000000000d0dc       0x1c common/built-in.o
 .text.static_get
                0x000000000000d0f8       0x1c common/built-in.o
 .text.static_peek
                0x000000000000d114        0xc common/built-in.o
 .text.file_peek
                0x000000000000d120        0xc common/built-in.o
 .text.mapset   0x000000000000d12c       0x24 common/built-in.o
 .text.syntax_err
                0x000000000000d150        0xc common/built-in.o
 .text.do_showvar
                0x000000000000d15c       0xf4 common/built-in.o
 .text.xmalloc  0x000000000000d250       0x20 common/built-in.o
 .text.new_pipe
                0x000000000000d270       0x28 common/built-in.o
 .text.free_pipe_list
                0x000000000000d298       0xfc common/built-in.o
 .text.xrealloc
                0x000000000000d394       0x20 common/built-in.o
 .text.done_command
                0x000000000000d3b4       0x8c common/built-in.o
 .text.done_pipe
                0x000000000000d440       0x48 common/built-in.o
 .text.done_word
                0x000000000000d488      0x2e4 common/built-in.o
 .text.is_assignment
                0x000000000000d76c       0x54 common/built-in.o
 .text.file_get
                0x000000000000d7c0      0x1d0 common/built-in.o
 .text.b_addchr
                0x000000000000d990       0x80 common/built-in.o
 .text.b_addqchr
                0x000000000000da10       0x50 common/built-in.o
 .text.get_local_var
                0x000000000000da60       0x98 common/built-in.o
                0x000000000000da60                get_local_var
 .text.set_local_var
                0x000000000000daf8      0x1c0 common/built-in.o
                0x000000000000daf8                set_local_var
 .text.insert_var_value_sub
                0x000000000000dcb8      0x2b0 common/built-in.o
 .text.parse_string_outer
                0x000000000000df68       0xf0 common/built-in.o
                0x000000000000df68                parse_string_outer
 .text.run_list_real
                0x000000000000e058      0x7ec common/built-in.o
 .text.parse_stream_outer
                0x000000000000e844      0x6e8 common/built-in.o
 .text.parse_file_outer
                0x000000000000ef2c       0x44 common/built-in.o
                0x000000000000ef2c                parse_file_outer
 .text.u_boot_hush_start
                0x000000000000ef70       0x54 common/built-in.o
                0x000000000000ef70                u_boot_hush_start
 .text.run_command
                0x000000000000efc4        0x8 common/built-in.o
                0x000000000000efc4                run_command
 .text.run_command_list
                0x000000000000efcc       0x5c common/built-in.o
                0x000000000000efcc                run_command_list
 .text.cli_loop
                0x000000000000f028        0xc common/built-in.o
                0x000000000000f028                cli_loop
 .text.cli_init
                0x000000000000f034        0x4 common/built-in.o
                0x000000000000f034                cli_init
 .text.delete_char.part.0
                0x000000000000f038       0xd4 common/built-in.o
 .text.cli_readline_into_buffer
                0x000000000000f10c      0x1f0 common/built-in.o
                0x000000000000f10c                cli_readline_into_buffer
 .text.cli_readline
                0x000000000000f2fc       0x14 common/built-in.o
                0x000000000000f2fc                cli_readline
 .text.bootdelay_process
                0x000000000000f310       0x48 common/built-in.o
                0x000000000000f310                bootdelay_process
 .text.autoboot_command
                0x000000000000f358       0xd8 common/built-in.o
                0x000000000000f358                autoboot_command
 .text.display_text_info
                0x000000000000f430        0x8 common/built-in.o
 .text.setup_mon_len
                0x000000000000f438       0x20 common/built-in.o
 .text.setup_fdt
                0x000000000000f458        0x8 common/built-in.o
 .text.reserve_round_4k
                0x000000000000f460       0x18 common/built-in.o
 .text.reserve_mmu
                0x000000000000f478       0x38 common/built-in.o
 .text.reserve_lcd
                0x000000000000f4b0       0x14 common/built-in.o
 .text.reserve_trace
                0x000000000000f4c4        0x8 common/built-in.o
 .text.reserve_global_buffers
                0x000000000000f4cc       0x4c common/built-in.o
 .text.reserve_uboot
                0x000000000000f518       0x30 common/built-in.o
 .text.reserve_malloc
                0x000000000000f548       0x18 common/built-in.o
 .text.setup_machine
                0x000000000000f560        0x8 common/built-in.o
 .text.reserve_global_data
                0x000000000000f568       0x1c common/built-in.o
 .text.reserve_fdt
                0x000000000000f584       0x4c common/built-in.o
 .text.display_new_sp
                0x000000000000f5d0        0x8 common/built-in.o
 .text.initf_malloc
                0x000000000000f5d8        0x8 common/built-in.o
 .text.initf_dm
                0x000000000000f5e0        0x8 common/built-in.o
 .text.setup_reloc
                0x000000000000f5e8       0x24 common/built-in.o
 .text.reloc_fdt
                0x000000000000f60c       0x30 common/built-in.o
 .text.announce_dram_init
                0x000000000000f63c       0x18 common/built-in.o
 .text.init_baud_rate
                0x000000000000f654       0x2c common/built-in.o
 .text.mark_bootstage
                0x000000000000f680       0x14 common/built-in.o
 .text.reserve_board
                0x000000000000f694       0x38 common/built-in.o
 .text.coloured_LED_init
                0x000000000000f6cc        0x4 common/built-in.o
                0x000000000000f6cc                coloured_LED_init
 .text.red_led_on
                0x000000000000f6d0        0x4 common/built-in.o
                0x000000000000f6d0                red_led_on
 .text.board_add_ram_info
                0x000000000000f6d4        0x4 common/built-in.o
                0x000000000000f6d4                board_add_ram_info
 .text.show_dram_config
                0x000000000000f6d8       0x38 common/built-in.o
 .text.setup_dram_config
                0x000000000000f710       0x10 common/built-in.o
 .text.board_get_usable_ram_top
                0x000000000000f720        0x8 common/built-in.o
                0x000000000000f720                board_get_usable_ram_top
 .text.setup_dest_addr
                0x000000000000f728       0x40 common/built-in.o
 .text.reserve_stacks
                0x000000000000f768       0x1c common/built-in.o
 .text.board_init_f
                0x000000000000f784       0x28 common/built-in.o
                0x000000000000f784                board_init_f
 .text.bootstage_relocate
                0x000000000000f7ac        0x8 common/built-in.o
 .text.initr_trace
                0x000000000000f7b4        0x8 common/built-in.o
 .text.initr_reloc_global_data
                0x000000000000f7bc       0x28 common/built-in.o
 .text.initr_barrier
                0x000000000000f7e4        0x8 common/built-in.o
 .text.power_init_board
                0x000000000000f7ec        0x8 common/built-in.o
                0x000000000000f7ec                power_init_board
 .text.initr_announce
                0x000000000000f7f4        0x8 common/built-in.o
 .text.run_main_loop
                0x000000000000f7fc        0xc common/built-in.o
 .text.initr_enable_interrupts
                0x000000000000f808       0x10 common/built-in.o
 .text.initr_jumptable
                0x000000000000f818       0x10 common/built-in.o
 .text.initr_env
                0x000000000000f828       0x30 common/built-in.o
 .text.initr_rk_storage
                0x000000000000f858       0x10 common/built-in.o
 .text.initr_serial
                0x000000000000f868       0x10 common/built-in.o
 .text.initr_malloc
                0x000000000000f878       0x24 common/built-in.o
 .text.initr_caches
                0x000000000000f89c       0x10 common/built-in.o
 .text.initr_reloc
                0x000000000000f8ac       0x20 common/built-in.o
 .text.cpu_secondary_init_r
                0x000000000000f8cc        0x4 common/built-in.o
                0x000000000000f8cc                cpu_secondary_init_r
 .text.initr_secondary_cpu
                0x000000000000f8d0       0x10 common/built-in.o
 .text.board_init_r
                0x000000000000f8e0       0x14 common/built-in.o
                0x000000000000f8e0                board_init_r
 .text.show_board_info
                0x000000000000f8f4        0x4 common/built-in.o
                0x000000000000f8f4                show_board_info
 .text.do_go_exec
                0x000000000000f8f8       0x18 common/built-in.o
                0x000000000000f8f8                do_go_exec
 .text.do_go    0x000000000000f910       0x70 common/built-in.o
                0x000000000000f910                do_go
 .text.do_bootm
                0x000000000000f980       0xfc common/built-in.o
                0x000000000000f980                do_bootm
 .text.bootm_find_ramdisk_fdt
                0x000000000000fa7c       0xb4 common/built-in.o
                0x000000000000fa7c                bootm_find_ramdisk_fdt
 .text.do_bootm_states
                0x000000000000fb30      0x728 common/built-in.o
                0x000000000000fb30                do_bootm_states
 .text.do_bootm_standalone
                0x0000000000010258       0x64 common/built-in.o
 .text.arch_preboot_os
                0x00000000000102bc        0x4 common/built-in.o
                0x00000000000102bc                arch_preboot_os
 .text.boot_selected_os
                0x00000000000102c0       0x5c common/built-in.o
                0x00000000000102c0                boot_selected_os
 .text.bootm_os_get_boot_func
                0x000000000001031c       0x10 common/built-in.o
                0x000000000001031c                bootm_os_get_boot_func
 .text.do_help  0x000000000001032c       0x44 common/built-in.o
 .text.do_version
                0x0000000000010370       0x38 common/built-in.o
 .text.env_attr_walk
                0x00000000000103a8      0x120 common/built-in.o
                0x00000000000103a8                env_attr_walk
 .text.env_attr_lookup
                0x00000000000104c8      0x190 common/built-in.o
                0x00000000000104c8                env_attr_lookup
 .text.clear_callback
                0x0000000000010658       0x10 common/built-in.o
 .text.on_callbacks
                0x0000000000010668       0x48 common/built-in.o
 .text.set_callback
                0x00000000000106b0       0xd8 common/built-in.o
 .text.env_callback_init
                0x0000000000010788      0x114 common/built-in.o
                0x0000000000010788                env_callback_init
 .text.clear_flags
                0x000000000001089c       0x10 common/built-in.o
 .text.on_flags
                0x00000000000108ac       0x48 common/built-in.o
 .text.env_flags_parse_vartype
                0x00000000000108f4       0x50 common/built-in.o
                0x00000000000108f4                env_flags_parse_vartype
 .text.env_flags_parse_varaccess
                0x0000000000010944       0x58 common/built-in.o
                0x0000000000010944                env_flags_parse_varaccess
 .text.set_flags
                0x000000000001099c       0xac common/built-in.o
 .text.env_flags_init
                0x0000000000010a48       0xd4 common/built-in.o
                0x0000000000010a48                env_flags_init
 .text.env_flags_validate
                0x0000000000010b1c      0x238 common/built-in.o
                0x0000000000010b1c                env_flags_validate
 .text.env_init
                0x0000000000010d54       0x1c common/built-in.o
                0x0000000000010d54                env_init
 .text.saveenv  0x0000000000010d70       0xf0 common/built-in.o
                0x0000000000010d70                saveenv
 .text.env_relocate_spec
                0x0000000000010e60       0xc0 common/built-in.o
                0x0000000000010e60                env_relocate_spec
 .text.do_bmp   0x0000000000010f20       0x54 common/built-in.o
 .text.do_bmp_info
                0x0000000000010f74      0x100 common/built-in.o
 .text.bmp_display
                0x0000000000011074       0x38 common/built-in.o
                0x0000000000011074                bmp_display
 .text.do_bmp_display
                0x00000000000110ac       0xa4 common/built-in.o
 .text.do_exit  0x0000000000011150       0x34 common/built-in.o
 .text.fdt_valid
                0x0000000000011184       0xc0 common/built-in.o
 .text.is_printable_string
                0x0000000000011244       0x90 common/built-in.o
 .text.print_data
                0x00000000000112d4      0x170 common/built-in.o
 .text.set_working_fdt_addr
                0x0000000000011444       0x1c common/built-in.o
                0x0000000000011444                set_working_fdt_addr
 .text.do_fdt   0x0000000000011460      0xebc common/built-in.o
 .text.get_cells_len
                0x000000000001231c       0x3c common/built-in.o
 .text.fdt_find_or_add_subnode.constprop.6
                0x0000000000012358       0x6c common/built-in.o
 .text.chto     0x00000000000123c4       0x2c common/built-in.o
                0x00000000000123c4                chto
 .text.toch     0x00000000000123f0       0x2c common/built-in.o
                0x00000000000123f0                toch
 .text.fdt_getprop_u32_default_node
                0x000000000001241c       0x40 common/built-in.o
                0x000000000001241c                fdt_getprop_u32_default_node
 .text.fdt_find_and_setprop
                0x000000000001245c       0x70 common/built-in.o
                0x000000000001245c                fdt_find_and_setprop
 .text.fdt_initrd
                0x00000000000124cc      0x250 common/built-in.o
                0x00000000000124cc                fdt_initrd
 .text.fdt_chosen
                0x000000000001271c      0x1b8 common/built-in.o
                0x000000000001271c                fdt_chosen
 .text.do_fixup_by_path
                0x00000000000128d4       0x54 common/built-in.o
                0x00000000000128d4                do_fixup_by_path
 .text.fdt_fixup_memory_banks
                0x0000000000012928      0x1dc common/built-in.o
                0x0000000000012928                fdt_fixup_memory_banks
 .text.fdt_fixup_memory
                0x0000000000012b04       0x20 common/built-in.o
                0x0000000000012b04                fdt_fixup_memory
 .text.fdt_fixup_ethernet
                0x0000000000012b24      0x158 common/built-in.o
                0x0000000000012b24                fdt_fixup_ethernet
 .text.fdt_shrink_to_minimum
                0x0000000000012c7c       0xd4 common/built-in.o
                0x0000000000012c7c                fdt_shrink_to_minimum
 .text.getvar_version
                0x0000000000012d50        0xc common/built-in.o
 .text.getvar_version_baseband
                0x0000000000012d5c        0xc common/built-in.o
 .text.getvar_version_bootloader
                0x0000000000012d68        0xc common/built-in.o
 .text.getvar_unlocked
                0x0000000000012d74       0x34 common/built-in.o
 .text.getvar_secure
                0x0000000000012da8       0x34 common/built-in.o
 .text.getvar_product
                0x0000000000012ddc        0xc common/built-in.o
 .text.getvar_serialno
                0x0000000000012de8       0x10 common/built-in.o
 .text.str2wide
                0x0000000000012df8       0x80 common/built-in.o
 .text.getvar_checksum
                0x0000000000012e78      0x13c common/built-in.o
 .text.getvar_partition_offset
                0x0000000000012fb4       0x64 common/built-in.o
 .text.getvar_partition_size
                0x0000000000013018       0x64 common/built-in.o
 .text.getvar_partition_type
                0x000000000001307c       0x70 common/built-in.o
 .text.fbt_handle_erase
                0x00000000000130ec       0xa0 common/built-in.o
 .text.fbt_set_unlocked
                0x000000000001318c       0x48 common/built-in.o
 .text.fbt_handle_response
                0x00000000000131d4      0x12c common/built-in.o
 .text.fbt_handle_reboot
                0x0000000000013300       0xc0 common/built-in.o
 .text.fbt_send_raw_info
                0x00000000000133c0       0xe8 common/built-in.o
 .text.do_fastboot
                0x00000000000134a8      0xf04 common/built-in.o
 .text.fbt_receive_firstcmd
                0x00000000000143ac       0x34 common/built-in.o
                0x00000000000143ac                fbt_receive_firstcmd
 .text.fbt_event_handler
                0x00000000000143e0      0x110 common/built-in.o
 .text.fbt_fastboot_init
                0x00000000000144f0      0x158 common/built-in.o
                0x00000000000144f0                fbt_fastboot_init
 .text.do_bootrk
                0x0000000000014648      0x960 common/built-in.o
                0x0000000000014648                do_bootrk
 .text.rkusb_send_csw
                0x0000000000014fa8       0xb8 common/built-in.o
 .text.rkusb_receive_firstcbw
                0x0000000000015060       0x40 common/built-in.o
                0x0000000000015060                rkusb_receive_firstcbw
 .text.rkusb_event_handler
                0x00000000000150a0      0x13c common/built-in.o
 .text.FW_ReadID
                0x00000000000151dc       0x6c common/built-in.o
                0x00000000000151dc                FW_ReadID
 .text.do_rockusb_cmd
                0x0000000000015248      0x4e8 common/built-in.o
                0x0000000000015248                do_rockusb_cmd
 .text.rkusb_handle_datarx
                0x0000000000015730      0x1a4 common/built-in.o
                0x0000000000015730                rkusb_handle_datarx
 .text.rkusb_handle_datatx
                0x00000000000158d4      0x198 common/built-in.o
                0x00000000000158d4                rkusb_handle_datatx
 .text.do_rockusb
                0x0000000000015a6c      0x580 common/built-in.o
                0x0000000000015a6c                do_rockusb
 .text.get_entry_ram
                0x0000000000015fec      0x158 common/built-in.o
 .text.get_content_ram
                0x0000000000016144       0x8c common/built-in.o
                0x0000000000016144                get_content_ram
 .text.get_content
                0x00000000000161d0      0x294 common/built-in.o
                0x00000000000161d0                get_content
 .text.free_content
                0x0000000000016464       0x30 common/built-in.o
                0x0000000000016464                free_content
 .text.load_content_data
                0x0000000000016494       0x2c common/built-in.o
                0x0000000000016494                load_content_data
 .text.load_content
                0x00000000000164c0       0x80 common/built-in.o
                0x00000000000164c0                load_content
 .text.show_resource_image
                0x0000000000016540      0x128 common/built-in.o
                0x0000000000016540                show_resource_image
 .text.lcd_get_size
                0x0000000000016668       0x34 common/built-in.o
                0x0000000000016668                lcd_get_size
 .text.lcd_sync
                0x000000000001669c       0x3c common/built-in.o
                0x000000000001669c                lcd_sync
 .text.lcd_enable_logo
                0x00000000000166d8       0x10 common/built-in.o
                0x00000000000166d8                lcd_enable_logo
 .text.drv_lcd_init
                0x00000000000166e8       0x9c common/built-in.o
                0x00000000000166e8                drv_lcd_init
 .text.lcd_setcolor_bypix
                0x0000000000016784       0x20 common/built-in.o
                0x0000000000016784                lcd_setcolor_bypix
 .text.rk_bitmap_from_resource
                0x00000000000167a4       0x1c common/built-in.o
                0x00000000000167a4                rk_bitmap_from_resource
 .text.bitmap_plot
                0x00000000000167c0      0x13c common/built-in.o
                0x00000000000167c0                bitmap_plot
 .text.lcd_logo
                0x00000000000168fc       0x58 common/built-in.o
 .text.LCD_clear
                0x0000000000016954       0x50 common/built-in.o
                0x0000000000016954                LCD_clear
 .text.lcd_clear
                0x00000000000169a4       0x84 common/built-in.o
                0x00000000000169a4                lcd_clear
 .text.do_lcd_clear
                0x0000000000016a28       0x18 common/built-in.o
 .text.lcd_display_bitmap
                0x0000000000016a40      0x734 common/built-in.o
                0x0000000000016a40                lcd_display_bitmap
 .text.lcd_display_bitmap_center
                0x0000000000017174       0x9c common/built-in.o
                0x0000000000017174                lcd_display_bitmap_center
 .text.do_env_delete
                0x0000000000017210       0xa8 common/built-in.o
 .text.env_print
                0x00000000000172b8       0xc8 common/built-in.o
 .text.do_env_print
                0x0000000000017380       0xc4 common/built-in.o
 .text.do_env   0x0000000000017444       0x5c common/built-in.o
 .text.do_env_import
                0x00000000000174a0      0x2a0 common/built-in.o
 .text.do_env_default
                0x0000000000017740       0xb4 common/built-in.o
 .text.do_env_save
                0x00000000000177f4       0x2c common/built-in.o
                0x00000000000177f4                do_env_save
 .text._do_env_set.isra.1
                0x0000000000017820      0x1d8 common/built-in.o
 .text.do_env_set
                0x00000000000179f8       0x1c common/built-in.o
 .text.setenv   0x0000000000017a14       0x60 common/built-in.o
                0x0000000000017a14                setenv
 .text.setenv_ulong
                0x0000000000017a74       0x20 common/built-in.o
                0x0000000000017a74                setenv_ulong
 .text.setenv_hex
                0x0000000000017a94       0x34 common/built-in.o
                0x0000000000017a94                setenv_hex
 .text.do_env_export
                0x0000000000017ac8      0x268 common/built-in.o
 .text.envmatch
                0x0000000000017d30       0x6c common/built-in.o
                0x0000000000017d30                envmatch
 .text.getenv_f
                0x0000000000017d9c       0xcc common/built-in.o
                0x0000000000017d9c                getenv_f
 .text.getenv   0x0000000000017e68       0x78 common/built-in.o
                0x0000000000017e68                getenv
 .text.getenv_ulong
                0x0000000000017ee0       0x30 common/built-in.o
                0x0000000000017ee0                getenv_ulong
 .text.getenv_hex
                0x0000000000017f10       0x34 common/built-in.o
                0x0000000000017f10                getenv_hex
 .text.env_get_char_spec
                0x0000000000017f44        0xc common/built-in.o
                0x0000000000017f44                env_get_char_spec
 .text.env_get_addr
                0x0000000000017f50       0x20 common/built-in.o
                0x0000000000017f50                env_get_addr
 .text.env_get_char_memory
                0x0000000000017f70       0x10 common/built-in.o
                0x0000000000017f70                env_get_char_memory
 .text.env_get_char
                0x0000000000017f80       0x30 common/built-in.o
                0x0000000000017f80                env_get_char
 .text.getenv_yesno
                0x0000000000017fb0       0x50 common/built-in.o
                0x0000000000017fb0                getenv_yesno
 .text.getenv_default
                0x0000000000018000       0x30 common/built-in.o
                0x0000000000018000                getenv_default
 .text.set_default_env
                0x0000000000018030       0xbc common/built-in.o
                0x0000000000018030                set_default_env
 .text.set_default_vars
                0x00000000000180ec       0x3c common/built-in.o
                0x00000000000180ec                set_default_vars
 .text.env_relocate
                0x0000000000018128       0x30 common/built-in.o
                0x0000000000018128                env_relocate
 .text.console_setfile
                0x0000000000018158       0xbc common/built-in.o
 .text.serial_printf
                0x0000000000018214       0x50 common/built-in.o
                0x0000000000018214                serial_printf
 .text.puts     0x0000000000018264       0x40 common/built-in.o
                0x0000000000018264                puts
 .text.printf   0x00000000000182a4       0x5c common/built-in.o
                0x00000000000182a4                printf
 .text.fgetc    0x0000000000018300       0x2c common/built-in.o
                0x0000000000018300                fgetc
 .text.getc     0x000000000001832c       0x24 common/built-in.o
                0x000000000001832c                getc
 .text.ftstc    0x0000000000018350       0x2c common/built-in.o
                0x0000000000018350                ftstc
 .text.tstc     0x000000000001837c       0x24 common/built-in.o
                0x000000000001837c                tstc
 .text.fputc    0x00000000000183a0       0x24 common/built-in.o
                0x00000000000183a0                fputc
 .text.putc     0x00000000000183c4       0x28 common/built-in.o
                0x00000000000183c4                putc
 .text.vprintf  0x00000000000183ec       0x34 common/built-in.o
                0x00000000000183ec                vprintf
 .text.ctrlc    0x0000000000018420       0x58 common/built-in.o
                0x0000000000018420                ctrlc
 .text.had_ctrlc
                0x0000000000018478       0x10 common/built-in.o
                0x0000000000018478                had_ctrlc
 .text.clear_ctrlc
                0x0000000000018488       0x14 common/built-in.o
                0x0000000000018488                clear_ctrlc
 .text.search_device
                0x000000000001849c       0x30 common/built-in.o
                0x000000000001849c                search_device
 .text.console_assign
                0x00000000000184cc       0x48 common/built-in.o
                0x00000000000184cc                console_assign
 .text.on_console
                0x0000000000018514       0xc4 common/built-in.o
 .text.console_init_f
                0x00000000000185d8       0x10 common/built-in.o
                0x00000000000185d8                console_init_f
 .text.console_init_r
                0x00000000000185e8      0x150 common/built-in.o
                0x00000000000185e8                console_init_r
 .text.sbrk     0x0000000000018738       0x70 common/built-in.o
                0x0000000000018738                sbrk
 .text.mem_malloc_init
                0x00000000000187a8       0x2c common/built-in.o
                0x00000000000187a8                mem_malloc_init
 .text.malloc_trim
                0x00000000000187d4       0xcc common/built-in.o
                0x00000000000187d4                malloc_trim
 .text.free     0x00000000000188a0      0x228 common/built-in.o
                0x00000000000188a0                free
 .text.malloc   0x0000000000018ac8      0x608 common/built-in.o
                0x0000000000018ac8                malloc
 .text.calloc   0x00000000000190d0       0xa4 common/built-in.o
                0x00000000000190d0                calloc
 .text.memalign
                0x0000000000019174      0x10c common/built-in.o
                0x0000000000019174                memalign
 .text.realloc  0x0000000000019280      0x40c common/built-in.o
                0x0000000000019280                realloc
 .text.on_loadaddr
                0x000000000001968c       0x38 common/built-in.o
 .text.image_check_hcrc
                0x00000000000196c4       0x4c common/built-in.o
                0x00000000000196c4                image_check_hcrc
 .text.image_check_dcrc
                0x0000000000019710       0x38 common/built-in.o
                0x0000000000019710                image_check_dcrc
 .text.image_multi_count
                0x0000000000019748       0x20 common/built-in.o
                0x0000000000019748                image_multi_count
 .text.image_multi_getimg
                0x0000000000019768       0x80 common/built-in.o
                0x0000000000019768                image_multi_getimg
 .text.getenv_bootm_low
                0x00000000000197e8       0x28 common/built-in.o
                0x00000000000197e8                getenv_bootm_low
 .text.getenv_bootm_size
                0x0000000000019810       0x60 common/built-in.o
                0x0000000000019810                getenv_bootm_size
 .text.getenv_bootm_mapsize
                0x0000000000019870       0x30 common/built-in.o
                0x0000000000019870                getenv_bootm_mapsize
 .text.memmove_wd
                0x00000000000198a0        0xc common/built-in.o
                0x00000000000198a0                memmove_wd
 .text.genimg_print_size
                0x00000000000198ac       0x30 common/built-in.o
                0x00000000000198ac                genimg_print_size
 .text.get_table_entry_name
                0x00000000000198dc       0x2c common/built-in.o
                0x00000000000198dc                get_table_entry_name
 .text.genimg_get_os_name
                0x0000000000019908       0x18 common/built-in.o
                0x0000000000019908                genimg_get_os_name
 .text.genimg_get_arch_name
                0x0000000000019920       0x18 common/built-in.o
                0x0000000000019920                genimg_get_arch_name
 .text.genimg_get_type_name
                0x0000000000019938       0x18 common/built-in.o
                0x0000000000019938                genimg_get_type_name
 .text.genimg_get_comp_name
                0x0000000000019950       0x18 common/built-in.o
                0x0000000000019950                genimg_get_comp_name
 .text.image_print_contents
                0x0000000000019968      0x170 common/built-in.o
                0x0000000000019968                image_print_contents
 .text.genimg_get_kernel_addr_fit
                0x0000000000019ad8       0x24 common/built-in.o
                0x0000000000019ad8                genimg_get_kernel_addr_fit
 .text.genimg_get_format
                0x0000000000019afc       0x38 common/built-in.o
                0x0000000000019afc                genimg_get_format
 .text.genimg_get_image
                0x0000000000019b34        0x4 common/built-in.o
                0x0000000000019b34                genimg_get_image
 .text.genimg_has_config
                0x0000000000019b38        0x8 common/built-in.o
                0x0000000000019b38                genimg_has_config
 .text.boot_get_ramdisk
                0x0000000000019b40      0x238 common/built-in.o
                0x0000000000019b40                boot_get_ramdisk
 .text.boot_ramdisk_high
                0x0000000000019d78      0x140 common/built-in.o
                0x0000000000019d78                boot_ramdisk_high
 .text.image_setup_linux
                0x0000000000019eb8       0x88 common/built-in.o
                0x0000000000019eb8                image_setup_linux
 .text.fdt_error
                0x0000000000019f40       0x2c common/built-in.o
 .text.boot_fdt_add_mem_rsv_regions
                0x0000000000019f6c       0x88 common/built-in.o
                0x0000000000019f6c                boot_fdt_add_mem_rsv_regions
 .text.boot_relocate_fdt
                0x0000000000019ff4      0x194 common/built-in.o
                0x0000000000019ff4                boot_relocate_fdt
 .text.boot_get_fdt
                0x000000000001a188      0x274 common/built-in.o
                0x000000000001a188                boot_get_fdt
 .text.ft_verify_fdt
                0x000000000001a3fc        0x8 common/built-in.o
                0x000000000001a3fc                ft_verify_fdt
 .text.image_setup_libfdt
                0x000000000001a404       0xe4 common/built-in.o
                0x000000000001a404                image_setup_libfdt
 .text.get_ram_size
                0x000000000001a4e8      0x100 common/built-in.o
                0x000000000001a4e8                get_ram_size
 .text.get_effective_memsize
                0x000000000001a5e8        0x8 common/built-in.o
                0x000000000001a5e8                get_effective_memsize
 .text.stdio_serial_tstc
                0x000000000001a5f0        0x4 common/built-in.o
 .text.stdio_serial_getc
                0x000000000001a5f4        0x4 common/built-in.o
 .text.stdio_serial_puts
                0x000000000001a5f8        0x8 common/built-in.o
 .text.stdio_serial_putc
                0x000000000001a600        0x8 common/built-in.o
 .text.stdio_get_by_name
                0x000000000001a608       0x50 common/built-in.o
                0x000000000001a608                stdio_get_by_name
 .text.stdio_clone
                0x000000000001a658       0x3c common/built-in.o
                0x000000000001a658                stdio_clone
 .text.stdio_register_dev
                0x000000000001a694       0x50 common/built-in.o
                0x000000000001a694                stdio_register_dev
 .text.stdio_register
                0x000000000001a6e4        0x8 common/built-in.o
                0x000000000001a6e4                stdio_register
 .text.stdio_init_tables
                0x000000000001a6ec       0x1c common/built-in.o
                0x000000000001a6ec                stdio_init_tables
 .text.stdio_add_devices
                0x000000000001a708       0x78 common/built-in.o
                0x000000000001a708                stdio_add_devices
 .text.rk_fb_vidinfo_to_win
                0x000000000001a780       0x40 drivers/built-in.o
                0x000000000001a780                rk_fb_vidinfo_to_win
 .text.rk_fb_vidinfo_to_screen
                0x000000000001a7c0       0xc0 drivers/built-in.o
                0x000000000001a7c0                rk_fb_vidinfo_to_screen
 .text.rk_backlight_ctrl
                0x000000000001a880        0x4 drivers/built-in.o
                0x000000000001a880                rk_backlight_ctrl
 .text.rk_fb_find_lcdc_node_dt
                0x000000000001a884       0x9c drivers/built-in.o
                0x000000000001a884                rk_fb_find_lcdc_node_dt
 .text.rk_fb_pwr_ctr_parse_dt
                0x000000000001a920      0x150 drivers/built-in.o
                0x000000000001a920                rk_fb_pwr_ctr_parse_dt
 .text.rk_fb_pwr_enable
                0x000000000001aa70       0x44 drivers/built-in.o
                0x000000000001aa70                rk_fb_pwr_enable
 .text.rk_fb_parse_dt
                0x000000000001aab4      0x408 drivers/built-in.o
                0x000000000001aab4                rk_fb_parse_dt
 .text.lcd_ctrl_init
                0x000000000001aebc       0x58 drivers/built-in.o
                0x000000000001aebc                lcd_ctrl_init
 .text.lcd_enable
                0x000000000001af14        0x4 drivers/built-in.o
                0x000000000001af14                lcd_enable
 .text.lcd_pandispaly
                0x000000000001af18        0xc drivers/built-in.o
                0x000000000001af18                lcd_pandispaly
 .text.lcd_standby
                0x000000000001af24        0x4 drivers/built-in.o
                0x000000000001af24                lcd_standby
 .text.rk_lcdc_set_par
                0x000000000001af28      0x93c drivers/built-in.o
                0x000000000001af28                rk_lcdc_set_par
 .text.rk_lcdc_load_screen
                0x000000000001b864      0x590 drivers/built-in.o
                0x000000000001b864                rk_lcdc_load_screen
 .text.rk_lcdc_standby
                0x000000000001bdf4       0x84 drivers/built-in.o
                0x000000000001bdf4                rk_lcdc_standby
 .text.rk_lcdc_init
                0x000000000001be78      0x120 drivers/built-in.o
                0x000000000001be78                rk_lcdc_init
 .text.rk32_edp_enable
                0x000000000001bf98      0x348 drivers/built-in.o
                0x000000000001bf98                rk32_edp_enable
 .text.rk32_edp_enable_video_mute
                0x000000000001c2e0       0x20 drivers/built-in.o
                0x000000000001c2e0                rk32_edp_enable_video_mute
 .text.rk32_edp_stop_video
                0x000000000001c300       0x18 drivers/built-in.o
                0x000000000001c300                rk32_edp_stop_video
 .text.rk32_edp_init_refclk
                0x000000000001c318       0x88 drivers/built-in.o
                0x000000000001c318                rk32_edp_init_refclk
 .text.rk32_edp_init_interrupt
                0x000000000001c3a0       0x74 drivers/built-in.o
                0x000000000001c3a0                rk32_edp_init_interrupt
 .text.rk32_edp_reset
                0x000000000001c414       0xd8 drivers/built-in.o
                0x000000000001c414                rk32_edp_reset
 .text.rk32_edp_get_pll_lock_status
                0x000000000001c4ec       0x10 drivers/built-in.o
                0x000000000001c4ec                rk32_edp_get_pll_lock_status
 .text.rk32_edp_analog_power_ctr
                0x000000000001c4fc       0x34 drivers/built-in.o
                0x000000000001c4fc                rk32_edp_analog_power_ctr
 .text.rk32_edp_init_analog_func
                0x000000000001c530       0x7c drivers/built-in.o
                0x000000000001c530                rk32_edp_init_analog_func
 .text.rk32_edp_init_hpd
                0x000000000001c5ac       0x30 drivers/built-in.o
                0x000000000001c5ac                rk32_edp_init_hpd
 .text.rk32_edp_reset_aux
                0x000000000001c5dc       0x18 drivers/built-in.o
                0x000000000001c5dc                rk32_edp_reset_aux
 .text.rk32_edp_init_aux
                0x000000000001c5f4       0x3c drivers/built-in.o
                0x000000000001c5f4                rk32_edp_init_aux
 .text.rk32_edp_enable_sw_function
                0x000000000001c630       0x18 drivers/built-in.o
                0x000000000001c630                rk32_edp_enable_sw_function
 .text.rk32_edp_start_aux_transaction
                0x000000000001c648       0xf0 drivers/built-in.o
                0x000000000001c648                rk32_edp_start_aux_transaction
 .text.rk32_edp_read_byte_from_dpcd
                0x000000000001c738       0x8c drivers/built-in.o
                0x000000000001c738                rk32_edp_read_byte_from_dpcd
 .text.rk32_edp_set_link_bandwidth
                0x000000000001c7c4       0x18 drivers/built-in.o
                0x000000000001c7c4                rk32_edp_set_link_bandwidth
 .text.rk32_edp_hw_link_training_en
                0x000000000001c7dc       0x10 drivers/built-in.o
                0x000000000001c7dc                rk32_edp_hw_link_training_en
 .text.rk32_edp_wait_hw_lt_done
                0x000000000001c7ec       0x28 drivers/built-in.o
                0x000000000001c7ec                rk32_edp_wait_hw_lt_done
 .text.rk32_edp_get_hw_lt_status
                0x000000000001c814       0x10 drivers/built-in.o
                0x000000000001c814                rk32_edp_get_hw_lt_status
 .text.rk32_edp_set_lane_count
                0x000000000001c824        0xc drivers/built-in.o
                0x000000000001c824                rk32_edp_set_lane_count
 .text.rk32_edp_reset_macro
                0x000000000001c830        0x4 drivers/built-in.o
                0x000000000001c830                rk32_edp_reset_macro
 .text.rk32_edp_init_video
                0x000000000001c834       0x38 drivers/built-in.o
                0x000000000001c834                rk32_edp_init_video
 .text.rk32_edp_set_video_color_format
                0x000000000001c86c       0x34 drivers/built-in.o
                0x000000000001c86c                rk32_edp_set_video_color_format
 .text.rk32_edp_is_slave_video_stream_clock_on
                0x000000000001c8a0       0x58 drivers/built-in.o
                0x000000000001c8a0                rk32_edp_is_slave_video_stream_clock_on
 .text.rk32_edp_set_video_cr_mn
                0x000000000001c8f8       0x94 drivers/built-in.o
                0x000000000001c8f8                rk32_edp_set_video_cr_mn
 .text.rk32_edp_set_video_timing_mode
                0x000000000001c98c       0x20 drivers/built-in.o
                0x000000000001c98c                rk32_edp_set_video_timing_mode
 .text.rk32_edp_enable_video_master
                0x000000000001c9ac        0x4 drivers/built-in.o
                0x000000000001c9ac                rk32_edp_enable_video_master
 .text.rk32_edp_start_video
                0x000000000001c9b0       0x18 drivers/built-in.o
                0x000000000001c9b0                rk32_edp_start_video
 .text.rk32_edp_is_video_stream_on
                0x000000000001c9c8       0x28 drivers/built-in.o
                0x000000000001c9c8                rk32_edp_is_video_stream_on
 .text.rk32_edp_config_video_slave_mode
                0x000000000001c9f0       0x6c drivers/built-in.o
                0x000000000001c9f0                rk32_edp_config_video_slave_mode
 .text.rk_mipi_screen_pwr_enable
                0x000000000001ca5c       0x94 drivers/built-in.o
 .text.rk_mipi_screen
                0x000000000001caf0      0x2f4 drivers/built-in.o
                0x000000000001caf0                rk_mipi_screen
 .text.rk_mipi_screen_standby
                0x000000000001cde4      0x180 drivers/built-in.o
                0x000000000001cde4                rk_mipi_screen_standby
 .text.rk_mipi_get_dsi_num
                0x000000000001cf64       0x14 drivers/built-in.o
                0x000000000001cf64                rk_mipi_get_dsi_num
 .text.rk_mipi_get_dsi_lane
                0x000000000001cf78       0x14 drivers/built-in.o
                0x000000000001cf78                rk_mipi_get_dsi_lane