Archive member included because of file (symbol)

/home/ubuntu/rk3288-sdk/prebuilts/gcc/linux-x86/arm/arm-eabi-4.7/bin/../lib/gcc/arm-eabi/4.7/libgcc.a(_udivsi3.o)
                              arch/arm/cpu/armv7/rk32xx/built-in.o (__aeabi_uidiv)
/home/ubuntu/rk3288-sdk/prebuilts/gcc/linux-x86/arm/arm-eabi-4.7/bin/../lib/gcc/arm-eabi/4.7/libgcc.a(_divsi3.o)
                              board/rockchip/common/built-in.o (__aeabi_idiv)
/home/ubuntu/rk3288-sdk/prebuilts/gcc/linux-x86/arm/arm-eabi-4.7/bin/../lib/gcc/arm-eabi/4.7/libgcc.a(_dvmd_tls.o)
                              /home/ubuntu/rk3288-sdk/prebuilts/gcc/linux-x86/arm/arm-eabi-4.7/bin/../lib/gcc/arm-eabi/4.7/libgcc.a(_udivsi3.o) (__aeabi_idiv0)
/home/ubuntu/rk3288-sdk/prebuilts/gcc/linux-x86/arm/arm-eabi-4.7/bin/../lib/gcc/arm-eabi/4.7/libgcc.a(_lshrdi3.o)
                              lib/built-in.o (__aeabi_llsr)
/home/ubuntu/rk3288-sdk/prebuilts/gcc/linux-x86/arm/arm-eabi-4.7/bin/../lib/gcc/arm-eabi/4.7/libgcc.a(_ashldi3.o)
                              lib/built-in.o (__aeabi_llsl)

Discarded input sections

 .data          0x0000000000000000        0x0 arch/arm/cpu/armv7/start.o
 .bss           0x0000000000000000        0x0 arch/arm/cpu/armv7/start.o
 .text          0x0000000000000000        0x0 arch/arm/cpu/armv7/built-in.o
 .text.mmu_page_table_flush
                0x0000000000000000       0x24 arch/arm/cpu/armv7/built-in.o
 .text.sdelay   0x0000000000000000        0xc arch/arm/cpu/armv7/built-in.o
 .text.wait_on_value
                0x0000000000000000       0x34 arch/arm/cpu/armv7/built-in.o
 .data          0x0000000000000000        0x0 arch/arm/cpu/armv7/built-in.o
 .bss           0x0000000000000000        0x0 arch/arm/cpu/armv7/built-in.o
 .text.get_usec_timer
                0x0000000000000000       0xf4 arch/arm/cpu/armv7/rk32xx/built-in.o
 .text.get_tbclk
                0x0000000000000000        0x8 arch/arm/cpu/armv7/rk32xx/built-in.o
 .text.rkclk_pll_mode
                0x0000000000000000       0xc0 arch/arm/cpu/armv7/rk32xx/built-in.o
 .text.rkclk_set_pll_rate_by_id
                0x0000000000000000       0x28 arch/arm/cpu/armv7/rk32xx/built-in.o
 .text.rkclk_get_pll_rate_by_id
                0x0000000000000000        0x4 arch/arm/cpu/armv7/rk32xx/built-in.o
 .text.rkclk_set_nandc_div
                0x0000000000000000       0x80 arch/arm/cpu/armv7/rk32xx/built-in.o
 .text.rkclk_set_mmc_clk_freq
                0x0000000000000000      0x138 arch/arm/cpu/armv7/rk32xx/built-in.o
 .text.rkclk_set_mmc_tuning
                0x0000000000000000       0x60 arch/arm/cpu/armv7/rk32xx/built-in.o
 .text.rkclk_get_pwm_clk
                0x0000000000000000        0x8 arch/arm/cpu/armv7/rk32xx/built-in.o
 .text.rkclk_get_spi_clk
                0x0000000000000000       0x4c arch/arm/cpu/armv7/rk32xx/built-in.o
 .text.gic_set_irq_type
                0x0000000000000000       0xd4 arch/arm/cpu/armv7/rk32xx/built-in.o
 .text.gpio_irq_set_type
                0x0000000000000000      0x124 arch/arm/cpu/armv7/rk32xx/built-in.o
 .text.irq_set_irq_type
                0x0000000000000000       0x30 arch/arm/cpu/armv7/rk32xx/built-in.o
 .text.rk_pm_wakeup_gpio_init
                0x0000000000000000        0x4 arch/arm/cpu/armv7/rk32xx/built-in.o
 .text.rk_pm_enter
                0x0000000000000000        0x4 arch/arm/cpu/armv7/rk32xx/built-in.o
 .data          0x0000000000000000        0x0 arch/arm/cpu/armv7/rk32xx/built-in.o
 .bss           0x0000000000000000        0x0 arch/arm/cpu/armv7/rk32xx/built-in.o
 .text.flush_cache
                0x0000000000000000        0x4 arch/arm/lib/built-in.o
 .text.flush_dcache_all
                0x0000000000000000        0xc arch/arm/lib/built-in.o
 .text.enable_caches
                0x0000000000000000        0xc arch/arm/lib/built-in.o
 .text.arm_init_before_mmu
                0x0000000000000000        0x4 arch/arm/lib/built-in.o
 .text.mmu_page_table_flush
                0x0000000000000000        0x4 arch/arm/lib/built-in.o
 .text.mmu_set_region_dcache_behaviour
                0x0000000000000000       0x50 arch/arm/lib/built-in.o
 .text.icache_enable
                0x0000000000000000       0x18 arch/arm/lib/built-in.o
 .text.icache_status
                0x0000000000000000        0xc arch/arm/lib/built-in.o
 .text.dcache_status
                0x0000000000000000        0xc arch/arm/lib/built-in.o
 .data          0x0000000000000000        0x0 arch/arm/lib/built-in.o
 .__secure_start
                0x0000000000000000        0x0 arch/arm/lib/built-in.o
 .__secure_end  0x0000000000000000        0x0 arch/arm/lib/built-in.o
 .bss           0x0000000000000000        0x0 arch/arm/lib/built-in.o
 .text          0x0000000000000000        0x0 board/rockchip/common/built-in.o
 .text.blk_SHA1_Block
                0x0000000000000000     0x1530 board/rockchip/common/built-in.o
 .text.SHA_init
                0x0000000000000000       0x4c board/rockchip/common/built-in.o
 .text.SHA_update
[...]
Memory Configuration

Name             Origin             Length             Attributes
*default*        0x0000000000000000 0xffffffffffffffff

Linker script and memory map

Address of section .text set to 0x0
                0x0000000000000000                . = 0x0
                0x0000000000000000                . = ALIGN (0x4)

.text           0x0000000000000000    0x2e860
 *(.__image_copy_start)
 .__image_copy_start
                0x0000000000000000        0x0 arch/arm/lib/built-in.o
                0x0000000000000000                __image_copy_start
 *(.vectors)
 .vectors       0x0000000000000000      0x4e0 arch/arm/lib/built-in.o
                0x0000000000000000                _start
                0x0000000000000008                RSA_KEY_TAG
                0x000000000000000c                RSA_KEY_LENGTH
                0x0000000000000010                RSA_KEY_DATA
                0x0000000000000208                LoaderTagCheck
                0x0000000000000220                _vector
                0x0000000000000240                _undefined_instruction
                0x0000000000000244                _software_interrupt
                0x0000000000000248                _prefetch_abort
                0x000000000000024c                _data_abort
                0x0000000000000250                _not_used
                0x0000000000000254                _irq
                0x0000000000000258                _fiq
                0x0000000000000260                IRQ_STACK_START_IN
                0x0000000000000264                IRQ_STACK_START
                0x0000000000000268                FIQ_STACK_START
 arch/arm/cpu/armv7/start.o(.text*)
 .text          0x00000000000004e0       0xd4 arch/arm/cpu/armv7/start.o
                0x00000000000004e0                reset
                0x0000000000000538                c_runtime_cpu_setup
                0x0000000000000550                save_boot_params
                0x0000000000000554                cpu_init_cp15
                0x00000000000005a4                cpu_init_crit
 *(.text*)
 .text.v7_maint_dcache_all
                0x00000000000005b4       0xd0 arch/arm/cpu/armv7/built-in.o
 .text.v7_dcache_inval_range
                0x0000000000000684       0x80 arch/arm/cpu/armv7/built-in.o
 .text.invalidate_icache_all
                0x0000000000000704       0x18 arch/arm/cpu/armv7/built-in.o
                0x0000000000000704                invalidate_icache_all
 .text.v7_outer_cache_enable
                0x000000000000071c        0x4 arch/arm/cpu/armv7/built-in.o
                0x000000000000071c                v7_outer_cache_enable
 .text.v7_outer_cache_disable
                0x0000000000000720        0x4 arch/arm/cpu/armv7/built-in.o
                0x0000000000000720                v7_outer_cache_disable
 .text.v7_outer_cache_flush_all
                0x0000000000000724        0x4 arch/arm/cpu/armv7/built-in.o
                0x0000000000000724                v7_outer_cache_flush_all
 .text.flush_dcache_all
                0x0000000000000728       0x14 arch/arm/cpu/armv7/built-in.o
                0x0000000000000728                flush_dcache_all
 .text.v7_outer_cache_inval_all
                0x000000000000073c        0x4 arch/arm/cpu/armv7/built-in.o
                0x000000000000073c                v7_outer_cache_inval_all
 .text.invalidate_dcache_all
                0x0000000000000740       0x14 arch/arm/cpu/armv7/built-in.o
                0x0000000000000740                invalidate_dcache_all
 .text.arm_init_before_mmu
                0x0000000000000754       0x28 arch/arm/cpu/armv7/built-in.o
                0x0000000000000754                arm_init_before_mmu
 .text.v7_outer_cache_flush_range
                0x000000000000077c        0x4 arch/arm/cpu/armv7/built-in.o
                0x000000000000077c                v7_outer_cache_flush_range
 .text.flush_dcache_range
                0x0000000000000780       0x3c arch/arm/cpu/armv7/built-in.o
                0x0000000000000780                flush_dcache_range
 .text.flush_cache
                0x00000000000007bc        0x8 arch/arm/cpu/armv7/built-in.o
                0x00000000000007bc                flush_cache
 .text.v7_outer_cache_inval_range
                0x00000000000007c4        0x4 arch/arm/cpu/armv7/built-in.o
                0x00000000000007c4                v7_outer_cache_inval_range
 .text.invalidate_dcache_range
                0x00000000000007c8       0x3c arch/arm/cpu/armv7/built-in.o
                0x00000000000007c8                invalidate_dcache_range
 .text.cpu_cache_initialization
                0x0000000000000804        0x4 arch/arm/cpu/armv7/built-in.o
                0x0000000000000804                cpu_cache_initialization
 .text.cleanup_before_linux
                0x0000000000000808       0x28 arch/arm/cpu/armv7/built-in.o
                0x0000000000000808                cleanup_before_linux
 *fill*         0x0000000000000830       0x10 
 .text          0x0000000000000840       0x20 arch/arm/cpu/armv7/rk32xx/built-in.o
                0x0000000000000840                lowlevel_init
 .text.enable_caches
                0x0000000000000860        0x4 arch/arm/cpu/armv7/rk32xx/built-in.o
                0x0000000000000860                enable_caches
 .text.rk_get_chiptype
                0x0000000000000864      0x180 arch/arm/cpu/armv7/rk32xx/built-in.o
                0x0000000000000864                rk_get_chiptype
 .text.arch_cpu_init
                0x00000000000009e4       0x3c arch/arm/cpu/armv7/rk32xx/built-in.o
                0x00000000000009e4                arch_cpu_init
 .text.print_cpuinfo
                0x0000000000000a20       0x44 arch/arm/cpu/armv7/rk32xx/built-in.o
                0x0000000000000a20                print_cpuinfo
 .text.reset_timer_masked
                0x0000000000000a64       0x1c arch/arm/cpu/armv7/rk32xx/built-in.o
                0x0000000000000a64                reset_timer_masked
 .text.timer_init
                0x0000000000000a80       0x28 arch/arm/cpu/armv7/rk32xx/built-in.o
                0x0000000000000a80                timer_init
 .text.__udelay
                0x0000000000000aa8       0x88 arch/arm/cpu/armv7/rk32xx/built-in.o
                0x0000000000000aa8                __udelay
 .text.get_timer_masked
                0x0000000000000b30       0x7c arch/arm/cpu/armv7/rk32xx/built-in.o
                0x0000000000000b30                get_timer_masked
 .text.get_timer
                0x0000000000000bac       0x20 arch/arm/cpu/armv7/rk32xx/built-in.o
                0x0000000000000bac                get_timer
 .text.get_ticks
                0x0000000000000bcc       0x10 arch/arm/cpu/armv7/rk32xx/built-in.o
                0x0000000000000bcc                get_ticks
 .text.clk_loop_delayus
                0x0000000000000bdc       0x3c arch/arm/cpu/armv7/rk32xx/built-in.o
 .text.rkclk_pll_wait_lock
                0x0000000000000c18       0x64 arch/arm/cpu/armv7/rk32xx/built-in.o
 .text.rkclk_pll_set_rate
                0x0000000000000c7c      0x178 arch/arm/cpu/armv7/rk32xx/built-in.o
 .text.rkclk_lcdc_aclk_config
                0x0000000000000df4       0x7c arch/arm/cpu/armv7/rk32xx/built-in.o
 .text.rkclk_pll_get_rate
                0x0000000000000e70       0xa4 arch/arm/cpu/armv7/rk32xx/built-in.o
 .text.rkclk_apll_cb
                0x0000000000000f14       0x9c arch/arm/cpu/armv7/rk32xx/built-in.o
 .text.rkclk_gpll_cb
                0x0000000000000fb0       0xd8 arch/arm/cpu/armv7/rk32xx/built-in.o
 .text.rkclk_set_pll
                0x0000000000001088       0x40 arch/arm/cpu/armv7/rk32xx/built-in.o
                0x0000000000001088                rkclk_set_pll
 .text.rkclk_get_pll
                0x00000000000010c8      0x1a8 arch/arm/cpu/armv7/rk32xx/built-in.o
                0x00000000000010c8                rkclk_get_pll
 .text.rkclk_dump_pll
                0x0000000000001270       0x6c arch/arm/cpu/armv7/rk32xx/built-in.o
                0x0000000000001270                rkclk_dump_pll
 .text.rkclk_set_cpll_rate
                0x00000000000012dc      0x228 arch/arm/cpu/armv7/rk32xx/built-in.o
                0x00000000000012dc                rkclk_set_cpll_rate
 .text.rkclk_lcdc_clk_set
                0x0000000000001504      0x1d4 arch/arm/cpu/armv7/rk32xx/built-in.o
                0x0000000000001504                rkclk_lcdc_clk_set
 .text.rkclk_set_mmc_clk_src
                0x00000000000016d8       0x50 arch/arm/cpu/armv7/rk32xx/built-in.o
                0x00000000000016d8                rkclk_set_mmc_clk_src
 .text.rkclk_get_mmc_clk
                0x0000000000001728       0x7c arch/arm/cpu/armv7/rk32xx/built-in.o
                0x0000000000001728                rkclk_get_mmc_clk
 .text.rkclk_set_mmc_clk_div
                0x00000000000017a4       0x64 arch/arm/cpu/armv7/rk32xx/built-in.o
                0x00000000000017a4                rkclk_set_mmc_clk_div
 .text.rkclk_disable_mmc_tuning
                0x0000000000001808       0x40 arch/arm/cpu/armv7/rk32xx/built-in.o
                0x0000000000001808                rkclk_disable_mmc_tuning
 .text.rkclk_get_i2c_clk
                0x0000000000001848       0x10 arch/arm/cpu/armv7/rk32xx/built-in.o
                0x0000000000001848                rkclk_get_i2c_clk
 .text.rkclk_set_crypto_clk
                0x0000000000001858       0x3c arch/arm/cpu/armv7/rk32xx/built-in.o
                0x0000000000001858                rkclk_set_crypto_clk
 .text.gic_handler_enable
                0x0000000000001894       0xb4 arch/arm/cpu/armv7/rk32xx/built-in.o
 .text.gic_handler_disable
                0x0000000000001948       0x58 arch/arm/cpu/armv7/rk32xx/built-in.o
 .text.gpio_irq_handler
                0x00000000000019a0       0xf8 arch/arm/cpu/armv7/rk32xx/built-in.o
 .text.gpio_irq_disable
                0x0000000000001a98       0x4c arch/arm/cpu/armv7/rk32xx/built-in.o
 .text.gpio_irq_enable
                0x0000000000001ae4       0x4c arch/arm/cpu/armv7/rk32xx/built-in.o
 .text.irq_handler_enable
                0x0000000000001b30       0x30 arch/arm/cpu/armv7/rk32xx/built-in.o
                0x0000000000001b30                irq_handler_enable
 .text.irq_handler_disable
                0x0000000000001b60       0x30 arch/arm/cpu/armv7/rk32xx/built-in.o
                0x0000000000001b60                irq_handler_disable
 .text.irq_install_handler
                0x0000000000001b90       0x24 arch/arm/cpu/armv7/rk32xx/built-in.o
                0x0000000000001b90                irq_install_handler
 .text.irq_uninstall_handler
                0x0000000000001bb4       0x18 arch/arm/cpu/armv7/rk32xx/built-in.o
                0x0000000000001bb4                irq_uninstall_handler
 .text.do_irq   0x0000000000001bcc       0x48 arch/arm/cpu/armv7/rk32xx/built-in.o
                0x0000000000001bcc                do_irq
 .text.arch_interrupt_init
                0x0000000000001c14      0x110 arch/arm/cpu/armv7/rk32xx/built-in.o
                0x0000000000001c14                arch_interrupt_init
 .text.dram_init
                0x0000000000001d24       0x94 arch/arm/cpu/armv7/rk32xx/built-in.o
                0x0000000000001d24                dram_init
 .text.dram_init_banksize
                0x0000000000001db8      0x100 arch/arm/cpu/armv7/rk32xx/built-in.o
                0x0000000000001db8                dram_init_banksize
 .text.rk_iomux_sdcard_save
                0x0000000000001eb8       0x28 arch/arm/cpu/armv7/rk32xx/built-in.o
                0x0000000000001eb8                rk_iomux_sdcard_save
 .text.rk_iomux_sdcard_restore
                0x0000000000001ee0       0x24 arch/arm/cpu/armv7/rk32xx/built-in.o
                0x0000000000001ee0                rk_iomux_sdcard_restore
 .text.rk_iomux_config
                0x0000000000001f04      0x2e4 arch/arm/cpu/armv7/rk32xx/built-in.o
                0x0000000000001f04                rk_iomux_config
 .text.rk_module_deinit
                0x00000000000021e8       0x34 arch/arm/cpu/armv7/rk32xx/built-in.o
                0x00000000000021e8                rk_module_deinit
 .text.reset_cpu
                0x000000000000221c       0x40 arch/arm/cpu/armv7/rk32xx/built-in.o
                0x000000000000221c                reset_cpu
 .text          0x000000000000225c       0xfc arch/arm/lib/built-in.o
                0x000000000000225c                _main
                0x00000000000022f4                relocate_code
 .text.arch_fixup_fdt
                0x0000000000002358      0x120 arch/arm/lib/built-in.o
                0x0000000000002358                arch_fixup_fdt
 .text.boot_jump_linux
                0x0000000000002478       0xb8 arch/arm/lib/built-in.o
 .text.arch_lmb_reserve
                0x0000000000002530       0x24 arch/arm/lib/built-in.o
                0x0000000000002530                arch_lmb_reserve
 .text.setup_board_tags
                0x0000000000002554        0x4 arch/arm/lib/built-in.o
                0x0000000000002554                setup_board_tags
 .text.boot_prep_linux
                0x0000000000002558      0x17c arch/arm/lib/built-in.o
 .text.do_bootm_linux
                0x00000000000026d4       0x60 arch/arm/lib/built-in.o
                0x00000000000026d4                do_bootm_linux
 .text.arch_reserve_stacks
                0x0000000000002734       0x34 arch/arm/lib/built-in.o
                0x0000000000002734                arch_reserve_stacks
 .text.interrupt_init
                0x0000000000002768       0x6c arch/arm/lib/built-in.o
                0x0000000000002768                interrupt_init
 .text.enable_interrupts
                0x00000000000027d4       0x10 arch/arm/lib/built-in.o
                0x00000000000027d4                enable_interrupts
 .text.disable_interrupts
                0x00000000000027e4       0x18 arch/arm/lib/built-in.o
                0x00000000000027e4                disable_interrupts
 .text.bad_mode
                0x00000000000027fc       0x10 arch/arm/lib/built-in.o
                0x00000000000027fc                bad_mode
 .text.show_regs
                0x000000000000280c      0x13c arch/arm/lib/built-in.o
                0x000000000000280c                show_regs
 .text.do_undefined_instruction
                0x0000000000002948       0x20 arch/arm/lib/built-in.o
                0x0000000000002948                do_undefined_instruction
 .text.do_software_interrupt
                0x0000000000002968       0x20 arch/arm/lib/built-in.o
                0x0000000000002968                do_software_interrupt
 .text.do_prefetch_abort
                0x0000000000002988       0x20 arch/arm/lib/built-in.o
                0x0000000000002988                do_prefetch_abort
 .text.do_data_abort
                0x00000000000029a8       0x20 arch/arm/lib/built-in.o
                0x00000000000029a8                do_data_abort
 .text.do_not_used
                0x00000000000029c8       0x20 arch/arm/lib/built-in.o
                0x00000000000029c8                do_not_used
 .text.do_fiq   0x00000000000029e8       0x20 arch/arm/lib/built-in.o
                0x00000000000029e8                do_fiq
 .text.reset_misc
                0x0000000000002a08        0x4 arch/arm/lib/built-in.o
                0x0000000000002a08                reset_misc
 .text.do_reset
                0x0000000000002a0c       0x30 arch/arm/lib/built-in.o
                0x0000000000002a0c                do_reset
 .text.cp_delay
                0x0000000000002a3c       0x30 arch/arm/lib/built-in.o
 .text.arm_init_domains
                0x0000000000002a6c        0x4 arch/arm/lib/built-in.o
                0x0000000000002a6c                arm_init_domains
 .text.set_section_dcache
                0x0000000000002a70       0x14 arch/arm/lib/built-in.o
                0x0000000000002a70                set_section_dcache
 .text.dram_bank_mmu_setup
                0x0000000000002a84       0x4c arch/arm/lib/built-in.o
                0x0000000000002a84                dram_bank_mmu_setup
 .text.icache_disable
                0x0000000000002ad0       0x1c arch/arm/lib/built-in.o
                0x0000000000002ad0                icache_disable
 .text.dcache_enable
                0x0000000000002aec       0x6c arch/arm/lib/built-in.o
                0x0000000000002aec                dcache_enable
 .text.dcache_disable
                0x0000000000002b58       0x28 arch/arm/lib/built-in.o
                0x0000000000002b58                dcache_disable
 .text.CRC_32CheckBuffer
                0x0000000000002b80       0x54 board/rockchip/common/built-in.o
                0x0000000000002b80                CRC_32CheckBuffer
 .text.dmult    0x0000000000002bd4       0x68 board/rockchip/common/built-in.o
 .text.NN_Digits.part.2
                0x0000000000002c3c       0x2c board/rockchip/common/built-in.o
 .text.NN_Cmp   0x0000000000002c68       0x50 board/rockchip/common/built-in.o
                0x0000000000002c68                NN_Cmp
 .text.NN_Assign
                0x0000000000002cb8       0x24 board/rockchip/common/built-in.o
                0x0000000000002cb8                NN_Assign
 .text.NN_Digits
                0x0000000000002cdc       0x14 board/rockchip/common/built-in.o
                0x0000000000002cdc                NN_Digits
 .text.NN_AssignZero
                0x0000000000002cf0       0x1c board/rockchip/common/built-in.o
                0x0000000000002cf0                NN_AssignZero
 .text.NN_Sub   0x0000000000002d0c       0x6c board/rockchip/common/built-in.o
                0x0000000000002d0c                NN_Sub
 .text.NN_Mult  0x0000000000002d78      0x110 board/rockchip/common/built-in.o
                0x0000000000002d78                NN_Mult
 .text.NN_LShift
                0x0000000000002e88       0x54 board/rockchip/common/built-in.o
                0x0000000000002e88                NN_LShift
 .text.NN_RShift
                0x0000000000002edc       0x58 board/rockchip/common/built-in.o
                0x0000000000002edc                NN_RShift
 .text.NN_Div   0x0000000000002f34      0x38c board/rockchip/common/built-in.o
                0x0000000000002f34                NN_Div
 .text.NN_Mod   0x00000000000032c0       0x3c board/rockchip/common/built-in.o
                0x00000000000032c0                NN_Mod
 .text.NN_ModMult
                0x00000000000032fc       0x40 board/rockchip/common/built-in.o
                0x00000000000032fc                NN_ModMult
 .text.NN_ModExp
                0x000000000000333c      0x160 board/rockchip/common/built-in.o
                0x000000000000333c                NN_ModExp
 .text.NN_Decode
                0x000000000000349c       0x80 board/rockchip/common/built-in.o
                0x000000000000349c                NN_Decode
 .text.NN_Encode
                0x000000000000351c       0x7c board/rockchip/common/built-in.o
                0x000000000000351c                NN_Encode
 .text.rsapublicfunc.constprop.5
                0x0000000000003598       0xf8 board/rockchip/common/built-in.o
 .text.rsaDecodeHash
                0x0000000000003690       0x64 board/rockchip/common/built-in.o
                0x0000000000003690                rsaDecodeHash
 .text.rsaCheckMD5
                0x00000000000036f4       0x80 board/rockchip/common/built-in.o
                0x00000000000036f4                rsaCheckMD5
 .text.P_RC4    0x0000000000003774      0x11c board/rockchip/common/built-in.o
                0x0000000000003774                P_RC4
 .text.ftl_memset
                0x0000000000003890        0x4 board/rockchip/common/built-in.o
                0x0000000000003890                ftl_memset
 .text.ftl_memcpy
                0x0000000000003894       0x4c board/rockchip/common/built-in.o
                0x0000000000003894                ftl_memcpy
 .text.ftl_memcmp
                0x00000000000038e0        0x4 board/rockchip/common/built-in.o
                0x00000000000038e0                ftl_memcmp
 .text.DRVDelayUs
                0x00000000000038e4        0x4 board/rockchip/common/built-in.o
                0x00000000000038e4                DRVDelayUs
 .text.CacheFlushDRegion
                0x00000000000038e8        0x4 board/rockchip/common/built-in.o
                0x00000000000038e8                CacheFlushDRegion
 .text.CacheInvalidateDRegion
                0x00000000000038ec        0x8 board/rockchip/common/built-in.o
                0x00000000000038ec                CacheInvalidateDRegion
 .text.IReadLoaderFlag
                0x00000000000038f4       0x10 board/rockchip/common/built-in.o
                0x00000000000038f4                IReadLoaderFlag
 .text.ISetLoaderFlag
                0x0000000000003904       0x10 board/rockchip/common/built-in.o
                0x0000000000003904                ISetLoaderFlag
 .text.GetMmcCLK
                0x0000000000003914       0x28 board/rockchip/common/built-in.o
                0x0000000000003914                GetMmcCLK
 .text.SDCReset
                0x000000000000393c       0x78 board/rockchip/common/built-in.o
                0x000000000000393c                SDCReset
 .text.SCUSelSDClk
                0x00000000000039b4        0x4 board/rockchip/common/built-in.o
                0x00000000000039b4                SCUSelSDClk
 .text.sdmmcGpioInit
                0x00000000000039b8       0x1c board/rockchip/common/built-in.o
                0x00000000000039b8                sdmmcGpioInit
 .text.FW_NandDeInit
                0x00000000000039d4       0x28 board/rockchip/common/built-in.o
                0x00000000000039d4                FW_NandDeInit
 .text.rkplat_uart2UsbEn
                0x00000000000039fc       0x48 board/rockchip/common/built-in.o
                0x00000000000039fc                rkplat_uart2UsbEn
 .text.ParseAtoi
                0x0000000000003a44       0xa0 board/rockchip/common/built-in.o
 .text.find_mtd_part
                0x0000000000003ae4       0x4c board/rockchip/common/built-in.o
 .text.memparse
                0x0000000000003b30       0x68 board/rockchip/common/built-in.o
 .text.get_part
                0x0000000000003b98      0x1c4 board/rockchip/common/built-in.o
 .text.CheckParam
                0x0000000000003d5c       0x80 board/rockchip/common/built-in.o
                0x0000000000003d5c                CheckParam
 .text.GetParam
                0x0000000000003ddc       0x8c board/rockchip/common/built-in.o
                0x0000000000003ddc                GetParam
 .text.ParseParam
                0x0000000000003e68      0x6d4 board/rockchip/common/built-in.o
                0x0000000000003e68                ParseParam
 .text.get_disk_partition
                0x000000000000453c       0x54 board/rockchip/common/built-in.o
                0x000000000000453c                get_disk_partition
 .text.load_disk_partitions
                0x0000000000004590       0xa0 board/rockchip/common/built-in.o
                0x0000000000004590                load_disk_partitions
 .text.FindIDBlock.constprop.3
                0x0000000000004630      0x128 board/rockchip/common/built-in.o
 .text.rkidb_update_loader
                0x0000000000004758      0x99c board/rockchip/common/built-in.o
                0x0000000000004758                rkidb_update_loader
 .text.rkidb_setup_space
                0x00000000000050f4       0x58 board/rockchip/common/built-in.o
                0x00000000000050f4                rkidb_setup_space
 .text.rkidb_get_idblk_data
                0x000000000000514c       0x2c board/rockchip/common/built-in.o
                0x000000000000514c                rkidb_get_idblk_data
 .text.rkidb_get_bootloader_ver
                0x0000000000005178       0x98 board/rockchip/common/built-in.o
                0x0000000000005178                rkidb_get_bootloader_ver
 .text.rkidb_get_sn
                0x0000000000005210       0x68 board/rockchip/common/built-in.o
                0x0000000000005210                rkidb_get_sn
 .text.rkidb_get_hdcp_key
                0x0000000000005278       0x4c board/rockchip/common/built-in.o
                0x0000000000005278                rkidb_get_hdcp_key
 .text.rkloader_CopyFlash2Memory
                0x00000000000052c4       0x8c board/rockchip/common/built-in.o
                0x00000000000052c4                rkloader_CopyFlash2Memory
 .text.rkloader_CopyMemory2Flash
                0x0000000000005350       0x64 board/rockchip/common/built-in.o
                0x0000000000005350                rkloader_CopyMemory2Flash
 .text.rkloader_change_cmd_for_recovery
                0x00000000000053b4      0x114 board/rockchip/common/built-in.o
                0x00000000000053b4                rkloader_change_cmd_for_recovery
 .text.rkloader_run_misc_cmd
                0x00000000000054c8      0x24c board/rockchip/common/built-in.o
                0x00000000000054c8                rkloader_run_misc_cmd
 .text.rkloader_fixInitrd
                0x0000000000005714       0xc0 board/rockchip/common/built-in.o
                0x0000000000005714                rkloader_fixInitrd
 .text.rkloader_set_bootloader_msg
                0x00000000000057d4       0x64 board/rockchip/common/built-in.o
                0x00000000000057d4                rkloader_set_bootloader_msg
 .text.rkimg_handleDirectDownload
                0x0000000000005838       0xa0 board/rockchip/common/built-in.o
 .text.rkimg_load_image
                0x00000000000058d8       0xac board/rockchip/common/built-in.o
 .text.rkimg_noBuffer
                0x0000000000005984       0x34 board/rockchip/common/built-in.o
 .text.rkimg_handleSparseDownload
                0x00000000000059b8      0x1cc board/rockchip/common/built-in.o
 .text.rkimg_ImageDownload.part.1
                0x0000000000005b84       0x54 board/rockchip/common/built-in.o
 .text.rkimage_load_image
                0x0000000000005bd8       0x78 board/rockchip/common/built-in.o
                0x0000000000005bd8                rkimage_load_image
 .text.rkimage_partition_erase
                0x0000000000005c50       0x1c board/rockchip/common/built-in.o
                0x0000000000005c50                rkimage_partition_erase
 .text.rkimage_store_image
                0x0000000000005c6c      0x7c4 board/rockchip/common/built-in.o
                0x0000000000005c6c                rkimage_store_image
 .text.rkimage_handleDownload
                0x0000000000006430      0x1d8 board/rockchip/common/built-in.o
                0x0000000000006430                rkimage_handleDownload
 .text.rkimage_load_fdt
                0x0000000000006608      0x180 board/rockchip/common/built-in.o
                0x0000000000006608                rkimage_load_fdt
 .text.rkimage_load_fdt_ram
                0x0000000000006788       0x94 board/rockchip/common/built-in.o
                0x0000000000006788                rkimage_load_fdt_ram
 .text.rkimage_prepare_fdt
                0x000000000000681c       0x94 board/rockchip/common/built-in.o
                0x000000000000681c                rkimage_prepare_fdt
 .text.GetPortState
                0x00000000000068b0       0xc4 board/rockchip/common/built-in.o
 .text.checkKey
                0x0000000000006974       0x88 board/rockchip/common/built-in.o
                0x0000000000006974                checkKey
 .text.RemotectlInit
                0x00000000000069fc       0x64 board/rockchip/common/built-in.o
                0x00000000000069fc                RemotectlInit
 .text.RemotectlDeInit
                0x0000000000006a60       0x1c board/rockchip/common/built-in.o
                0x0000000000006a60                RemotectlDeInit
 .text.key_init
                0x0000000000006a7c      0x1dc board/rockchip/common/built-in.o
                0x0000000000006a7c                key_init
 .text.powerOn  0x0000000000006c58       0x20 board/rockchip/common/built-in.o
                0x0000000000006c58                powerOn
 .text.remotectl_do_something_readtime
                0x0000000000006c78       0x68 board/rockchip/common/built-in.o
                0x0000000000006c78                remotectl_do_something_readtime
 .text.remotectl_do_something
                0x0000000000006ce0      0x1f4 board/rockchip/common/built-in.o
                0x0000000000006ce0                remotectl_do_something
 .text.remotectlInitInDriver
                0x0000000000006ed4       0xb4 board/rockchip/common/built-in.o
                0x0000000000006ed4                remotectlInitInDriver
 .text.board_fbt_request_start_fastboot
                0x0000000000006f88       0x54 board/rockchip/common/built-in.o
 .text.backupboot_to_back
                0x0000000000006fdc       0x60 board/rockchip/common/built-in.o
                0x0000000000006fdc                backupboot_to_back
 .text.backfs   0x000000000000703c      0x10c board/rockchip/common/built-in.o
                0x000000000000703c                backfs
 .text.read_flag_of_backfs
                0x0000000000007148       0x68 board/rockchip/common/built-in.o
                0x0000000000007148                read_flag_of_backfs
 .text.read_flag_of_back
                0x00000000000071b0       0x68 board/rockchip/common/built-in.o
                0x00000000000071b0                read_flag_of_back
 .text.write_flag_of_back
                0x0000000000007218       0x88 board/rockchip/common/built-in.o
                0x0000000000007218                write_flag_of_back
 .text.write_flag_of_backfs
                0x00000000000072a0       0x8c board/rockchip/common/built-in.o
                0x00000000000072a0                write_flag_of_backfs
 .text.board_fbt_run_recovery
                0x000000000000732c       0x98 board/rockchip/common/built-in.o
 .text.board_fbt_set_reboot_type
                0x00000000000073c4       0x6c board/rockchip/common/built-in.o
                0x00000000000073c4                board_fbt_set_reboot_type
 .text.board_fbt_get_reboot_type
                0x0000000000007430       0xf0 board/rockchip/common/built-in.o
                0x0000000000007430                board_fbt_get_reboot_type
 .text.board_fbt_key_pressed
                0x0000000000007520      0x130 board/rockchip/common/built-in.o
                0x0000000000007520                board_fbt_key_pressed
 .text.board_fbt_finalize_bootargs
                0x0000000000007650       0x60 board/rockchip/common/built-in.o
                0x0000000000007650                board_fbt_finalize_bootargs
 .text.board_fbt_boot_failed
                0x00000000000076b0       0xcc board/rockchip/common/built-in.o
                0x00000000000076b0                board_fbt_boot_failed
 .text.board_fbt_oem
                0x000000000000777c        0x8 board/rockchip/common/built-in.o
                0x000000000000777c                board_fbt_oem
 .text.board_fbt_handle_erase
                0x0000000000007784        0x4 board/rockchip/common/built-in.o
                0x0000000000007784                board_fbt_handle_erase
 .text.board_fbt_handle_flash
                0x0000000000007788        0x4 board/rockchip/common/built-in.o
                0x0000000000007788                board_fbt_handle_flash
 .text.board_fbt_handle_download
                0x000000000000778c        0x4 board/rockchip/common/built-in.o
                0x000000000000778c                board_fbt_handle_download
 .text.board_fbt_load_partition_table
                0x0000000000007790        0x4 board/rockchip/common/built-in.o
                0x0000000000007790                board_fbt_load_partition_table
 .text.board_fbt_get_partition
                0x0000000000007794        0x4 board/rockchip/common/built-in.o
                0x0000000000007794                board_fbt_get_partition
 .text.board_fbt_run_recovery_wipe_data
                0x0000000000007798       0x88 board/rockchip/common/built-in.o
                0x0000000000007798                board_fbt_run_recovery_wipe_data
 .text.read_uboot_cmdline
                0x0000000000007820       0x6c board/rockchip/common/built-in.o
                0x0000000000007820                read_uboot_cmdline
 .text.read_rotate_flags
                0x000000000000788c       0xb8 board/rockchip/common/built-in.o
                0x000000000000788c                read_rotate_flags
 .text.board_fbt_preboot
                0x0000000000007944      0x33c board/rockchip/common/built-in.o
                0x0000000000007944                board_fbt_preboot
 .text.MMC_AccessBootPartition
                0x0000000000007c80       0x6c board/rockchip/common/built-in.o
                0x0000000000007c80                MMC_AccessBootPartition
 .text.MMC_SetBootBusWidth
                0x0000000000007cec       0x78 board/rockchip/common/built-in.o
                0x0000000000007cec                MMC_SetBootBusWidth
 .text.MMC_SwitchBoot
                0x0000000000007d64       0x78 board/rockchip/common/built-in.o
                0x0000000000007d64                MMC_SwitchBoot
 .text.MMC_Init
                0x0000000000007ddc      0x708 board/rockchip/common/built-in.o
                0x0000000000007ddc                MMC_Init
 .text._SD_DecodeCID
                0x00000000000084e4       0x88 board/rockchip/common/built-in.o
 .text._SD_DecodeCSD
                0x000000000000856c       0xf0 board/rockchip/common/built-in.o
 .text.unlikely._SD_SwitchFunction
                0x000000000000865c      0x3f8 board/rockchip/common/built-in.o
 .text.SD1X_Init
                0x0000000000008a54      0x218 board/rockchip/common/built-in.o
                0x0000000000008a54                SD1X_Init
 .text.SD20_Init
                0x0000000000008c6c      0x24c board/rockchip/common/built-in.o
                0x0000000000008c6c                SD20_Init
 .text.SDC_ResetFIFO
                0x0000000000008eb8       0x70 board/rockchip/common/built-in.o
 .text.unlikely._ReadRemainData
                0x0000000000008f28      0x110 board/rockchip/common/built-in.o
 .text._ControlClock
                0x0000000000009038       0xdc board/rockchip/common/built-in.o
 .text._WaitCardBusy
                0x0000000000009114       0x70 board/rockchip/common/built-in.o
 .text._ChangeFreq
                0x0000000000009184      0x1bc board/rockchip/common/built-in.o
 .text.eMMC_SetDataHigh
                0x0000000000009340       0x20 board/rockchip/common/built-in.o
                0x0000000000009340                eMMC_SetDataHigh
 .text.SDC_IsCardIdValid
                0x0000000000009360       0x10 board/rockchip/common/built-in.o
                0x0000000000009360                SDC_IsCardIdValid
 .text.SDC_IsCardWriteProtected
                0x0000000000009370        0x8 board/rockchip/common/built-in.o
                0x0000000000009370                SDC_IsCardWriteProtected
 .text.SDC_GetHostBusWidth
                0x0000000000009378       0x20 board/rockchip/common/built-in.o
                0x0000000000009378                SDC_GetHostBusWidth
 .text.SDC_SetHostBusWidth
                0x0000000000009398       0x80 board/rockchip/common/built-in.o
                0x0000000000009398                SDC_SetHostBusWidth
 .text.SDC_ResetController
                0x0000000000009418      0x168 board/rockchip/common/built-in.o
                0x0000000000009418                SDC_ResetController
 .text.SDC_Init
                0x0000000000009580      0x154 board/rockchip/common/built-in.o
                0x0000000000009580                SDC_Init
 .text.SDC_UpdateCardFreq
                0x00000000000096d4       0x2c board/rockchip/common/built-in.o
                0x00000000000096d4                SDC_UpdateCardFreq
 .text.SDC_ControlPower
                0x0000000000009700       0x24 board/rockchip/common/built-in.o
                0x0000000000009700                SDC_ControlPower
 .text.SDC_BusRequest
                0x0000000000009724      0xa08 board/rockchip/common/built-in.o
                0x0000000000009724                SDC_BusRequest
 .text._DataErrorHandle
                0x000000000000a12c       0xa4 board/rockchip/common/built-in.o
 .text._ResponseTimeoutHandle
                0x000000000000a1d0       0xc8 board/rockchip/common/built-in.o
 .text._SDMMC_Write
                0x000000000000a298      0x194 board/rockchip/common/built-in.o
 .text._SDMMC_Read
                0x000000000000a42c      0x1f0 board/rockchip/common/built-in.o
 .text._GenerateRCA
                0x000000000000a61c       0x3c board/rockchip/common/built-in.o
                0x000000000000a61c                _GenerateRCA
 .text._IsRCAUsable
                0x000000000000a658       0x3c board/rockchip/common/built-in.o
                0x000000000000a658                _IsRCAUsable
 .text._Identify_SendCmd
                0x000000000000a694        0x4 board/rockchip/common/built-in.o
                0x000000000000a694                _Identify_SendCmd
 .text._Identify_SendAppCmd
                0x000000000000a698       0x80 board/rockchip/common/built-in.o
                0x000000000000a698                _Identify_SendAppCmd
 .text.SDM_Init
                0x000000000000a718       0x50 board/rockchip/common/built-in.o
                0x000000000000a718                SDM_Init
 .text.SDM_Open
                0x000000000000a768       0x58 board/rockchip/common/built-in.o
                0x000000000000a768                SDM_Open
 .text.SDM_Read
                0x000000000000a7c0      0x118 board/rockchip/common/built-in.o
                0x000000000000a7c0                SDM_Read
 .text.SDM_Write
                0x000000000000a8d8      0x128 board/rockchip/common/built-in.o
                0x000000000000a8d8                SDM_Write
 .text.SDM_IOCtrl
                0x000000000000aa00      0x4e0 board/rockchip/common/built-in.o
                0x000000000000aa00                SDM_IOCtrl
 .text.SDOAM_Delay
                0x000000000000aee0        0x4 board/rockchip/common/built-in.o
                0x000000000000aee0                SDOAM_Delay
 .text.SDOAM_SendMsg
                0x000000000000aee4        0x4 board/rockchip/common/built-in.o
                0x000000000000aee4                SDOAM_SendMsg
 .text.SDOAM_CreateMutex
                0x000000000000aee8       0x3c board/rockchip/common/built-in.o
                0x000000000000aee8                SDOAM_CreateMutex
 .text.SDOAM_RequestMutex
                0x000000000000af24        0x4 board/rockchip/common/built-in.o
                0x000000000000af24                SDOAM_RequestMutex
 .text.SDOAM_ReleaseMutex
                0x000000000000af28        0x4 board/rockchip/common/built-in.o
                0x000000000000af28                SDOAM_ReleaseMutex
 .text.SDOAM_CreateEvent
                0x000000000000af2c       0x3c board/rockchip/common/built-in.o
                0x000000000000af2c                SDOAM_CreateEvent
 .text.SDPAM_FlushCache
                0x000000000000af68        0x4 board/rockchip/common/built-in.o
                0x000000000000af68                SDPAM_FlushCache
 .text.SDPAM_CleanCache
                0x000000000000af6c        0x4 board/rockchip/common/built-in.o
                0x000000000000af6c                SDPAM_CleanCache
 .text.SDPAM_InvalidateCache
                0x000000000000af70        0x4 board/rockchip/common/built-in.o
                0x000000000000af70                SDPAM_InvalidateCache
 .text.SDPAM_GetAHBFreq
                0x000000000000af74        0x4 board/rockchip/common/built-in.o
                0x000000000000af74                SDPAM_GetAHBFreq
 .text.SDPAM_SDCClkEnable
                0x000000000000af78        0x4 board/rockchip/common/built-in.o
                0x000000000000af78                SDPAM_SDCClkEnable
 .text.SDPAM_SDCReset
                0x000000000000af7c       0x14 board/rockchip/common/built-in.o
                0x000000000000af7c                SDPAM_SDCReset
 .text.SDPAM_SetMmcClkDiv
                0x000000000000af90       0x14 board/rockchip/common/built-in.o
                0x000000000000af90                SDPAM_SetMmcClkDiv
 .text.SDPAM_IOMUX_SetSDPort
                0x000000000000afa4        0x8 board/rockchip/common/built-in.o
                0x000000000000afa4                SDPAM_IOMUX_SetSDPort
 .text.SDPAM_ControlPower
                0x000000000000afac        0x4 board/rockchip/common/built-in.o
                0x000000000000afac                SDPAM_ControlPower
 .text.SdmmcReinit
                0x000000000000afb0       0x7c board/rockchip/common/built-in.o
                0x000000000000afb0                SdmmcReinit
 .text.SdmmcInit
                0x000000000000b02c      0x154 board/rockchip/common/built-in.o
                0x000000000000b02c                SdmmcInit
 .text.SdmmcDeInit
                0x000000000000b180        0x8 board/rockchip/common/built-in.o
                0x000000000000b180                SdmmcDeInit
 .text.SdmmcBootWritePBA
                0x000000000000b188       0xc4 board/rockchip/common/built-in.o
                0x000000000000b188                SdmmcBootWritePBA
 .text.SdmmcBootReadPBA
                0x000000000000b24c       0xc8 board/rockchip/common/built-in.o
                0x000000000000b24c                SdmmcBootReadPBA
 .text.SdmmcBootReadLBA
                0x000000000000b314       0x6c board/rockchip/common/built-in.o
                0x000000000000b314                SdmmcBootReadLBA
 .text.SdmmcBootWriteLBA
                0x000000000000b380       0x40 board/rockchip/common/built-in.o
                0x000000000000b380                SdmmcBootWriteLBA
 .text.SdmmcReadID
                0x000000000000b3c0       0x28 board/rockchip/common/built-in.o
                0x000000000000b3c0                SdmmcReadID
 .text.SdmmcReadFlashInfo
                0x000000000000b3e8       0xa8 board/rockchip/common/built-in.o
                0x000000000000b3e8                SdmmcReadFlashInfo
 .text.SdmmcGetCapacity
                0x000000000000b490       0x20 board/rockchip/common/built-in.o
                0x000000000000b490                SdmmcGetCapacity
 .text.SdmmcSysDataLoad
                0x000000000000b4b0       0x34 board/rockchip/common/built-in.o
                0x000000000000b4b0                SdmmcSysDataLoad
 .text.SdmmcSysDataStore
                0x000000000000b4e4       0x34 board/rockchip/common/built-in.o
                0x000000000000b4e4                SdmmcSysDataStore
 .text.SdmmcGetFwOffset
                0x000000000000b518       0x24 board/rockchip/common/built-in.o
                0x000000000000b518                SdmmcGetFwOffset
 .text.SdmmcGetSysOffset
                0x000000000000b53c       0x24 board/rockchip/common/built-in.o
                0x000000000000b53c                SdmmcGetSysOffset
 .text.SdmmcBootErase
                0x000000000000b560        0x8 board/rockchip/common/built-in.o
                0x000000000000b560                SdmmcBootErase
 .text.SdmmcCheckIdBlock
                0x000000000000b568        0x4 board/rockchip/common/built-in.o
                0x000000000000b568                SdmmcCheckIdBlock
 .text.SdmmcGetSDCardBootMode
                0x000000000000b56c       0x10 board/rockchip/common/built-in.o
                0x000000000000b56c                SdmmcGetSDCardBootMode
 .text.CryptoSHAInit
                0x000000000000b57c       0x58 board/rockchip/common/built-in.o
                0x000000000000b57c                CryptoSHAInit
 .text.CryptoSHAStart
                0x000000000000b5d4       0x58 board/rockchip/common/built-in.o
                0x000000000000b5d4                CryptoSHAStart
 .text.CryptoSHAEnd
                0x000000000000b62c       0x50 board/rockchip/common/built-in.o
                0x000000000000b62c                CryptoSHAEnd
 .text.CryptoRSAStart
                0x000000000000b67c       0x94 board/rockchip/common/built-in.o
                0x000000000000b67c                CryptoRSAStart
 .text.CryptoRSAEnd
                0x000000000000b710       0x3c board/rockchip/common/built-in.o
                0x000000000000b710                CryptoRSAEnd
 .text.CryptoRSAInit
                0x000000000000b74c       0x3c board/rockchip/common/built-in.o
                0x000000000000b74c                CryptoRSAInit
 .text.CryptoInit
                0x000000000000b788        0xc board/rockchip/common/built-in.o
                0x000000000000b788                CryptoInit
 .text.EfuseRead
                0x000000000000b794       0x9c board/rockchip/common/built-in.o
                0x000000000000b794                EfuseRead
 .text.SecureBootCheck
                0x000000000000b830       0x5c board/rockchip/common/built-in.o
                0x000000000000b830                SecureBootCheck
 .text.SecureBootUnlock
                0x000000000000b88c       0x4c board/rockchip/common/built-in.o
                0x000000000000b88c                SecureBootUnlock
 .text.SecureBootUnlockCheck
                0x000000000000b8d8       0x10 board/rockchip/common/built-in.o
                0x000000000000b8d8                SecureBootUnlockCheck
 .text.SecureBootLockLoader
                0x000000000000b8e8        0x4 board/rockchip/common/built-in.o
                0x000000000000b8e8                SecureBootLockLoader
 .text.SecureBootSetSysData2Kernel
                0x000000000000b8ec       0xd8 board/rockchip/common/built-in.o
                0x000000000000b8ec                SecureBootSetSysData2Kernel
 .text.SecureBootImageCheck
                0x000000000000b9c4        0xc board/rockchip/common/built-in.o
                0x000000000000b9c4                SecureBootImageCheck
 .text.SecureBootSecureState2Kernel
                0x000000000000b9d0       0x24 board/rockchip/common/built-in.o
                0x000000000000b9d0                SecureBootSecureState2Kernel
 .text.SecureRKModeChkPubkey
                0x000000000000b9f4       0x54 board/rockchip/common/built-in.o
 .text.SecureRKModeVerifyLoader
                0x000000000000ba48       0xa4 board/rockchip/common/built-in.o
 .text.SecureNSModeVerifyLoader
                0x000000000000baec       0x80 board/rockchip/common/built-in.o
 .text.SecureNSModeSignCheck
                0x000000000000bb6c       0x5c board/rockchip/common/built-in.o
 .text.SecureRKModeVerifyBootImage
                0x000000000000bbc8      0x170 board/rockchip/common/built-in.o
 .text.SecureModeVerifyLoader
                0x000000000000bd38       0x1c board/rockchip/common/built-in.o
                0x000000000000bd38                SecureModeVerifyLoader
 .text.SecureModeVerifyUbootImage
                0x000000000000bd54      0x1fc board/rockchip/common/built-in.o
                0x000000000000bd54                SecureModeVerifyUbootImage
 .text.SecureModeVerifyBootImage
                0x000000000000bf50      0x1e0 board/rockchip/common/built-in.o
                0x000000000000bf50                SecureModeVerifyBootImage
 .text.SecureModeBootImageCheck
                0x000000000000c130       0xc4 board/rockchip/common/built-in.o
                0x000000000000c130                SecureModeBootImageCheck
 .text.SecureModeRSAKeyCheck
                0x000000000000c1f4       0xf4 board/rockchip/common/built-in.o
                0x000000000000c1f4                SecureModeRSAKeyCheck
 .text.SecureModeLockLoader
                0x000000000000c2e8       0x64 board/rockchip/common/built-in.o
                0x000000000000c2e8                SecureModeLockLoader
 .text.SecureModeInit
                0x000000000000c34c      0x404 board/rockchip/common/built-in.o
                0x000000000000c34c                SecureModeInit
 .text.FW_ReIntForUpdate
                0x000000000000c750       0x3c board/rockchip/common/built-in.o
                0x000000000000c750                FW_ReIntForUpdate
 .text.FW_SorageLowFormatEn
                0x000000000000c78c       0x10 board/rockchip/common/built-in.o
                0x000000000000c78c                FW_SorageLowFormatEn
 .text.FW_SorageLowFormat
                0x000000000000c79c       0x68 board/rockchip/common/built-in.o
                0x000000000000c79c                FW_SorageLowFormat
 .text.FW_StorageGetValid
                0x000000000000c804       0x14 board/rockchip/common/built-in.o
                0x000000000000c804                FW_StorageGetValid
 .text.FW_GetCurEraseBlock
                0x000000000000c818       0x2c board/rockchip/common/built-in.o
                0x000000000000c818                FW_GetCurEraseBlock
 .text.FW_GetTotleBlk
                0x000000000000c844       0x2c board/rockchip/common/built-in.o
                0x000000000000c844                FW_GetTotleBlk
 .text.StorageReadPba
                0x000000000000c870       0x44 board/rockchip/common/built-in.o
                0x000000000000c870                StorageReadPba
 .text.StorageWritePba
                0x000000000000c8b4       0x44 board/rockchip/common/built-in.o
                0x000000000000c8b4                StorageWritePba
 .text.StorageReadLba
                0x000000000000c8f8       0x44 board/rockchip/common/built-in.o
                0x000000000000c8f8                StorageReadLba
 .text.StorageWriteLba
                0x000000000000c93c       0x4c board/rockchip/common/built-in.o
                0x000000000000c93c                StorageWriteLba
 .text.StorageGetCapacity
                0x000000000000c988       0x30 board/rockchip/common/built-in.o
                0x000000000000c988                StorageGetCapacity
 .text.StorageSysDataLoad
                0x000000000000c9b8       0x50 board/rockchip/common/built-in.o
                0x000000000000c9b8                StorageSysDataLoad
 .text.StorageSysDataStore
                0x000000000000ca08       0x3c board/rockchip/common/built-in.o
                0x000000000000ca08                StorageSysDataStore
 .text.StorageUbootSysDataLoad
                0x000000000000ca44        0x8 board/rockchip/common/built-in.o
                0x000000000000ca44                StorageUbootSysDataLoad
 .text.StorageUbootSysDataStore
                0x000000000000ca4c        0x8 board/rockchip/common/built-in.o
                0x000000000000ca4c                StorageUbootSysDataStore
 .text.StorageVendorSysDataLoad
                0x000000000000ca54       0x4c board/rockchip/common/built-in.o
                0x000000000000ca54                StorageVendorSysDataLoad
 .text.StorageVendorSysDataStore
                0x000000000000caa0       0x48 board/rockchip/common/built-in.o
                0x000000000000caa0                StorageVendorSysDataStore
 .text.StorageReadFlashInfo
                0x000000000000cae8       0x30 board/rockchip/common/built-in.o
                0x000000000000cae8                StorageReadFlashInfo
 .text.StorageInit
                0x000000000000cb18       0x9c board/rockchip/common/built-in.o
                0x000000000000cb18                StorageInit
 .text.StorageEraseBlock
                0x000000000000cbb4       0x5c board/rockchip/common/built-in.o
                0x000000000000cbb4                StorageEraseBlock
 .text.StorageGetBootMedia
                0x000000000000cc10       0x14 board/rockchip/common/built-in.o
                0x000000000000cc10                StorageGetBootMedia
 .text.StorageGetSDFwOffset
                0x000000000000cc24       0x28 board/rockchip/common/built-in.o
                0x000000000000cc24                StorageGetSDFwOffset
 .text.StorageGetSDSysOffset
                0x000000000000cc4c       0x28 board/rockchip/common/built-in.o
                0x000000000000cc4c                StorageGetSDSysOffset
 .text.StorageReadId
                0x000000000000cc74       0x38 board/rockchip/common/built-in.o
                0x000000000000cc74                StorageReadId
 .text.StorageSDCardUpdateMode
                0x000000000000ccac       0x38 board/rockchip/common/built-in.o
                0x000000000000ccac                StorageSDCardUpdateMode
 .text.board_lmb_reserve
                0x000000000000cce4       0x44 board/rockchip/rk32xx/built-in.o
                0x000000000000cce4                board_lmb_reserve
 .text.board_storage_init
                0x000000000000cd28       0x38 board/rockchip/rk32xx/built-in.o
                0x000000000000cd28                board_storage_init
 .text.board_init
                0x000000000000cd60       0x20 board/rockchip/rk32xx/built-in.o
                0x000000000000cd60                board_init
 .text.checkboard
                0x000000000000cd80       0x18 board/rockchip/rk32xx/built-in.o
                0x000000000000cd80                checkboard
 .text.arch_early_init_r
                0x000000000000cd98       0x18 board/rockchip/rk32xx/built-in.o
                0x000000000000cd98                arch_early_init_r
 .text.board_late_init
                0x000000000000cdb0      0x158 board/rockchip/rk32xx/built-in.o
                0x000000000000cdb0                board_late_init
 .text.show_boot_progress
                0x000000000000cf08        0x4 common/built-in.o
                0x000000000000cf08                show_boot_progress
 .text.main_loop
                0x000000000000cf0c       0x40 common/built-in.o
                0x000000000000cf0c                main_loop
 .text.find_cmd_tbl
                0x000000000000cf4c       0xa4 common/built-in.o
                0x000000000000cf4c                find_cmd_tbl
 .text.find_cmd
                0x000000000000cff0       0x28 common/built-in.o
                0x000000000000cff0                find_cmd
 .text.cmd_usage
                0x000000000000d018       0x5c common/built-in.o
                0x000000000000d018                cmd_usage
 .text._do_help
                0x000000000000d074      0x184 common/built-in.o
                0x000000000000d074                _do_help
 .text.cmd_process
                0x000000000000d1f8       0xc0 common/built-in.o
                0x000000000000d1f8                cmd_process
 .text.dummy    0x000000000000d2b8        0x4 common/built-in.o
 .text.get_version
                0x000000000000d2bc        0x8 common/built-in.o
                0x000000000000d2bc                get_version
 .text.jumptable_init
                0x000000000000d2c4      0x190 common/built-in.o
                0x000000000000d2c4                jumptable_init
 .text.b_reset  0x000000000000d454       0x1c common/built-in.o
 .text.static_get
                0x000000000000d470       0x1c common/built-in.o
 .text.static_peek
                0x000000000000d48c        0xc common/built-in.o
 .text.file_peek
                0x000000000000d498        0xc common/built-in.o
 .text.mapset   0x000000000000d4a4       0x24 common/built-in.o
 .text.syntax_err
                0x000000000000d4c8        0xc common/built-in.o
 .text.do_showvar
                0x000000000000d4d4       0xf4 common/built-in.o
 .text.xmalloc  0x000000000000d5c8       0x20 common/built-in.o
 .text.new_pipe
                0x000000000000d5e8       0x28 common/built-in.o
 .text.free_pipe_list
                0x000000000000d610       0xfc common/built-in.o
 .text.xrealloc
                0x000000000000d70c       0x20 common/built-in.o
 .text.done_command
                0x000000000000d72c       0x8c common/built-in.o
 .text.done_pipe
                0x000000000000d7b8       0x48 common/built-in.o
 .text.done_word
                0x000000000000d800      0x2e4 common/built-in.o
 .text.is_assignment
                0x000000000000dae4       0x54 common/built-in.o
 .text.file_get
                0x000000000000db38      0x1d0 common/built-in.o
 .text.b_addchr
                0x000000000000dd08       0x80 common/built-in.o
 .text.b_addqchr
                0x000000000000dd88       0x50 common/built-in.o
 .text.get_local_var
                0x000000000000ddd8       0x98 common/built-in.o
                0x000000000000ddd8                get_local_var
 .text.set_local_var
                0x000000000000de70      0x1c0 common/built-in.o
                0x000000000000de70                set_local_var
 .text.insert_var_value_sub
                0x000000000000e030      0x2b0 common/built-in.o
 .text.parse_string_outer
                0x000000000000e2e0       0xf0 common/built-in.o
                0x000000000000e2e0                parse_string_outer
 .text.run_list_real
                0x000000000000e3d0      0x7ec common/built-in.o
 .text.parse_stream_outer
                0x000000000000ebbc      0x6e8 common/built-in.o
 .text.parse_file_outer
                0x000000000000f2a4       0x44 common/built-in.o
                0x000000000000f2a4                parse_file_outer
 .text.u_boot_hush_start
                0x000000000000f2e8       0x54 common/built-in.o
                0x000000000000f2e8                u_boot_hush_start
 .text.run_command
                0x000000000000f33c        0x8 common/built-in.o
                0x000000000000f33c                run_command
 .text.run_command_list
                0x000000000000f344       0x5c common/built-in.o
                0x000000000000f344                run_command_list
 .text.cli_loop
                0x000000000000f3a0        0xc common/built-in.o
                0x000000000000f3a0                cli_loop
 .text.cli_init
                0x000000000000f3ac        0x4 common/built-in.o
                0x000000000000f3ac                cli_init
 .text.delete_char.part.0
                0x000000000000f3b0       0xd4 common/built-in.o
 .text.cli_readline_into_buffer
                0x000000000000f484      0x1f0 common/built-in.o
                0x000000000000f484                cli_readline_into_buffer
 .text.cli_readline
                0x000000000000f674       0x14 common/built-in.o
                0x000000000000f674                cli_readline
 .text.bootdelay_process
                0x000000000000f688       0x48 common/built-in.o
                0x000000000000f688                bootdelay_process
 .text.autoboot_command
                0x000000000000f6d0       0xd8 common/built-in.o
                0x000000000000f6d0                autoboot_command
 .text.display_text_info
                0x000000000000f7a8        0x8 common/built-in.o
 .text.setup_mon_len
                0x000000000000f7b0       0x20 common/built-in.o
 .text.setup_fdt
                0x000000000000f7d0        0x8 common/built-in.o
 .text.reserve_round_4k
                0x000000000000f7d8       0x18 common/built-in.o
 .text.reserve_mmu
                0x000000000000f7f0       0x38 common/built-in.o
 .text.reserve_lcd
                0x000000000000f828       0x14 common/built-in.o
 .text.reserve_trace
                0x000000000000f83c        0x8 common/built-in.o
 .text.reserve_global_buffers
                0x000000000000f844       0x4c common/built-in.o
 .text.reserve_uboot
                0x000000000000f890       0x30 common/built-in.o
 .text.reserve_malloc
                0x000000000000f8c0       0x18 common/built-in.o
 .text.setup_machine
                0x000000000000f8d8        0x8 common/built-in.o
 .text.reserve_global_data
                0x000000000000f8e0       0x1c common/built-in.o
 .text.reserve_fdt
                0x000000000000f8fc       0x4c common/built-in.o
 .text.display_new_sp
                0x000000000000f948        0x8 common/built-in.o
 .text.initf_malloc
                0x000000000000f950        0x8 common/built-in.o
 .text.initf_dm
                0x000000000000f958        0x8 common/built-in.o
 .text.setup_reloc
                0x000000000000f960       0x24 common/built-in.o
 .text.reloc_fdt
                0x000000000000f984       0x30 common/built-in.o
 .text.announce_dram_init
                0x000000000000f9b4       0x18 common/built-in.o
 .text.init_baud_rate
                0x000000000000f9cc       0x2c common/built-in.o
 .text.mark_bootstage
                0x000000000000f9f8       0x14 common/built-in.o
 .text.reserve_board
                0x000000000000fa0c       0x38 common/built-in.o
 .text.coloured_LED_init
                0x000000000000fa44        0x4 common/built-in.o
                0x000000000000fa44                coloured_LED_init
 .text.red_led_on
                0x000000000000fa48        0x4 common/built-in.o
                0x000000000000fa48                red_led_on
 .text.board_add_ram_info
                0x000000000000fa4c        0x4 common/built-in.o
                0x000000000000fa4c                board_add_ram_info
 .text.show_dram_config
                0x000000000000fa50       0x38 common/built-in.o
 .text.setup_dram_config
                0x000000000000fa88       0x10 common/built-in.o
 .text.board_get_usable_ram_top
                0x000000000000fa98        0x8 common/built-in.o
                0x000000000000fa98                board_get_usable_ram_top
 .text.setup_dest_addr
                0x000000000000faa0       0x40 common/built-in.o
 .text.reserve_stacks
                0x000000000000fae0       0x1c common/built-in.o
 .text.board_init_f
                0x000000000000fafc       0x28 common/built-in.o
                0x000000000000fafc                board_init_f
 .text.bootstage_relocate
                0x000000000000fb24        0x8 common/built-in.o
 .text.initr_trace
                0x000000000000fb2c        0x8 common/built-in.o
 .text.initr_reloc_global_data
                0x000000000000fb34       0x28 common/built-in.o
 .text.initr_barrier
                0x000000000000fb5c        0x8 common/built-in.o
 .text.power_init_board
                0x000000000000fb64        0x8 common/built-in.o
                0x000000000000fb64                power_init_board
 .text.initr_announce
                0x000000000000fb6c        0x8 common/built-in.o
 .text.run_main_loop
                0x000000000000fb74        0xc common/built-in.o
 .text.initr_enable_interrupts
                0x000000000000fb80       0x10 common/built-in.o
 .text.initr_jumptable
                0x000000000000fb90       0x10 common/built-in.o
 .text.initr_env
                0x000000000000fba0       0x30 common/built-in.o
 .text.initr_rk_storage
                0x000000000000fbd0       0x10 common/built-in.o
 .text.initr_serial
                0x000000000000fbe0       0x10 common/built-in.o
 .text.initr_malloc
                0x000000000000fbf0       0x24 common/built-in.o
 .text.initr_caches
                0x000000000000fc14       0x10 common/built-in.o
 .text.initr_reloc
                0x000000000000fc24       0x20 common/built-in.o
 .text.cpu_secondary_init_r
                0x000000000000fc44        0x4 common/built-in.o
                0x000000000000fc44                cpu_secondary_init_r
 .text.initr_secondary_cpu
                0x000000000000fc48       0x10 common/built-in.o
 .text.board_init_r
                0x000000000000fc58       0x14 common/built-in.o
                0x000000000000fc58                board_init_r
 .text.show_board_info
                0x000000000000fc6c        0x4 common/built-in.o
                0x000000000000fc6c                show_board_info
 .text.do_go_exec
                0x000000000000fc70       0x18 common/built-in.o
                0x000000000000fc70                do_go_exec
 .text.do_go    0x000000000000fc88       0x70 common/built-in.o
                0x000000000000fc88                do_go
 .text.do_bootm
                0x000000000000fcf8       0xfc common/built-in.o
                0x000000000000fcf8                do_bootm
 .text.bootm_find_ramdisk_fdt
                0x000000000000fdf4       0xb4 common/built-in.o
                0x000000000000fdf4                bootm_find_ramdisk_fdt
 .text.do_bootm_states
                0x000000000000fea8      0x728 common/built-in.o
                0x000000000000fea8                do_bootm_states
 .text.do_bootm_standalone
                0x00000000000105d0       0x64 common/built-in.o
 .text.arch_preboot_os
                0x0000000000010634        0x4 common/built-in.o
                0x0000000000010634                arch_preboot_os
 .text.boot_selected_os
                0x0000000000010638       0x5c common/built-in.o
                0x0000000000010638                boot_selected_os
 .text.bootm_os_get_boot_func
                0x0000000000010694       0x10 common/built-in.o
                0x0000000000010694                bootm_os_get_boot_func
 .text.do_help  0x00000000000106a4       0x44 common/built-in.o
 .text.do_version
                0x00000000000106e8       0x38 common/built-in.o
 .text.env_attr_walk
                0x0000000000010720      0x120 common/built-in.o
                0x0000000000010720                env_attr_walk
 .text.env_attr_lookup
                0x0000000000010840      0x190 common/built-in.o
                0x0000000000010840                env_attr_lookup
 .text.clear_callback
                0x00000000000109d0       0x10 common/built-in.o
 .text.on_callbacks
                0x00000000000109e0       0x48 common/built-in.o
 .text.set_callback
                0x0000000000010a28       0xd8 common/built-in.o
 .text.env_callback_init
                0x0000000000010b00      0x114 common/built-in.o
                0x0000000000010b00                env_callback_init
 .text.clear_flags
                0x0000000000010c14       0x10 common/built-in.o
 .text.on_flags
                0x0000000000010c24       0x48 common/built-in.o
 .text.env_flags_parse_vartype
                0x0000000000010c6c       0x50 common/built-in.o
                0x0000000000010c6c                env_flags_parse_vartype
 .text.env_flags_parse_varaccess
                0x0000000000010cbc       0x58 common/built-in.o
                0x0000000000010cbc                env_flags_parse_varaccess
 .text.set_flags
                0x0000000000010d14       0xac common/built-in.o
 .text.env_flags_init
                0x0000000000010dc0       0xd4 common/built-in.o
                0x0000000000010dc0                env_flags_init
 .text.env_flags_validate
                0x0000000000010e94      0x238 common/built-in.o
                0x0000000000010e94                env_flags_validate
 .text.env_init
                0x00000000000110cc       0x1c common/built-in.o
                0x00000000000110cc                env_init
 .text.saveenv  0x00000000000110e8       0xf0 common/built-in.o
                0x00000000000110e8                saveenv
 .text.env_relocate_spec
                0x00000000000111d8       0xc0 common/built-in.o
                0x00000000000111d8                env_relocate_spec
 .text.do_bmp   0x0000000000011298       0x54 common/built-in.o
 .text.do_bmp_info
                0x00000000000112ec      0x100 common/built-in.o
 .text.bmp_display
                0x00000000000113ec       0x38 common/built-in.o
                0x00000000000113ec                bmp_display
 .text.do_bmp_display
                0x0000000000011424       0xa4 common/built-in.o
 .text.do_exit  0x00000000000114c8       0x34 common/built-in.o
 .text.fdt_valid
                0x00000000000114fc       0xc0 common/built-in.o
 .text.is_printable_string
                0x00000000000115bc       0x90 common/built-in.o
 .text.print_data
                0x000000000001164c      0x170 common/built-in.o
 .text.set_working_fdt_addr
                0x00000000000117bc       0x1c common/built-in.o
                0x00000000000117bc                set_working_fdt_addr
 .text.do_fdt   0x00000000000117d8      0xebc common/built-in.o
 .text.get_cells_len
                0x0000000000012694       0x3c common/built-in.o
 .text.fdt_find_or_add_subnode.constprop.6
                0x00000000000126d0       0x6c common/built-in.o
 .text.chto     0x000000000001273c       0x2c common/built-in.o
                0x000000000001273c                chto
 .text.toch     0x0000000000012768       0x2c common/built-in.o
                0x0000000000012768                toch
 .text.fdt_getprop_u32_default_node
                0x0000000000012794       0x40 common/built-in.o
                0x0000000000012794                fdt_getprop_u32_default_node
 .text.fdt_find_and_setprop
                0x00000000000127d4       0x70 common/built-in.o
                0x00000000000127d4                fdt_find_and_setprop
 .text.fdt_initrd
                0x0000000000012844      0x250 common/built-in.o
                0x0000000000012844                fdt_initrd
 .text.fdt_chosen
                0x0000000000012a94      0x1b8 common/built-in.o
                0x0000000000012a94                fdt_chosen
 .text.do_fixup_by_path
                0x0000000000012c4c       0x54 common/built-in.o
                0x0000000000012c4c                do_fixup_by_path
 .text.fdt_fixup_memory_banks
                0x0000000000012ca0      0x1dc common/built-in.o
                0x0000000000012ca0                fdt_fixup_memory_banks
 .text.fdt_fixup_memory
                0x0000000000012e7c       0x20 common/built-in.o
                0x0000000000012e7c                fdt_fixup_memory
 .text.fdt_fixup_ethernet
                0x0000000000012e9c      0x158 common/built-in.o
                0x0000000000012e9c                fdt_fixup_ethernet
 .text.fdt_shrink_to_minimum
                0x0000000000012ff4       0xd4 common/built-in.o
                0x0000000000012ff4                fdt_shrink_to_minimum
 .text.getvar_version
                0x00000000000130c8        0xc common/built-in.o
 .text.getvar_version_baseband
                0x00000000000130d4        0xc common/built-in.o
 .text.getvar_version_bootloader
                0x00000000000130e0        0xc common/built-in.o
 .text.getvar_unlocked
                0x00000000000130ec       0x34 common/built-in.o
 .text.getvar_secure
                0x0000000000013120       0x34 common/built-in.o
 .text.getvar_product
                0x0000000000013154        0xc common/built-in.o
 .text.getvar_serialno
                0x0000000000013160       0x10 common/built-in.o
 .text.str2wide
                0x0000000000013170       0x80 common/built-in.o
 .text.getvar_checksum
                0x00000000000131f0      0x13c common/built-in.o
 .text.getvar_partition_offset
                0x000000000001332c       0x64 common/built-in.o
 .text.getvar_partition_size
                0x0000000000013390       0x64 common/built-in.o
 .text.getvar_partition_type
                0x00000000000133f4       0x70 common/built-in.o
 .text.fbt_handle_erase
                0x0000000000013464       0xa0 common/built-in.o
 .text.fbt_set_unlocked
                0x0000000000013504       0x48 common/built-in.o
 .text.fbt_handle_response
                0x000000000001354c      0x12c common/built-in.o
 .text.fbt_handle_reboot
                0x0000000000013678       0xc0 common/built-in.o
 .text.fbt_send_raw_info
                0x0000000000013738       0xe8 common/built-in.o
 .text.do_fastboot
                0x0000000000013820      0xf04 common/built-in.o
 .text.fbt_receive_firstcmd
                0x0000000000014724       0x34 common/built-in.o
                0x0000000000014724                fbt_receive_firstcmd
 .text.fbt_event_handler
                0x0000000000014758      0x110 common/built-in.o
 .text.fbt_fastboot_init
                0x0000000000014868      0x158 common/built-in.o
                0x0000000000014868                fbt_fastboot_init
 .text.do_bootrk
                0x00000000000149c0      0x8cc common/built-in.o
                0x00000000000149c0                do_bootrk
 .text.rkusb_send_csw
                0x000000000001528c       0xb8 common/built-in.o
 .text.rkusb_receive_firstcbw
                0x0000000000015344       0x40 common/built-in.o
                0x0000000000015344                rkusb_receive_firstcbw
 .text.rkusb_event_handler
                0x0000000000015384      0x13c common/built-in.o
 .text.FW_ReadID
                0x00000000000154c0       0x6c common/built-in.o
                0x00000000000154c0                FW_ReadID
 .text.do_rockusb_cmd
                0x000000000001552c      0x4e8 common/built-in.o
                0x000000000001552c                do_rockusb_cmd
 .text.rkusb_handle_datarx
                0x0000000000015a14      0x1a4 common/built-in.o
                0x0000000000015a14                rkusb_handle_datarx
 .text.rkusb_handle_datatx
                0x0000000000015bb8      0x198 common/built-in.o
                0x0000000000015bb8                rkusb_handle_datatx
 .text.do_rockusb
                0x0000000000015d50      0x580 common/built-in.o
                0x0000000000015d50                do_rockusb
 .text.get_entry_ram
                0x00000000000162d0      0x158 common/built-in.o
 .text.get_content_ram
                0x0000000000016428       0x8c common/built-in.o
                0x0000000000016428                get_content_ram
 .text.get_content
                0x00000000000164b4      0x294 common/built-in.o
                0x00000000000164b4                get_content
 .text.free_content
                0x0000000000016748       0x30 common/built-in.o
                0x0000000000016748                free_content
 .text.load_content_data
                0x0000000000016778       0x2c common/built-in.o
                0x0000000000016778                load_content_data
 .text.load_content
                0x00000000000167a4       0x80 common/built-in.o
                0x00000000000167a4                load_content
 .text.show_resource_image
                0x0000000000016824      0x128 common/built-in.o
                0x0000000000016824                show_resource_image
 .text.lcd_get_size
                0x000000000001694c       0x34 common/built-in.o
                0x000000000001694c                lcd_get_size
 .text.lcd_sync
                0x0000000000016980       0x3c common/built-in.o
                0x0000000000016980                lcd_sync
 .text.lcd_enable_logo
                0x00000000000169bc       0x10 common/built-in.o
                0x00000000000169bc                lcd_enable_logo
 .text.drv_lcd_init
                0x00000000000169cc       0x9c common/built-in.o
                0x00000000000169cc                drv_lcd_init
 .text.lcd_setcolor_bypix
                0x0000000000016a68       0x20 common/built-in.o
                0x0000000000016a68                lcd_setcolor_bypix
 .text.rk_bitmap_from_resource
                0x0000000000016a88       0x1c common/built-in.o
                0x0000000000016a88                rk_bitmap_from_resource
 .text.bitmap_plot
                0x0000000000016aa4      0x13c common/built-in.o
                0x0000000000016aa4                bitmap_plot
 .text.lcd_logo
                0x0000000000016be0       0x58 common/built-in.o
 .text.LCD_clear
                0x0000000000016c38       0x50 common/built-in.o
                0x0000000000016c38                LCD_clear
 .text.lcd_clear
                0x0000000000016c88       0x84 common/built-in.o
                0x0000000000016c88                lcd_clear
 .text.do_lcd_clear
                0x0000000000016d0c       0x18 common/built-in.o
 .text.lcd_display_bitmap
                0x0000000000016d24      0x6d8 common/built-in.o
                0x0000000000016d24                lcd_display_bitmap
 .text.lcd_display_bitmap_center
                0x00000000000173fc       0x9c common/built-in.o
                0x00000000000173fc                lcd_display_bitmap_center
 .text.do_env_delete
                0x0000000000017498       0xa8 common/built-in.o
 .text.env_print
                0x0000000000017540       0xc8 common/built-in.o
 .text.do_env_print
                0x0000000000017608       0xc4 common/built-in.o
 .text.do_env   0x00000000000176cc       0x5c common/built-in.o
 .text.do_env_import
                0x0000000000017728      0x2a0 common/built-in.o
 .text.do_env_default
                0x00000000000179c8       0xb4 common/built-in.o
 .text.do_env_save
                0x0000000000017a7c       0x2c common/built-in.o
                0x0000000000017a7c                do_env_save
 .text._do_env_set.isra.1
                0x0000000000017aa8      0x1d8 common/built-in.o
 .text.do_env_set
                0x0000000000017c80       0x1c common/built-in.o
 .text.setenv   0x0000000000017c9c       0x60 common/built-in.o
                0x0000000000017c9c                setenv
 .text.setenv_ulong
                0x0000000000017cfc       0x20 common/built-in.o
                0x0000000000017cfc                setenv_ulong
 .text.setenv_hex
                0x0000000000017d1c       0x34 common/built-in.o
                0x0000000000017d1c                setenv_hex
 .text.do_env_export
                0x0000000000017d50      0x268 common/built-in.o
 .text.envmatch
                0x0000000000017fb8       0x6c common/built-in.o
                0x0000000000017fb8                envmatch
 .text.getenv_f
                0x0000000000018024       0xcc common/built-in.o
                0x0000000000018024                getenv_f
 .text.getenv   0x00000000000180f0       0x78 common/built-in.o
                0x00000000000180f0                getenv
 .text.getenv_ulong
                0x0000000000018168       0x30 common/built-in.o
                0x0000000000018168                getenv_ulong
 .text.getenv_hex
                0x0000000000018198       0x34 common/built-in.o
                0x0000000000018198                getenv_hex
 .text.env_get_char_spec
                0x00000000000181cc        0xc common/built-in.o
                0x00000000000181cc                env_get_char_spec
 .text.env_get_addr
                0x00000000000181d8       0x20 common/built-in.o
                0x00000000000181d8                env_get_addr
 .text.env_get_char_memory
                0x00000000000181f8       0x10 common/built-in.o
                0x00000000000181f8                env_get_char_memory
 .text.env_get_char
                0x0000000000018208       0x30 common/built-in.o
                0x0000000000018208                env_get_char
 .text.getenv_yesno
                0x0000000000018238       0x50 common/built-in.o
                0x0000000000018238                getenv_yesno
 .text.getenv_default
                0x0000000000018288       0x30 common/built-in.o
                0x0000000000018288                getenv_default
 .text.set_default_env
                0x00000000000182b8       0xbc common/built-in.o
                0x00000000000182b8                set_default_env
 .text.set_default_vars
                0x0000000000018374       0x3c common/built-in.o
                0x0000000000018374                set_default_vars
 .text.env_relocate
                0x00000000000183b0       0x30 common/built-in.o
                0x00000000000183b0                env_relocate
 .text.console_setfile
                0x00000000000183e0       0xbc common/built-in.o
 .text.serial_printf
                0x000000000001849c       0x50 common/built-in.o
                0x000000000001849c                serial_printf
 .text.puts     0x00000000000184ec       0x40 common/built-in.o
                0x00000000000184ec                puts
 .text.printf   0x000000000001852c       0x5c common/built-in.o
                0x000000000001852c                printf
 .text.fgetc    0x0000000000018588       0x2c common/built-in.o
                0x0000000000018588                fgetc
 .text.getc     0x00000000000185b4       0x24 common/built-in.o
                0x00000000000185b4                getc
 .text.ftstc    0x00000000000185d8       0x2c common/built-in.o
                0x00000000000185d8                ftstc
 .text.tstc     0x0000000000018604       0x24 common/built-in.o
                0x0000000000018604                tstc
 .text.fputc    0x0000000000018628       0x24 common/built-in.o
                0x0000000000018628                fputc
 .text.putc     0x000000000001864c       0x28 common/built-in.o
                0x000000000001864c                putc
 .text.vprintf  0x0000000000018674       0x34 common/built-in.o
                0x0000000000018674                vprintf
 .text.ctrlc    0x00000000000186a8       0x58 common/built-in.o
                0x00000000000186a8                ctrlc
 .text.had_ctrlc
                0x0000000000018700       0x10 common/built-in.o
                0x0000000000018700                had_ctrlc
 .text.clear_ctrlc
                0x0000000000018710       0x14 common/built-in.o
                0x0000000000018710                clear_ctrlc
 .text.search_device
                0x0000000000018724       0x30 common/built-in.o
                0x0000000000018724                search_device
 .text.console_assign
                0x0000000000018754       0x48 common/built-in.o
                0x0000000000018754                console_assign
 .text.on_console
                0x000000000001879c       0xc4 common/built-in.o
 .text.console_init_f
                0x0000000000018860       0x10 common/built-in.o
                0x0000000000018860                console_init_f
 .text.console_init_r
                0x0000000000018870      0x150 common/built-in.o
                0x0000000000018870                console_init_r
 .text.sbrk     0x00000000000189c0       0x70 common/built-in.o
                0x00000000000189c0                sbrk
 .text.mem_malloc_init
                0x0000000000018a30       0x2c common/built-in.o
                0x0000000000018a30                mem_malloc_init
 .text.malloc_trim
                0x0000000000018a5c       0xcc common/built-in.o
                0x0000000000018a5c                malloc_trim
 .text.free     0x0000000000018b28      0x228 common/built-in.o
                0x0000000000018b28                free
 .text.malloc   0x0000000000018d50      0x608 common/built-in.o
                0x0000000000018d50                malloc
 .text.calloc   0x0000000000019358       0xa4 common/built-in.o
                0x0000000000019358                calloc
 .text.memalign
                0x00000000000193fc      0x10c common/built-in.o
                0x00000000000193fc                memalign
 .text.realloc  0x0000000000019508      0x40c common/built-in.o
                0x0000000000019508                realloc
 .text.on_loadaddr
                0x0000000000019914       0x38 common/built-in.o
 .text.image_check_hcrc
                0x000000000001994c       0x4c common/built-in.o
                0x000000000001994c                image_check_hcrc
 .text.image_check_dcrc
                0x0000000000019998       0x38 common/built-in.o
                0x0000000000019998                image_check_dcrc
 .text.image_multi_count
                0x00000000000199d0       0x20 common/built-in.o
                0x00000000000199d0                image_multi_count
 .text.image_multi_getimg
                0x00000000000199f0       0x80 common/built-in.o
                0x00000000000199f0                image_multi_getimg
 .text.getenv_bootm_low
                0x0000000000019a70       0x28 common/built-in.o
                0x0000000000019a70                getenv_bootm_low
 .text.getenv_bootm_size
                0x0000000000019a98       0x60 common/built-in.o
                0x0000000000019a98                getenv_bootm_size
 .text.getenv_bootm_mapsize
                0x0000000000019af8       0x30 common/built-in.o
                0x0000000000019af8                getenv_bootm_mapsize
 .text.memmove_wd
                0x0000000000019b28        0xc common/built-in.o
                0x0000000000019b28                memmove_wd
 .text.genimg_print_size
                0x0000000000019b34       0x30 common/built-in.o
                0x0000000000019b34                genimg_print_size
 .text.get_table_entry_name
                0x0000000000019b64       0x2c common/built-in.o
                0x0000000000019b64                get_table_entry_name
 .text.genimg_get_os_name
                0x0000000000019b90       0x18 common/built-in.o
                0x0000000000019b90                genimg_get_os_name
 .text.genimg_get_arch_name
                0x0000000000019ba8       0x18 common/built-in.o
                0x0000000000019ba8                genimg_get_arch_name
 .text.genimg_get_type_name
                0x0000000000019bc0       0x18 common/built-in.o
                0x0000000000019bc0                genimg_get_type_name
 .text.genimg_get_comp_name
                0x0000000000019bd8       0x18 common/built-in.o
                0x0000000000019bd8                genimg_get_comp_name
 .text.image_print_contents
                0x0000000000019bf0      0x170 common/built-in.o
                0x0000000000019bf0                image_print_contents
 .text.genimg_get_kernel_addr_fit
                0x0000000000019d60       0x24 common/built-in.o
                0x0000000000019d60                genimg_get_kernel_addr_fit
 .text.genimg_get_format
                0x0000000000019d84       0x38 common/built-in.o
                0x0000000000019d84                genimg_get_format
 .text.genimg_get_image
                0x0000000000019dbc        0x4 common/built-in.o
                0x0000000000019dbc                genimg_get_image
 .text.genimg_has_config
                0x0000000000019dc0        0x8 common/built-in.o
                0x0000000000019dc0                genimg_has_config
 .text.boot_get_ramdisk
                0x0000000000019dc8      0x238 common/built-in.o
                0x0000000000019dc8                boot_get_ramdisk
 .text.boot_ramdisk_high
                0x000000000001a000      0x140 common/built-in.o
                0x000000000001a000                boot_ramdisk_high
 .text.image_setup_linux
                0x000000000001a140       0x88 common/built-in.o
                0x000000000001a140                image_setup_linux
 .text.fdt_error
                0x000000000001a1c8       0x2c common/built-in.o
 .text.boot_fdt_add_mem_rsv_regions
                0x000000000001a1f4       0x88 common/built-in.o
                0x000000000001a1f4                boot_fdt_add_mem_rsv_regions
 .text.boot_relocate_fdt
                0x000000000001a27c      0x194 common/built-in.o
                0x000000000001a27c                boot_relocate_fdt
 .text.boot_get_fdt
                0x000000000001a410      0x274 common/built-in.o
                0x000000000001a410                boot_get_fdt
 .text.ft_verify_fdt
                0x000000000001a684        0x8 common/built-in.o
                0x000000000001a684                ft_verify_fdt
 .text.image_setup_libfdt
                0x000000000001a68c       0xe4 common/built-in.o
                0x000000000001a68c                image_setup_libfdt
 .text.get_ram_size
                0x000000000001a770      0x100 common/built-in.o
                0x000000000001a770                get_ram_size
 .text.get_effective_memsize
                0x000000000001a870        0x8 common/built-in.o
                0x000000000001a870                get_effective_memsize
 .text.stdio_serial_tstc
                0x000000000001a878        0x4 common/built-in.o
 .text.stdio_serial_getc
                0x000000000001a87c        0x4 common/built-in.o
 .text.stdio_serial_puts
                0x000000000001a880        0x8 common/built-in.o
 .text.stdio_serial_putc
                0x000000000001a888        0x8 common/built-in.o
 .text.stdio_get_by_name
                0x000000000001a890       0x50 common/built-in.o
                0x000000000001a890                stdio_get_by_name
 .text.stdio_clone
                0x000000000001a8e0       0x3c common/built-in.o
                0x000000000001a8e0                stdio_clone
 .text.stdio_register_dev
                0x000000000001a91c       0x50 common/built-in.o
                0x000000000001a91c                stdio_register_dev
 .text.stdio_register
                0x000000000001a96c        0x8 common/built-in.o
                0x000000000001a96c                stdio_register
 .text.stdio_init_tables
                0x000000000001a974       0x1c common/built-in.o
                0x000000000001a974                stdio_init_tables
 .text.stdio_add_devices
                0x000000000001a990       0x78 common/built-in.o
                0x000000000001a990                stdio_add_devices
 .text.rk_fb_vidinfo_to_win
                0x000000000001aa08       0x40 drivers/built-in.o
                0x000000000001aa08                rk_fb_vidinfo_to_win
 .text.rk_fb_vidinfo_to_screen
                0x000000000001aa48       0xc0 drivers/built-in.o
                0x000000000001aa48                rk_fb_vidinfo_to_screen
 .text.rk_backlight_ctrl
                0x000000000001ab08        0x4 drivers/built-in.o
                0x000000000001ab08                rk_backlight_ctrl
 .text.rk_fb_find_lcdc_node_dt
                0x000000000001ab0c       0x9c drivers/built-in.o
                0x000000000001ab0c                rk_fb_find_lcdc_node_dt
 .text.rk_fb_pwr_ctr_parse_dt
                0x000000000001aba8      0x150 drivers/built-in.o
                0x000000000001aba8                rk_fb_pwr_ctr_parse_dt
 .text.rk_fb_pwr_enable
                0x000000000001acf8       0x44 drivers/built-in.o
                0x000000000001acf8                rk_fb_pwr_enable
 .text.rk_fb_parse_dt
                0x000000000001ad3c      0x408 drivers/built-in.o
                0x000000000001ad3c                rk_fb_parse_dt
 .text.lcd_ctrl_init
                0x000000000001b144       0x94 drivers/built-in.o
                0x000000000001b144                lcd_ctrl_init
 .text.lcd_enable
                0x000000000001b1d8        0x4 drivers/built-in.o
                0x000000000001b1d8                lcd_enable
 .text.lcd_pandispaly
                0x000000000001b1dc        0xc drivers/built-in.o
                0x000000000001b1dc                lcd_pandispaly
 .text.lcd_standby
                0x000000000001b1e8        0x4 drivers/built-in.o
                0x000000000001b1e8                lcd_standby
 .text.rk_lcdc_set_par
                0x000000000001b1ec      0x93c drivers/built-in.o
                0x000000000001b1ec                rk_lcdc_set_par
 .text.rk_lcdc_load_screen
                0x000000000001bb28      0x590 drivers/built-in.o
                0x000000000001bb28                rk_lcdc_load_screen
 .text.rk_lcdc_standby
                0x000000000001c0b8       0x84 drivers/built-in.o
                0x000000000001c0b8                rk_lcdc_standby
 .text.rk_lcdc_init
                0x000000000001c13c      0x120 drivers/built-in.o
                0x000000000001c13c                rk_lcdc_init
 .text.rk32_edp_enable
                0x000000000001c25c      0x348 drivers/built-in.o
                0x000000000001c25c                rk32_edp_enable
 .text.rk32_edp_enable_video_mute
                0x000000000001c5a4       0x20 drivers/built-in.o
                0x000000000001c5a4                rk32_edp_enable_video_mute
 .text.rk32_edp_stop_video
                0x000000000001c5c4       0x18 drivers/built-in.o
                0x000000000001c5c4                rk32_edp_stop_video
 .text.rk32_edp_init_refclk
                0x000000000001c5dc       0x88 drivers/built-in.o
                0x000000000001c5dc                rk32_edp_init_refclk
 .text.rk32_edp_init_interrupt
                0x000000000001c664       0x74 drivers/built-in.o
                0x000000000001c664                rk32_edp_init_interrupt
 .text.rk32_edp_reset
                0x000000000001c6d8       0xd8 drivers/built-in.o
                0x000000000001c6d8                rk32_edp_reset
 .text.rk32_edp_get_pll_lock_status
                0x000000000001c7b0       0x10 drivers/built-in.o
                0x000000000001c7b0                rk32_edp_get_pll_lock_status
 .text.rk32_edp_analog_power_ctr
                0x000000000001c7c0       0x34 drivers/built-in.o
                0x000000000001c7c0                rk32_edp_analog_power_ctr
 .text.rk32_edp_init_analog_func
                0x000000000001c7f4       0x7c drivers/built-in.o
                0x000000000001c7f4                rk32_edp_init_analog_func
 .text.rk32_edp_init_hpd
                0x000000000001c870       0x30 drivers/built-in.o
                0x000000000001c870                rk32_edp_init_hpd
 .text.rk32_edp_reset_aux
                0x000000000001c8a0       0x18 drivers/built-in.o
                0x000000000001c8a0                rk32_edp_reset_aux
 .text.rk32_edp_init_aux
                0x000000000001c8b8       0x3c drivers/built-in.o
                0x000000000001c8b8                rk32_edp_init_aux
 .text.rk32_edp_enable_sw_function
                0x000000000001c8f4       0x18 drivers/built-in.o
                0x000000000001c8f4                rk32_edp_enable_sw_function
 .text.rk32_edp_start_aux_transaction
                0x000000000001c90c       0xf0 drivers/built-in.o
                0x000000000001c90c                rk32_edp_start_aux_transaction
 .text.rk32_edp_read_byte_from_dpcd
                0x000000000001c9fc       0x8c drivers/built-in.o
                0x000000000001c9fc                rk32_edp_read_byte_from_dpcd
 .text.rk32_edp_set_link_bandwidth
                0x000000000001ca88       0x18 drivers/built-in.o
                0x000000000001ca88                rk32_edp_set_link_bandwidth
 .text.rk32_edp_hw_link_training_en
                0x000000000001caa0       0x10 drivers/built-in.o
                0x000000000001caa0                rk32_edp_hw_link_training_en
 .text.rk32_edp_wait_hw_lt_done
                0x000000000001cab0       0x28 drivers/built-in.o
                0x000000000001cab0                rk32_edp_wait_hw_lt_done
 .text.rk32_edp_get_hw_lt_status
                0x000000000001cad8       0x10 drivers/built-in.o
                0x000000000001cad8                rk32_edp_get_hw_lt_status
 .text.rk32_edp_set_lane_count
                0x000000000001cae8        0xc drivers/built-in.o
                0x000000000001cae8                rk32_edp_set_lane_count
 .text.rk32_edp_reset_macro
                0x000000000001caf4        0x4 drivers/built-in.o
                0x000000000001caf4                rk32_edp_reset_macro
 .text.rk32_edp_init_video
                0x000000000001caf8       0x38 drivers/built-in.o
                0x000000000001caf8                rk32_edp_init_video
 .text.rk32_edp_set_video_color_format
                0x000000000001cb30       0x34 drivers/built-in.o
                0x000000000001cb30                rk32_edp_set_video_color_format
 .text.rk32_edp_is_slave_video_stream_clock_on
                0x000000000001cb64       0x58 drivers/built-in.o
                0x000000000001cb64                rk32_edp_is_slave_video_stream_clock_on
 .text.rk32_edp_set_video_cr_mn
                0x000000000001cbbc       0x94 drivers/built-in.o