Archive member included because of file (symbol)

/home/rk3288-sdk/prebuilts/gcc/linux-x86/arm/arm-eabi-4.7/bin/../lib/gcc/arm-eabi/4.7/libgcc.a(_udivsi3.o)
                              arch/arm/cpu/armv7/rk32xx/built-in.o (__aeabi_uidiv)
/home/rk3288-sdk/prebuilts/gcc/linux-x86/arm/arm-eabi-4.7/bin/../lib/gcc/arm-eabi/4.7/libgcc.a(_divsi3.o)
                              board/rockchip/common/built-in.o (__aeabi_idiv)
/home/rk3288-sdk/prebuilts/gcc/linux-x86/arm/arm-eabi-4.7/bin/../lib/gcc/arm-eabi/4.7/libgcc.a(_dvmd_tls.o)
                              /home/rk3288-sdk/prebuilts/gcc/linux-x86/arm/arm-eabi-4.7/bin/../lib/gcc/arm-eabi/4.7/libgcc.a(_udivsi3.o) (__aeabi_idiv0)
/home/rk3288-sdk/prebuilts/gcc/linux-x86/arm/arm-eabi-4.7/bin/../lib/gcc/arm-eabi/4.7/libgcc.a(_lshrdi3.o)
                              lib/built-in.o (__aeabi_llsr)
/home/rk3288-sdk/prebuilts/gcc/linux-x86/arm/arm-eabi-4.7/bin/../lib/gcc/arm-eabi/4.7/libgcc.a(_ashldi3.o)
                              lib/built-in.o (__aeabi_llsl)
/home/rk3288-sdk/prebuilts/gcc/linux-x86/arm/arm-eabi-4.7/bin/../lib/gcc/arm-eabi/4.7/libgcc.a(_aeabi_uldivmod.o)
                              arch/arm/cpu/armv7/rk32xx/built-in.o (__aeabi_uldivmod)
/home/rk3288-sdk/prebuilts/gcc/linux-x86/arm/arm-eabi-4.7/bin/../lib/gcc/arm-eabi/4.7/libgcc.a(bpabi.o)
                              /home/rk3288-sdk/prebuilts/gcc/linux-x86/arm/arm-eabi-4.7/bin/../lib/gcc/arm-eabi/4.7/libgcc.a(_aeabi_uldivmod.o) (__gnu_uldivmod_helper)
/home/rk3288-sdk/prebuilts/gcc/linux-x86/arm/arm-eabi-4.7/bin/../lib/gcc/arm-eabi/4.7/libgcc.a(_divdi3.o)
                              /home/rk3288-sdk/prebuilts/gcc/linux-x86/arm/arm-eabi-4.7/bin/../lib/gcc/arm-eabi/4.7/libgcc.a(bpabi.o) (__divdi3)
/home/rk3288-sdk/prebuilts/gcc/linux-x86/arm/arm-eabi-4.7/bin/../lib/gcc/arm-eabi/4.7/libgcc.a(_udivdi3.o)
                              /home/rk3288-sdk/prebuilts/gcc/linux-x86/arm/arm-eabi-4.7/bin/../lib/gcc/arm-eabi/4.7/libgcc.a(bpabi.o) (__udivdi3)

Discarded input sections

 .data          0x0000000000000000        0x0 arch/arm/cpu/armv7/start.o
 .bss           0x0000000000000000        0x0 arch/arm/cpu/armv7/start.o
 .text          0x0000000000000000        0x0 arch/arm/cpu/armv7/built-in.o
 .text.mmu_page_table_flush
                0x0000000000000000       0x24 arch/arm/cpu/armv7/built-in.o
 .text.sdelay   0x0000000000000000        0xc arch/arm/cpu/armv7/built-in.o
 .text.wait_on_value
                0x0000000000000000       0x34 arch/arm/cpu/armv7/built-in.o
 .data          0x0000000000000000        0x0 arch/arm/cpu/armv7/built-in.o
 .bss           0x0000000000000000        0x0 arch/arm/cpu/armv7/built-in.o
 .text.get_usec_timer
                0x0000000000000000       0xf4 arch/arm/cpu/armv7/rk32xx/built-in.o
 .text.get_tbclk
                0x0000000000000000        0x8 arch/arm/cpu/armv7/rk32xx/built-in.o
 .text.rkclk_pll_mode
                0x0000000000000000       0xc0 arch/arm/cpu/armv7/rk32xx/built-in.o
 .text.rkclk_set_pll_rate_by_id
                0x0000000000000000       0x28 arch/arm/cpu/armv7/rk32xx/built-in.o
 .text.rkclk_get_pll_rate_by_id
                0x0000000000000000        0x4 arch/arm/cpu/armv7/rk32xx/built-in.o
 .text.rkclk_set_nandc_div
                0x0000000000000000       0x80 arch/arm/cpu/armv7/rk32xx/built-in.o
 .text.rkclk_set_mmc_clk_freq
                0x0000000000000000      0x138 arch/arm/cpu/armv7/rk32xx/built-in.o
 .text.rkclk_set_mmc_tuning
                0x0000000000000000       0x60 arch/arm/cpu/armv7/rk32xx/built-in.o
 .text.rkclk_get_spi_clk
                0x0000000000000000       0x4c arch/arm/cpu/armv7/rk32xx/built-in.o
 .text.gic_handler_disable
                0x0000000000000000       0x58 arch/arm/cpu/armv7/rk32xx/built-in.o
 .text.gic_set_irq_type
                0x0000000000000000       0xd4 arch/arm/cpu/armv7/rk32xx/built-in.o
 .text.gpio_irq_set_type
                0x0000000000000000      0x124 arch/arm/cpu/armv7/rk32xx/built-in.o
 .text.gpio_irq_disable
                0x0000000000000000       0x4c arch/arm/cpu/armv7/rk32xx/built-in.o
 .text.irq_handler_disable
                0x0000000000000000       0x30 arch/arm/cpu/armv7/rk32xx/built-in.o
 .text.irq_set_irq_type
                0x0000000000000000       0x30 arch/arm/cpu/armv7/rk32xx/built-in.o
 .text.irq_uninstall_handler
                0x0000000000000000       0x18 arch/arm/cpu/armv7/rk32xx/built-in.o
 .text.rk_pm_wakeup_gpio_init
                0x0000000000000000       0x6c arch/arm/cpu/armv7/rk32xx/built-in.o
 .text.rk_pm_wakeup_gpio_deinit
                0x0000000000000000       0x58 arch/arm/cpu/armv7/rk32xx/built-in.o
 .text.rk_pm_enter
                0x0000000000000000       0x80 arch/arm/cpu/armv7/rk32xx/built-in.o
 .data          0x0000000000000000        0x0 arch/arm/cpu/armv7/rk32xx/built-in.o
 .bss           0x0000000000000000        0x0 arch/arm/cpu/armv7/rk32xx/built-in.o
 .text.flush_cache
[...]
Memory Configuration

Name             Origin             Length             Attributes
*default*        0x0000000000000000 0xffffffffffffffff

Linker script and memory map

Address of section .text set to 0x0
                0x0000000000000000                . = 0x0
                0x0000000000000000                . = ALIGN (0x4)

.text           0x0000000000000000    0x2b458
 *(.__image_copy_start)
 .__image_copy_start
                0x0000000000000000        0x0 arch/arm/lib/built-in.o
                0x0000000000000000                __image_copy_start
 *(.vectors)
 .vectors       0x0000000000000000      0x4e0 arch/arm/lib/built-in.o
                0x0000000000000000                _start
                0x0000000000000008                RSA_KEY_TAG
                0x000000000000000c                RSA_KEY_LENGTH
                0x0000000000000010                RSA_KEY_DATA
                0x0000000000000208                LoaderTagCheck
                0x0000000000000220                _vector
                0x0000000000000240                _undefined_instruction
                0x0000000000000244                _software_interrupt
                0x0000000000000248                _prefetch_abort
                0x000000000000024c                _data_abort
                0x0000000000000250                _not_used
                0x0000000000000254                _irq
                0x0000000000000258                _fiq
                0x0000000000000260                IRQ_STACK_START_IN
                0x0000000000000264                IRQ_STACK_START
                0x0000000000000268                FIQ_STACK_START
 arch/arm/cpu/armv7/start.o(.text*)
 .text          0x00000000000004e0       0xd4 arch/arm/cpu/armv7/start.o
                0x00000000000004e0                reset
                0x0000000000000538                c_runtime_cpu_setup
                0x0000000000000550                save_boot_params
                0x0000000000000554                cpu_init_cp15
                0x00000000000005a4                cpu_init_crit
 *(.text*)
 .text.v7_maint_dcache_all
                0x00000000000005b4       0xd0 arch/arm/cpu/armv7/built-in.o
 .text.v7_dcache_inval_range
                0x0000000000000684       0x80 arch/arm/cpu/armv7/built-in.o
 .text.invalidate_icache_all
                0x0000000000000704       0x18 arch/arm/cpu/armv7/built-in.o
                0x0000000000000704                invalidate_icache_all
 .text.v7_outer_cache_enable
                0x000000000000071c        0x4 arch/arm/cpu/armv7/built-in.o
                0x000000000000071c                v7_outer_cache_enable
 .text.v7_outer_cache_disable
                0x0000000000000720        0x4 arch/arm/cpu/armv7/built-in.o
                0x0000000000000720                v7_outer_cache_disable
 .text.v7_outer_cache_flush_all
                0x0000000000000724        0x4 arch/arm/cpu/armv7/built-in.o
                0x0000000000000724                v7_outer_cache_flush_all
 .text.flush_dcache_all
                0x0000000000000728       0x14 arch/arm/cpu/armv7/built-in.o
                0x0000000000000728                flush_dcache_all
 .text.v7_outer_cache_inval_all
                0x000000000000073c        0x4 arch/arm/cpu/armv7/built-in.o
                0x000000000000073c                v7_outer_cache_inval_all
 .text.invalidate_dcache_all
                0x0000000000000740       0x14 arch/arm/cpu/armv7/built-in.o
                0x0000000000000740                invalidate_dcache_all
 .text.arm_init_before_mmu
                0x0000000000000754       0x28 arch/arm/cpu/armv7/built-in.o
                0x0000000000000754                arm_init_before_mmu
 .text.v7_outer_cache_flush_range
                0x000000000000077c        0x4 arch/arm/cpu/armv7/built-in.o
                0x000000000000077c                v7_outer_cache_flush_range
 .text.flush_dcache_range
                0x0000000000000780       0x3c arch/arm/cpu/armv7/built-in.o
                0x0000000000000780                flush_dcache_range
 .text.flush_cache
                0x00000000000007bc        0x8 arch/arm/cpu/armv7/built-in.o
                0x00000000000007bc                flush_cache
 .text.v7_outer_cache_inval_range
                0x00000000000007c4        0x4 arch/arm/cpu/armv7/built-in.o
                0x00000000000007c4                v7_outer_cache_inval_range
 .text.invalidate_dcache_range
                0x00000000000007c8       0x3c arch/arm/cpu/armv7/built-in.o
                0x00000000000007c8                invalidate_dcache_range
 .text.cpu_cache_initialization
                0x0000000000000804        0x4 arch/arm/cpu/armv7/built-in.o
                0x0000000000000804                cpu_cache_initialization
 .text.cleanup_before_linux
                0x0000000000000808       0x28 arch/arm/cpu/armv7/built-in.o
                0x0000000000000808                cleanup_before_linux
 *fill*         0x0000000000000830       0x10 
 .text          0x0000000000000840       0x20 arch/arm/cpu/armv7/rk32xx/built-in.o
                0x0000000000000840                lowlevel_init
 .text.enable_caches
                0x0000000000000860        0x4 arch/arm/cpu/armv7/rk32xx/built-in.o
                0x0000000000000860                enable_caches
 .text.rk_get_chiptype
                0x0000000000000864      0x180 arch/arm/cpu/armv7/rk32xx/built-in.o
                0x0000000000000864                rk_get_chiptype
 .text.arch_cpu_init
                0x00000000000009e4       0x3c arch/arm/cpu/armv7/rk32xx/built-in.o
                0x00000000000009e4                arch_cpu_init
 .text.print_cpuinfo
                0x0000000000000a20       0x44 arch/arm/cpu/armv7/rk32xx/built-in.o
                0x0000000000000a20                print_cpuinfo
 .text.reset_timer_masked
                0x0000000000000a64       0x1c arch/arm/cpu/armv7/rk32xx/built-in.o
                0x0000000000000a64                reset_timer_masked
 .text.timer_init
                0x0000000000000a80       0x28 arch/arm/cpu/armv7/rk32xx/built-in.o
                0x0000000000000a80                timer_init
 .text.__udelay
                0x0000000000000aa8       0x88 arch/arm/cpu/armv7/rk32xx/built-in.o
                0x0000000000000aa8                __udelay
 .text.get_timer_masked
                0x0000000000000b30       0x7c arch/arm/cpu/armv7/rk32xx/built-in.o
                0x0000000000000b30                get_timer_masked
 .text.get_timer
                0x0000000000000bac       0x20 arch/arm/cpu/armv7/rk32xx/built-in.o
                0x0000000000000bac                get_timer
 .text.get_ticks
                0x0000000000000bcc       0x10 arch/arm/cpu/armv7/rk32xx/built-in.o
                0x0000000000000bcc                get_ticks
 .text.clk_loop_delayus
                0x0000000000000bdc       0x3c arch/arm/cpu/armv7/rk32xx/built-in.o
 .text.rkclk_pll_wait_lock
                0x0000000000000c18       0x64 arch/arm/cpu/armv7/rk32xx/built-in.o
 .text.rkclk_pll_set_rate
                0x0000000000000c7c      0x164 arch/arm/cpu/armv7/rk32xx/built-in.o
 .text.rkclk_lcdc_aclk_config
                0x0000000000000de0       0x7c arch/arm/cpu/armv7/rk32xx/built-in.o
 .text.rkclk_pll_get_rate
                0x0000000000000e5c       0xa4 arch/arm/cpu/armv7/rk32xx/built-in.o
 .text.rkclk_apll_cb
                0x0000000000000f00       0x9c arch/arm/cpu/armv7/rk32xx/built-in.o
 .text.rkclk_gpll_cb
                0x0000000000000f9c       0xd8 arch/arm/cpu/armv7/rk32xx/built-in.o
 .text.rkclk_set_pll
                0x0000000000001074       0x40 arch/arm/cpu/armv7/rk32xx/built-in.o
                0x0000000000001074                rkclk_set_pll
 .text.rkclk_get_pll
                0x00000000000010b4      0x1a8 arch/arm/cpu/armv7/rk32xx/built-in.o
                0x00000000000010b4                rkclk_get_pll
 .text.rkclk_dump_pll
                0x000000000000125c       0x6c arch/arm/cpu/armv7/rk32xx/built-in.o
                0x000000000000125c                rkclk_dump_pll
 .text.rkclk_set_cpll_rate
                0x00000000000012c8      0x228 arch/arm/cpu/armv7/rk32xx/built-in.o
                0x00000000000012c8                rkclk_set_cpll_rate
 .text.rkclk_lcdc_clk_set
                0x00000000000014f0      0x1b8 arch/arm/cpu/armv7/rk32xx/built-in.o
                0x00000000000014f0                rkclk_lcdc_clk_set
 .text.rkclk_set_mmc_clk_src
                0x00000000000016a8       0x50 arch/arm/cpu/armv7/rk32xx/built-in.o
                0x00000000000016a8                rkclk_set_mmc_clk_src
 .text.rkclk_get_mmc_clk
                0x00000000000016f8       0x7c arch/arm/cpu/armv7/rk32xx/built-in.o
                0x00000000000016f8                rkclk_get_mmc_clk
 .text.rkclk_set_mmc_clk_div
                0x0000000000001774       0x64 arch/arm/cpu/armv7/rk32xx/built-in.o
                0x0000000000001774                rkclk_set_mmc_clk_div
 .text.rkclk_disable_mmc_tuning
                0x00000000000017d8       0x40 arch/arm/cpu/armv7/rk32xx/built-in.o
                0x00000000000017d8                rkclk_disable_mmc_tuning
 .text.rkclk_get_pwm_clk
                0x0000000000001818        0x8 arch/arm/cpu/armv7/rk32xx/built-in.o
                0x0000000000001818                rkclk_get_pwm_clk
 .text.rkclk_get_i2c_clk
                0x0000000000001820       0x10 arch/arm/cpu/armv7/rk32xx/built-in.o
                0x0000000000001820                rkclk_get_i2c_clk
 .text.rkclk_set_crypto_clk
                0x0000000000001830       0x3c arch/arm/cpu/armv7/rk32xx/built-in.o
                0x0000000000001830                rkclk_set_crypto_clk
 .text.gic_handler_enable
                0x000000000000186c       0xb4 arch/arm/cpu/armv7/rk32xx/built-in.o
 .text.gpio_irq_handler
                0x0000000000001920       0xf8 arch/arm/cpu/armv7/rk32xx/built-in.o
 .text.gpio_irq_enable
                0x0000000000001a18       0x4c arch/arm/cpu/armv7/rk32xx/built-in.o
 .text.irq_handler_enable
                0x0000000000001a64       0x30 arch/arm/cpu/armv7/rk32xx/built-in.o
                0x0000000000001a64                irq_handler_enable
 .text.irq_install_handler
                0x0000000000001a94       0x24 arch/arm/cpu/armv7/rk32xx/built-in.o
                0x0000000000001a94                irq_install_handler
 .text.do_irq   0x0000000000001ab8       0x48 arch/arm/cpu/armv7/rk32xx/built-in.o
                0x0000000000001ab8                do_irq
 .text.arch_interrupt_init
                0x0000000000001b00      0x110 arch/arm/cpu/armv7/rk32xx/built-in.o
                0x0000000000001b00                arch_interrupt_init
 .text.dram_init
                0x0000000000001c10       0x94 arch/arm/cpu/armv7/rk32xx/built-in.o
                0x0000000000001c10                dram_init
 .text.dram_init_banksize
                0x0000000000001ca4      0x100 arch/arm/cpu/armv7/rk32xx/built-in.o
                0x0000000000001ca4                dram_init_banksize
 .text.rk_iomux_sdcard_save
                0x0000000000001da4       0x28 arch/arm/cpu/armv7/rk32xx/built-in.o
                0x0000000000001da4                rk_iomux_sdcard_save
 .text.rk_iomux_sdcard_restore
                0x0000000000001dcc       0x24 arch/arm/cpu/armv7/rk32xx/built-in.o
                0x0000000000001dcc                rk_iomux_sdcard_restore
 .text.rk_iomux_config
                0x0000000000001df0      0x2e4 arch/arm/cpu/armv7/rk32xx/built-in.o
                0x0000000000001df0                rk_iomux_config
 .text.rk_module_deinit
                0x00000000000020d4       0x34 arch/arm/cpu/armv7/rk32xx/built-in.o
                0x00000000000020d4                rk_module_deinit
 .text.reset_cpu
                0x0000000000002108       0x40 arch/arm/cpu/armv7/rk32xx/built-in.o
                0x0000000000002108                reset_cpu
 .text.rk_pwm_config
                0x0000000000002148      0x324 arch/arm/cpu/armv7/rk32xx/built-in.o
                0x0000000000002148                rk_pwm_config
 .text          0x000000000000246c       0xfc arch/arm/lib/built-in.o
                0x000000000000246c                _main
                0x0000000000002504                relocate_code
 .text.arch_fixup_fdt
                0x0000000000002568      0x120 arch/arm/lib/built-in.o
                0x0000000000002568                arch_fixup_fdt
 .text.boot_jump_linux
                0x0000000000002688       0xb8 arch/arm/lib/built-in.o
 .text.arch_lmb_reserve
                0x0000000000002740       0x24 arch/arm/lib/built-in.o
                0x0000000000002740                arch_lmb_reserve
 .text.setup_board_tags
                0x0000000000002764        0x4 arch/arm/lib/built-in.o
                0x0000000000002764                setup_board_tags
 .text.boot_prep_linux
                0x0000000000002768      0x17c arch/arm/lib/built-in.o
 .text.do_bootm_linux
                0x00000000000028e4       0x60 arch/arm/lib/built-in.o
                0x00000000000028e4                do_bootm_linux
 .text.arch_reserve_stacks
                0x0000000000002944       0x34 arch/arm/lib/built-in.o
                0x0000000000002944                arch_reserve_stacks
 .text.interrupt_init
                0x0000000000002978       0x6c arch/arm/lib/built-in.o
                0x0000000000002978                interrupt_init
 .text.enable_interrupts
                0x00000000000029e4       0x10 arch/arm/lib/built-in.o
                0x00000000000029e4                enable_interrupts
 .text.disable_interrupts
                0x00000000000029f4       0x18 arch/arm/lib/built-in.o
                0x00000000000029f4                disable_interrupts
 .text.bad_mode
                0x0000000000002a0c       0x10 arch/arm/lib/built-in.o
                0x0000000000002a0c                bad_mode
 .text.show_regs
                0x0000000000002a1c      0x13c arch/arm/lib/built-in.o
                0x0000000000002a1c                show_regs
 .text.do_undefined_instruction
                0x0000000000002b58       0x20 arch/arm/lib/built-in.o
                0x0000000000002b58                do_undefined_instruction
 .text.do_software_interrupt
                0x0000000000002b78       0x20 arch/arm/lib/built-in.o
                0x0000000000002b78                do_software_interrupt
 .text.do_prefetch_abort
                0x0000000000002b98       0x20 arch/arm/lib/built-in.o
                0x0000000000002b98                do_prefetch_abort
 .text.do_data_abort
                0x0000000000002bb8       0x20 arch/arm/lib/built-in.o
                0x0000000000002bb8                do_data_abort
 .text.do_not_used
                0x0000000000002bd8       0x20 arch/arm/lib/built-in.o
                0x0000000000002bd8                do_not_used
 .text.do_fiq   0x0000000000002bf8       0x20 arch/arm/lib/built-in.o
                0x0000000000002bf8                do_fiq
 .text.reset_misc
                0x0000000000002c18        0x4 arch/arm/lib/built-in.o
                0x0000000000002c18                reset_misc
 .text.do_reset
                0x0000000000002c1c       0x30 arch/arm/lib/built-in.o
                0x0000000000002c1c                do_reset
 .text.cp_delay
                0x0000000000002c4c       0x30 arch/arm/lib/built-in.o
 .text.arm_init_domains
                0x0000000000002c7c        0x4 arch/arm/lib/built-in.o
                0x0000000000002c7c                arm_init_domains
 .text.set_section_dcache
                0x0000000000002c80       0x14 arch/arm/lib/built-in.o
                0x0000000000002c80                set_section_dcache
 .text.dram_bank_mmu_setup
                0x0000000000002c94       0x4c arch/arm/lib/built-in.o
                0x0000000000002c94                dram_bank_mmu_setup
 .text.icache_disable
                0x0000000000002ce0       0x1c arch/arm/lib/built-in.o
                0x0000000000002ce0                icache_disable
 .text.dcache_enable
                0x0000000000002cfc       0x6c arch/arm/lib/built-in.o
                0x0000000000002cfc                dcache_enable
 .text.dcache_disable
                0x0000000000002d68       0x28 arch/arm/lib/built-in.o
                0x0000000000002d68                dcache_disable
 .text.CRC_32CheckBuffer
                0x0000000000002d90       0x54 board/rockchip/common/built-in.o
                0x0000000000002d90                CRC_32CheckBuffer
 .text.dmult    0x0000000000002de4       0x68 board/rockchip/common/built-in.o
 .text.NN_Digits.part.2
                0x0000000000002e4c       0x2c board/rockchip/common/built-in.o
 .text.NN_Cmp   0x0000000000002e78       0x50 board/rockchip/common/built-in.o
                0x0000000000002e78                NN_Cmp
 .text.NN_Assign
                0x0000000000002ec8       0x24 board/rockchip/common/built-in.o
                0x0000000000002ec8                NN_Assign
 .text.NN_Digits
                0x0000000000002eec       0x14 board/rockchip/common/built-in.o
                0x0000000000002eec                NN_Digits
 .text.NN_AssignZero
                0x0000000000002f00       0x1c board/rockchip/common/built-in.o
                0x0000000000002f00                NN_AssignZero
 .text.NN_Sub   0x0000000000002f1c       0x6c board/rockchip/common/built-in.o
                0x0000000000002f1c                NN_Sub
 .text.NN_Mult  0x0000000000002f88      0x110 board/rockchip/common/built-in.o
                0x0000000000002f88                NN_Mult
 .text.NN_LShift
                0x0000000000003098       0x54 board/rockchip/common/built-in.o
                0x0000000000003098                NN_LShift
 .text.NN_RShift
                0x00000000000030ec       0x58 board/rockchip/common/built-in.o
                0x00000000000030ec                NN_RShift
 .text.NN_Div   0x0000000000003144      0x38c board/rockchip/common/built-in.o
                0x0000000000003144                NN_Div
 .text.NN_Mod   0x00000000000034d0       0x3c board/rockchip/common/built-in.o
                0x00000000000034d0                NN_Mod
 .text.NN_ModMult
                0x000000000000350c       0x40 board/rockchip/common/built-in.o
                0x000000000000350c                NN_ModMult
 .text.NN_ModExp
                0x000000000000354c      0x160 board/rockchip/common/built-in.o
                0x000000000000354c                NN_ModExp
 .text.NN_Decode
                0x00000000000036ac       0x80 board/rockchip/common/built-in.o
                0x00000000000036ac                NN_Decode
 .text.NN_Encode
                0x000000000000372c       0x7c board/rockchip/common/built-in.o
                0x000000000000372c                NN_Encode
 .text.rsapublicfunc.constprop.5
                0x00000000000037a8       0xf8 board/rockchip/common/built-in.o
 .text.rsaDecodeHash
                0x00000000000038a0       0x64 board/rockchip/common/built-in.o
                0x00000000000038a0                rsaDecodeHash
 .text.rsaCheckMD5
                0x0000000000003904       0x80 board/rockchip/common/built-in.o
                0x0000000000003904                rsaCheckMD5
 .text.P_RC4    0x0000000000003984      0x11c board/rockchip/common/built-in.o
                0x0000000000003984                P_RC4
 .text.ftl_memset
                0x0000000000003aa0        0x4 board/rockchip/common/built-in.o
                0x0000000000003aa0                ftl_memset
 .text.ftl_memcpy
                0x0000000000003aa4       0x4c board/rockchip/common/built-in.o
                0x0000000000003aa4                ftl_memcpy
 .text.ftl_memcmp
                0x0000000000003af0        0x4 board/rockchip/common/built-in.o
                0x0000000000003af0                ftl_memcmp
 .text.DRVDelayUs
                0x0000000000003af4        0x4 board/rockchip/common/built-in.o
                0x0000000000003af4                DRVDelayUs
 .text.CacheFlushDRegion
                0x0000000000003af8        0x4 board/rockchip/common/built-in.o
                0x0000000000003af8                CacheFlushDRegion
 .text.CacheInvalidateDRegion
                0x0000000000003afc        0x8 board/rockchip/common/built-in.o
                0x0000000000003afc                CacheInvalidateDRegion
 .text.IReadLoaderFlag
                0x0000000000003b04       0x10 board/rockchip/common/built-in.o
                0x0000000000003b04                IReadLoaderFlag
 .text.ISetLoaderFlag
                0x0000000000003b14       0x10 board/rockchip/common/built-in.o
                0x0000000000003b14                ISetLoaderFlag
 .text.GetMmcCLK
                0x0000000000003b24       0x28 board/rockchip/common/built-in.o
                0x0000000000003b24                GetMmcCLK
 .text.SDCReset
                0x0000000000003b4c       0x78 board/rockchip/common/built-in.o
                0x0000000000003b4c                SDCReset
 .text.SCUSelSDClk
                0x0000000000003bc4        0x4 board/rockchip/common/built-in.o
                0x0000000000003bc4                SCUSelSDClk
 .text.sdmmcGpioInit
                0x0000000000003bc8       0x1c board/rockchip/common/built-in.o
                0x0000000000003bc8                sdmmcGpioInit
 .text.FW_NandDeInit
                0x0000000000003be4       0x28 board/rockchip/common/built-in.o
                0x0000000000003be4                FW_NandDeInit
 .text.rkplat_uart2UsbEn
                0x0000000000003c0c       0x48 board/rockchip/common/built-in.o
                0x0000000000003c0c                rkplat_uart2UsbEn
 .text.ParseAtoi
                0x0000000000003c54       0xa0 board/rockchip/common/built-in.o
 .text.find_mtd_part
                0x0000000000003cf4       0x4c board/rockchip/common/built-in.o
 .text.memparse
                0x0000000000003d40       0x68 board/rockchip/common/built-in.o
 .text.get_part
                0x0000000000003da8      0x1c4 board/rockchip/common/built-in.o
 .text.CheckParam
                0x0000000000003f6c       0x80 board/rockchip/common/built-in.o
                0x0000000000003f6c                CheckParam
 .text.GetParam
                0x0000000000003fec       0x8c board/rockchip/common/built-in.o
                0x0000000000003fec                GetParam
 .text.ParseParam
                0x0000000000004078      0x6d4 board/rockchip/common/built-in.o
                0x0000000000004078                ParseParam
 .text.get_disk_partition
                0x000000000000474c       0x54 board/rockchip/common/built-in.o
                0x000000000000474c                get_disk_partition
 .text.load_disk_partitions
                0x00000000000047a0       0xa0 board/rockchip/common/built-in.o
                0x00000000000047a0                load_disk_partitions
 .text.FindIDBlock.constprop.3
                0x0000000000004840      0x128 board/rockchip/common/built-in.o
 .text.rkidb_update_loader
                0x0000000000004968      0x99c board/rockchip/common/built-in.o
                0x0000000000004968                rkidb_update_loader
 .text.rkidb_setup_space
                0x0000000000005304       0x58 board/rockchip/common/built-in.o
                0x0000000000005304                rkidb_setup_space
 .text.rkidb_get_idblk_data
                0x000000000000535c       0x2c board/rockchip/common/built-in.o
                0x000000000000535c                rkidb_get_idblk_data
 .text.rkidb_get_bootloader_ver
                0x0000000000005388       0x98 board/rockchip/common/built-in.o
                0x0000000000005388                rkidb_get_bootloader_ver
 .text.rkidb_get_sn
                0x0000000000005420       0x68 board/rockchip/common/built-in.o
                0x0000000000005420                rkidb_get_sn
 .text.rkloader_CopyFlash2Memory
                0x0000000000005488       0x8c board/rockchip/common/built-in.o
                0x0000000000005488                rkloader_CopyFlash2Memory
 .text.rkloader_CopyMemory2Flash
                0x0000000000005514       0x64 board/rockchip/common/built-in.o
                0x0000000000005514                rkloader_CopyMemory2Flash
 .text.rkloader_change_cmd_for_recovery
                0x0000000000005578      0x114 board/rockchip/common/built-in.o
                0x0000000000005578                rkloader_change_cmd_for_recovery
 .text.rkloader_run_misc_cmd
                0x000000000000568c      0x24c board/rockchip/common/built-in.o
                0x000000000000568c                rkloader_run_misc_cmd
 .text.rkloader_fixInitrd
                0x00000000000058d8       0xc0 board/rockchip/common/built-in.o
                0x00000000000058d8                rkloader_fixInitrd
 .text.rkloader_set_bootloader_msg
                0x0000000000005998       0x64 board/rockchip/common/built-in.o
                0x0000000000005998                rkloader_set_bootloader_msg
 .text.rkimg_handleDirectDownload
                0x00000000000059fc       0xa0 board/rockchip/common/built-in.o
 .text.rkimg_load_image
                0x0000000000005a9c       0xac board/rockchip/common/built-in.o
 .text.rkimg_noBuffer
                0x0000000000005b48       0x34 board/rockchip/common/built-in.o
 .text.rkimg_handleSparseDownload
                0x0000000000005b7c      0x1cc board/rockchip/common/built-in.o
 .text.rkimg_ImageDownload.part.1
                0x0000000000005d48       0x54 board/rockchip/common/built-in.o
 .text.rkimage_load_image
                0x0000000000005d9c       0x78 board/rockchip/common/built-in.o
                0x0000000000005d9c                rkimage_load_image
 .text.rkimage_partition_erase
                0x0000000000005e14       0x1c board/rockchip/common/built-in.o
                0x0000000000005e14                rkimage_partition_erase
 .text.rkimage_store_image
                0x0000000000005e30      0x7c4 board/rockchip/common/built-in.o
                0x0000000000005e30                rkimage_store_image
 .text.rkimage_handleDownload
                0x00000000000065f4      0x1d8 board/rockchip/common/built-in.o
                0x00000000000065f4                rkimage_handleDownload
 .text.rkimage_load_fdt
                0x00000000000067cc      0x180 board/rockchip/common/built-in.o
                0x00000000000067cc                rkimage_load_fdt
 .text.rkimage_load_fdt_ram
                0x000000000000694c       0x94 board/rockchip/common/built-in.o
                0x000000000000694c                rkimage_load_fdt_ram
 .text.rkimage_prepare_fdt
                0x00000000000069e0       0x94 board/rockchip/common/built-in.o
                0x00000000000069e0                rkimage_prepare_fdt
 .text.GetPortState
                0x0000000000006a74       0xc4 board/rockchip/common/built-in.o
 .text.checkKey
                0x0000000000006b38       0x88 board/rockchip/common/built-in.o
                0x0000000000006b38                checkKey
 .text.key_init
                0x0000000000006bc0      0x1dc board/rockchip/common/built-in.o
                0x0000000000006bc0                key_init
 .text.powerOn  0x0000000000006d9c       0x20 board/rockchip/common/built-in.o
                0x0000000000006d9c                powerOn
 .text.board_fbt_request_start_fastboot
                0x0000000000006dbc       0x54 board/rockchip/common/built-in.o
 .text.backupboot_to_back
                0x0000000000006e10       0x60 board/rockchip/common/built-in.o
                0x0000000000006e10                backupboot_to_back
 .text.backfs   0x0000000000006e70      0x10c board/rockchip/common/built-in.o
                0x0000000000006e70                backfs
 .text.read_flag_of_backfs
                0x0000000000006f7c       0x68 board/rockchip/common/built-in.o
                0x0000000000006f7c                read_flag_of_backfs
 .text.read_flag_of_back
                0x0000000000006fe4       0x68 board/rockchip/common/built-in.o
                0x0000000000006fe4                read_flag_of_back
 .text.write_flag_of_back
                0x000000000000704c       0x88 board/rockchip/common/built-in.o
                0x000000000000704c                write_flag_of_back
 .text.write_flag_of_backfs
                0x00000000000070d4       0x8c board/rockchip/common/built-in.o
                0x00000000000070d4                write_flag_of_backfs
 .text.board_fbt_run_recovery
                0x0000000000007160       0x98 board/rockchip/common/built-in.o
 .text.board_fbt_set_reboot_type
                0x00000000000071f8       0x6c board/rockchip/common/built-in.o
                0x00000000000071f8                board_fbt_set_reboot_type
 .text.board_fbt_get_reboot_type
                0x0000000000007264       0xf0 board/rockchip/common/built-in.o
                0x0000000000007264                board_fbt_get_reboot_type
 .text.board_fbt_key_pressed
                0x0000000000007354       0xd0 board/rockchip/common/built-in.o
                0x0000000000007354                board_fbt_key_pressed
 .text.board_fbt_finalize_bootargs
                0x0000000000007424       0x60 board/rockchip/common/built-in.o
                0x0000000000007424                board_fbt_finalize_bootargs
 .text.board_fbt_boot_failed
                0x0000000000007484       0xcc board/rockchip/common/built-in.o
                0x0000000000007484                board_fbt_boot_failed
 .text.board_fbt_oem
                0x0000000000007550        0x8 board/rockchip/common/built-in.o
                0x0000000000007550                board_fbt_oem
 .text.board_fbt_handle_erase
                0x0000000000007558        0x4 board/rockchip/common/built-in.o
                0x0000000000007558                board_fbt_handle_erase
 .text.board_fbt_handle_flash
                0x000000000000755c        0x4 board/rockchip/common/built-in.o
                0x000000000000755c                board_fbt_handle_flash
 .text.board_fbt_handle_download
                0x0000000000007560        0x4 board/rockchip/common/built-in.o
                0x0000000000007560                board_fbt_handle_download
 .text.board_fbt_load_partition_table
                0x0000000000007564        0x4 board/rockchip/common/built-in.o
                0x0000000000007564                board_fbt_load_partition_table
 .text.board_fbt_get_partition
                0x0000000000007568        0x4 board/rockchip/common/built-in.o
                0x0000000000007568                board_fbt_get_partition
 .text.board_fbt_run_recovery_wipe_data
                0x000000000000756c       0x88 board/rockchip/common/built-in.o
                0x000000000000756c                board_fbt_run_recovery_wipe_data
 .text.read_uboot_cmdline
                0x00000000000075f4       0x6c board/rockchip/common/built-in.o
                0x00000000000075f4                read_uboot_cmdline
 .text.read_rotate_flags
                0x0000000000007660       0xb8 board/rockchip/common/built-in.o
                0x0000000000007660                read_rotate_flags
 .text.board_fbt_preboot
                0x0000000000007718      0x328 board/rockchip/common/built-in.o
                0x0000000000007718                board_fbt_preboot
 .text.MMC_AccessBootPartition
                0x0000000000007a40       0x6c board/rockchip/common/built-in.o
                0x0000000000007a40                MMC_AccessBootPartition
 .text.MMC_SetBootBusWidth
                0x0000000000007aac       0x78 board/rockchip/common/built-in.o
                0x0000000000007aac                MMC_SetBootBusWidth
 .text.MMC_SwitchBoot
                0x0000000000007b24       0x78 board/rockchip/common/built-in.o
                0x0000000000007b24                MMC_SwitchBoot
 .text.MMC_Init
                0x0000000000007b9c      0x708 board/rockchip/common/built-in.o
                0x0000000000007b9c                MMC_Init
 .text._SD_DecodeCID
                0x00000000000082a4       0x88 board/rockchip/common/built-in.o
 .text._SD_DecodeCSD
                0x000000000000832c       0xf0 board/rockchip/common/built-in.o
 .text.unlikely._SD_SwitchFunction
                0x000000000000841c      0x3f8 board/rockchip/common/built-in.o
 .text.SD1X_Init
                0x0000000000008814      0x218 board/rockchip/common/built-in.o
                0x0000000000008814                SD1X_Init
 .text.SD20_Init
                0x0000000000008a2c      0x24c board/rockchip/common/built-in.o
                0x0000000000008a2c                SD20_Init
 .text.SDC_ResetFIFO
                0x0000000000008c78       0x70 board/rockchip/common/built-in.o
 .text.unlikely._ReadRemainData
                0x0000000000008ce8      0x110 board/rockchip/common/built-in.o
 .text._ControlClock
                0x0000000000008df8       0xdc board/rockchip/common/built-in.o
 .text._WaitCardBusy
                0x0000000000008ed4       0x70 board/rockchip/common/built-in.o
 .text._ChangeFreq
                0x0000000000008f44      0x1bc board/rockchip/common/built-in.o
 .text.eMMC_SetDataHigh
                0x0000000000009100       0x20 board/rockchip/common/built-in.o
                0x0000000000009100                eMMC_SetDataHigh
 .text.SDC_IsCardIdValid
                0x0000000000009120       0x10 board/rockchip/common/built-in.o
                0x0000000000009120                SDC_IsCardIdValid
 .text.SDC_IsCardWriteProtected
                0x0000000000009130        0x8 board/rockchip/common/built-in.o
                0x0000000000009130                SDC_IsCardWriteProtected
 .text.SDC_GetHostBusWidth
                0x0000000000009138       0x20 board/rockchip/common/built-in.o
                0x0000000000009138                SDC_GetHostBusWidth
 .text.SDC_SetHostBusWidth
                0x0000000000009158       0x80 board/rockchip/common/built-in.o
                0x0000000000009158                SDC_SetHostBusWidth
 .text.SDC_ResetController
                0x00000000000091d8      0x168 board/rockchip/common/built-in.o
                0x00000000000091d8                SDC_ResetController
 .text.SDC_Init
                0x0000000000009340      0x154 board/rockchip/common/built-in.o
                0x0000000000009340                SDC_Init
 .text.SDC_UpdateCardFreq
                0x0000000000009494       0x2c board/rockchip/common/built-in.o
                0x0000000000009494                SDC_UpdateCardFreq
 .text.SDC_ControlPower
                0x00000000000094c0       0x24 board/rockchip/common/built-in.o
                0x00000000000094c0                SDC_ControlPower
 .text.SDC_BusRequest
                0x00000000000094e4      0xa08 board/rockchip/common/built-in.o
                0x00000000000094e4                SDC_BusRequest
 .text._DataErrorHandle
                0x0000000000009eec       0xa4 board/rockchip/common/built-in.o
 .text._ResponseTimeoutHandle
                0x0000000000009f90       0xc8 board/rockchip/common/built-in.o
 .text._SDMMC_Write
                0x000000000000a058      0x194 board/rockchip/common/built-in.o
 .text._SDMMC_Read
                0x000000000000a1ec      0x1f0 board/rockchip/common/built-in.o
 .text._GenerateRCA
                0x000000000000a3dc       0x3c board/rockchip/common/built-in.o
                0x000000000000a3dc                _GenerateRCA
 .text._IsRCAUsable
                0x000000000000a418       0x3c board/rockchip/common/built-in.o
                0x000000000000a418                _IsRCAUsable
 .text._Identify_SendCmd
                0x000000000000a454        0x4 board/rockchip/common/built-in.o
                0x000000000000a454                _Identify_SendCmd
 .text._Identify_SendAppCmd
                0x000000000000a458       0x80 board/rockchip/common/built-in.o
                0x000000000000a458                _Identify_SendAppCmd
 .text.SDM_Init
                0x000000000000a4d8       0x50 board/rockchip/common/built-in.o
                0x000000000000a4d8                SDM_Init
 .text.SDM_Open
                0x000000000000a528       0x58 board/rockchip/common/built-in.o
                0x000000000000a528                SDM_Open
 .text.SDM_Read
                0x000000000000a580      0x118 board/rockchip/common/built-in.o
                0x000000000000a580                SDM_Read
 .text.SDM_Write
                0x000000000000a698      0x128 board/rockchip/common/built-in.o
                0x000000000000a698                SDM_Write
 .text.SDM_IOCtrl
                0x000000000000a7c0      0x4e0 board/rockchip/common/built-in.o
                0x000000000000a7c0                SDM_IOCtrl
 .text.SDOAM_Delay
                0x000000000000aca0        0x4 board/rockchip/common/built-in.o
                0x000000000000aca0                SDOAM_Delay
 .text.SDOAM_SendMsg
                0x000000000000aca4        0x4 board/rockchip/common/built-in.o
                0x000000000000aca4                SDOAM_SendMsg
 .text.SDOAM_CreateMutex
                0x000000000000aca8       0x3c board/rockchip/common/built-in.o
                0x000000000000aca8                SDOAM_CreateMutex
 .text.SDOAM_RequestMutex
                0x000000000000ace4        0x4 board/rockchip/common/built-in.o
                0x000000000000ace4                SDOAM_RequestMutex
 .text.SDOAM_ReleaseMutex
                0x000000000000ace8        0x4 board/rockchip/common/built-in.o
                0x000000000000ace8                SDOAM_ReleaseMutex
 .text.SDOAM_CreateEvent
                0x000000000000acec       0x3c board/rockchip/common/built-in.o
                0x000000000000acec                SDOAM_CreateEvent
 .text.SDPAM_FlushCache
                0x000000000000ad28        0x4 board/rockchip/common/built-in.o
                0x000000000000ad28                SDPAM_FlushCache
 .text.SDPAM_CleanCache
                0x000000000000ad2c        0x4 board/rockchip/common/built-in.o
                0x000000000000ad2c                SDPAM_CleanCache
 .text.SDPAM_InvalidateCache
                0x000000000000ad30        0x4 board/rockchip/common/built-in.o
                0x000000000000ad30                SDPAM_InvalidateCache
 .text.SDPAM_GetAHBFreq
                0x000000000000ad34        0x4 board/rockchip/common/built-in.o
                0x000000000000ad34                SDPAM_GetAHBFreq
 .text.SDPAM_SDCClkEnable
                0x000000000000ad38        0x4 board/rockchip/common/built-in.o
                0x000000000000ad38                SDPAM_SDCClkEnable
 .text.SDPAM_SDCReset
                0x000000000000ad3c       0x14 board/rockchip/common/built-in.o
                0x000000000000ad3c                SDPAM_SDCReset
 .text.SDPAM_SetMmcClkDiv
                0x000000000000ad50       0x14 board/rockchip/common/built-in.o
                0x000000000000ad50                SDPAM_SetMmcClkDiv
 .text.SDPAM_IOMUX_SetSDPort
                0x000000000000ad64        0x8 board/rockchip/common/built-in.o
                0x000000000000ad64                SDPAM_IOMUX_SetSDPort
 .text.SDPAM_ControlPower
                0x000000000000ad6c        0x4 board/rockchip/common/built-in.o
                0x000000000000ad6c                SDPAM_ControlPower
 .text.SdmmcReinit
                0x000000000000ad70       0x7c board/rockchip/common/built-in.o
                0x000000000000ad70                SdmmcReinit
 .text.SdmmcInit
                0x000000000000adec      0x154 board/rockchip/common/built-in.o
                0x000000000000adec                SdmmcInit
 .text.SdmmcDeInit
                0x000000000000af40        0x8 board/rockchip/common/built-in.o
                0x000000000000af40                SdmmcDeInit
 .text.SdmmcBootWritePBA
                0x000000000000af48       0xc4 board/rockchip/common/built-in.o
                0x000000000000af48                SdmmcBootWritePBA
 .text.SdmmcBootReadPBA
                0x000000000000b00c       0xc8 board/rockchip/common/built-in.o
                0x000000000000b00c                SdmmcBootReadPBA
 .text.SdmmcBootReadLBA
                0x000000000000b0d4       0x6c board/rockchip/common/built-in.o
                0x000000000000b0d4                SdmmcBootReadLBA
 .text.SdmmcBootWriteLBA
                0x000000000000b140       0x40 board/rockchip/common/built-in.o
                0x000000000000b140                SdmmcBootWriteLBA
 .text.SdmmcReadID
                0x000000000000b180       0x28 board/rockchip/common/built-in.o
                0x000000000000b180                SdmmcReadID
 .text.SdmmcReadFlashInfo
                0x000000000000b1a8       0xa8 board/rockchip/common/built-in.o
                0x000000000000b1a8                SdmmcReadFlashInfo
 .text.SdmmcGetCapacity
                0x000000000000b250       0x20 board/rockchip/common/built-in.o
                0x000000000000b250                SdmmcGetCapacity
 .text.SdmmcSysDataLoad
                0x000000000000b270       0x34 board/rockchip/common/built-in.o
                0x000000000000b270                SdmmcSysDataLoad
 .text.SdmmcSysDataStore
                0x000000000000b2a4       0x34 board/rockchip/common/built-in.o
                0x000000000000b2a4                SdmmcSysDataStore
 .text.SdmmcGetFwOffset
                0x000000000000b2d8       0x24 board/rockchip/common/built-in.o
                0x000000000000b2d8                SdmmcGetFwOffset
 .text.SdmmcGetSysOffset
                0x000000000000b2fc       0x24 board/rockchip/common/built-in.o
                0x000000000000b2fc                SdmmcGetSysOffset
 .text.SdmmcBootErase
                0x000000000000b320        0x8 board/rockchip/common/built-in.o
                0x000000000000b320                SdmmcBootErase
 .text.SdmmcCheckIdBlock
                0x000000000000b328        0x4 board/rockchip/common/built-in.o
                0x000000000000b328                SdmmcCheckIdBlock
 .text.SdmmcGetSDCardBootMode
                0x000000000000b32c       0x10 board/rockchip/common/built-in.o
                0x000000000000b32c                SdmmcGetSDCardBootMode
 .text.CryptoSHAInit
                0x000000000000b33c       0x58 board/rockchip/common/built-in.o
                0x000000000000b33c                CryptoSHAInit
 .text.CryptoSHAStart
                0x000000000000b394       0x58 board/rockchip/common/built-in.o
                0x000000000000b394                CryptoSHAStart
 .text.CryptoSHAEnd
                0x000000000000b3ec       0x50 board/rockchip/common/built-in.o
                0x000000000000b3ec                CryptoSHAEnd
 .text.CryptoRSAStart
                0x000000000000b43c       0x94 board/rockchip/common/built-in.o
                0x000000000000b43c                CryptoRSAStart
 .text.CryptoRSAEnd
                0x000000000000b4d0       0x3c board/rockchip/common/built-in.o
                0x000000000000b4d0                CryptoRSAEnd
 .text.CryptoRSAInit
                0x000000000000b50c       0x3c board/rockchip/common/built-in.o
                0x000000000000b50c                CryptoRSAInit
 .text.CryptoInit
                0x000000000000b548        0xc board/rockchip/common/built-in.o
                0x000000000000b548                CryptoInit
 .text.EfuseRead
                0x000000000000b554       0x9c board/rockchip/common/built-in.o
                0x000000000000b554                EfuseRead
 .text.SecureBootCheck
                0x000000000000b5f0       0x5c board/rockchip/common/built-in.o
                0x000000000000b5f0                SecureBootCheck
 .text.SecureBootUnlock
                0x000000000000b64c       0x4c board/rockchip/common/built-in.o
                0x000000000000b64c                SecureBootUnlock
 .text.SecureBootUnlockCheck
                0x000000000000b698       0x10 board/rockchip/common/built-in.o
                0x000000000000b698                SecureBootUnlockCheck
 .text.SecureBootLockLoader
                0x000000000000b6a8        0x4 board/rockchip/common/built-in.o
                0x000000000000b6a8                SecureBootLockLoader
 .text.SecureBootSetSysData2Kernel
                0x000000000000b6ac       0xd8 board/rockchip/common/built-in.o
                0x000000000000b6ac                SecureBootSetSysData2Kernel
 .text.SecureBootImageCheck
                0x000000000000b784        0xc board/rockchip/common/built-in.o
                0x000000000000b784                SecureBootImageCheck
 .text.SecureBootSecureState2Kernel
                0x000000000000b790       0x24 board/rockchip/common/built-in.o
                0x000000000000b790                SecureBootSecureState2Kernel
 .text.SecureRKModeChkPubkey
                0x000000000000b7b4       0x54 board/rockchip/common/built-in.o
 .text.SecureRKModeVerifyLoader
                0x000000000000b808       0xa4 board/rockchip/common/built-in.o
 .text.SecureNSModeVerifyLoader
                0x000000000000b8ac       0x80 board/rockchip/common/built-in.o
 .text.SecureNSModeSignCheck
                0x000000000000b92c       0x5c board/rockchip/common/built-in.o
 .text.SecureRKModeVerifyBootImage
                0x000000000000b988      0x170 board/rockchip/common/built-in.o
 .text.SecureModeVerifyLoader
                0x000000000000baf8       0x1c board/rockchip/common/built-in.o
                0x000000000000baf8                SecureModeVerifyLoader
 .text.SecureModeVerifyUbootImage
                0x000000000000bb14      0x1fc board/rockchip/common/built-in.o
                0x000000000000bb14                SecureModeVerifyUbootImage
 .text.SecureModeVerifyBootImage
                0x000000000000bd10      0x1e0 board/rockchip/common/built-in.o
                0x000000000000bd10                SecureModeVerifyBootImage
 .text.SecureModeBootImageCheck
                0x000000000000bef0       0xc4 board/rockchip/common/built-in.o
                0x000000000000bef0                SecureModeBootImageCheck
 .text.SecureModeRSAKeyCheck
                0x000000000000bfb4       0xf4 board/rockchip/common/built-in.o
                0x000000000000bfb4                SecureModeRSAKeyCheck
 .text.SecureModeLockLoader
                0x000000000000c0a8       0x64 board/rockchip/common/built-in.o
                0x000000000000c0a8                SecureModeLockLoader
 .text.SecureModeInit
                0x000000000000c10c      0x404 board/rockchip/common/built-in.o
                0x000000000000c10c                SecureModeInit
 .text.FW_ReIntForUpdate
                0x000000000000c510       0x3c board/rockchip/common/built-in.o
                0x000000000000c510                FW_ReIntForUpdate
 .text.FW_SorageLowFormatEn
                0x000000000000c54c       0x10 board/rockchip/common/built-in.o
                0x000000000000c54c                FW_SorageLowFormatEn
 .text.FW_SorageLowFormat
                0x000000000000c55c       0x68 board/rockchip/common/built-in.o
                0x000000000000c55c                FW_SorageLowFormat
 .text.FW_StorageGetValid
                0x000000000000c5c4       0x14 board/rockchip/common/built-in.o
                0x000000000000c5c4                FW_StorageGetValid
 .text.FW_GetCurEraseBlock
                0x000000000000c5d8       0x2c board/rockchip/common/built-in.o
                0x000000000000c5d8                FW_GetCurEraseBlock
 .text.FW_GetTotleBlk
                0x000000000000c604       0x2c board/rockchip/common/built-in.o
                0x000000000000c604                FW_GetTotleBlk
 .text.StorageReadPba
                0x000000000000c630       0x44 board/rockchip/common/built-in.o
                0x000000000000c630                StorageReadPba
 .text.StorageWritePba
                0x000000000000c674       0x44 board/rockchip/common/built-in.o
                0x000000000000c674                StorageWritePba
 .text.StorageReadLba
                0x000000000000c6b8       0x44 board/rockchip/common/built-in.o
                0x000000000000c6b8                StorageReadLba
 .text.StorageWriteLba
                0x000000000000c6fc       0x4c board/rockchip/common/built-in.o
                0x000000000000c6fc                StorageWriteLba
 .text.StorageGetCapacity
                0x000000000000c748       0x30 board/rockchip/common/built-in.o
                0x000000000000c748                StorageGetCapacity
 .text.StorageSysDataLoad
                0x000000000000c778       0x50 board/rockchip/common/built-in.o
                0x000000000000c778                StorageSysDataLoad
 .text.StorageSysDataStore
                0x000000000000c7c8       0x3c board/rockchip/common/built-in.o
                0x000000000000c7c8                StorageSysDataStore
 .text.StorageUbootSysDataLoad
                0x000000000000c804        0x8 board/rockchip/common/built-in.o
                0x000000000000c804                StorageUbootSysDataLoad
 .text.StorageUbootSysDataStore
                0x000000000000c80c        0x8 board/rockchip/common/built-in.o
                0x000000000000c80c                StorageUbootSysDataStore
 .text.StorageVendorSysDataLoad
                0x000000000000c814       0x4c board/rockchip/common/built-in.o
                0x000000000000c814                StorageVendorSysDataLoad
 .text.StorageVendorSysDataStore
                0x000000000000c860       0x48 board/rockchip/common/built-in.o
                0x000000000000c860                StorageVendorSysDataStore
 .text.StorageReadFlashInfo
                0x000000000000c8a8       0x30 board/rockchip/common/built-in.o
                0x000000000000c8a8                StorageReadFlashInfo
 .text.StorageInit
                0x000000000000c8d8       0x9c board/rockchip/common/built-in.o
                0x000000000000c8d8                StorageInit
 .text.StorageEraseBlock
                0x000000000000c974       0x5c board/rockchip/common/built-in.o
                0x000000000000c974                StorageEraseBlock
 .text.StorageGetBootMedia
                0x000000000000c9d0       0x14 board/rockchip/common/built-in.o
                0x000000000000c9d0                StorageGetBootMedia
 .text.StorageGetSDFwOffset
                0x000000000000c9e4       0x28 board/rockchip/common/built-in.o
                0x000000000000c9e4                StorageGetSDFwOffset
 .text.StorageGetSDSysOffset
                0x000000000000ca0c       0x28 board/rockchip/common/built-in.o
                0x000000000000ca0c                StorageGetSDSysOffset
 .text.StorageReadId
                0x000000000000ca34       0x38 board/rockchip/common/built-in.o
                0x000000000000ca34                StorageReadId
 .text.StorageSDCardUpdateMode
                0x000000000000ca6c       0x38 board/rockchip/common/built-in.o
                0x000000000000ca6c                StorageSDCardUpdateMode
 .text.board_lmb_reserve
                0x000000000000caa4       0x44 board/rockchip/rk32xx/built-in.o
                0x000000000000caa4                board_lmb_reserve
 .text.board_storage_init
                0x000000000000cae8       0x38 board/rockchip/rk32xx/built-in.o
                0x000000000000cae8                board_storage_init
 .text.board_init
                0x000000000000cb20       0x20 board/rockchip/rk32xx/built-in.o
                0x000000000000cb20                board_init
 .text.checkboard
                0x000000000000cb40       0x18 board/rockchip/rk32xx/built-in.o
                0x000000000000cb40                checkboard
 .text.arch_early_init_r
                0x000000000000cb58       0x14 board/rockchip/rk32xx/built-in.o
                0x000000000000cb58                arch_early_init_r
 .text.board_late_init
                0x000000000000cb6c      0x158 board/rockchip/rk32xx/built-in.o
                0x000000000000cb6c                board_late_init
 .text.show_boot_progress
                0x000000000000ccc4        0x4 common/built-in.o
                0x000000000000ccc4                show_boot_progress
 .text.main_loop
                0x000000000000ccc8       0x40 common/built-in.o
                0x000000000000ccc8                main_loop
 .text.find_cmd_tbl
                0x000000000000cd08       0xa4 common/built-in.o
                0x000000000000cd08                find_cmd_tbl
 .text.find_cmd
                0x000000000000cdac       0x28 common/built-in.o
                0x000000000000cdac                find_cmd
 .text.cmd_usage
                0x000000000000cdd4       0x5c common/built-in.o
                0x000000000000cdd4                cmd_usage
 .text._do_help
                0x000000000000ce30      0x184 common/built-in.o
                0x000000000000ce30                _do_help
 .text.cmd_process
                0x000000000000cfb4       0xc0 common/built-in.o
                0x000000000000cfb4                cmd_process
 .text.dummy    0x000000000000d074        0x4 common/built-in.o
 .text.get_version
                0x000000000000d078        0x8 common/built-in.o
                0x000000000000d078                get_version
 .text.jumptable_init
                0x000000000000d080      0x190 common/built-in.o
                0x000000000000d080                jumptable_init
 .text.b_reset  0x000000000000d210       0x1c common/built-in.o
 .text.static_get
                0x000000000000d22c       0x1c common/built-in.o
 .text.static_peek
                0x000000000000d248        0xc common/built-in.o
 .text.file_peek
                0x000000000000d254        0xc common/built-in.o
 .text.mapset   0x000000000000d260       0x24 common/built-in.o
 .text.syntax_err
                0x000000000000d284        0xc common/built-in.o
 .text.do_showvar
                0x000000000000d290       0xf4 common/built-in.o
 .text.xmalloc  0x000000000000d384       0x20 common/built-in.o
 .text.new_pipe
                0x000000000000d3a4       0x28 common/built-in.o
 .text.free_pipe_list
                0x000000000000d3cc       0xfc common/built-in.o
 .text.xrealloc
                0x000000000000d4c8       0x20 common/built-in.o
 .text.done_command
                0x000000000000d4e8       0x8c common/built-in.o
 .text.done_pipe
                0x000000000000d574       0x48 common/built-in.o
 .text.done_word
                0x000000000000d5bc      0x2e4 common/built-in.o
 .text.is_assignment
                0x000000000000d8a0       0x54 common/built-in.o
 .text.file_get
                0x000000000000d8f4      0x1d0 common/built-in.o
 .text.b_addchr
                0x000000000000dac4       0x80 common/built-in.o
 .text.b_addqchr
                0x000000000000db44       0x50 common/built-in.o
 .text.get_local_var
                0x000000000000db94       0x98 common/built-in.o
                0x000000000000db94                get_local_var
 .text.set_local_var
                0x000000000000dc2c      0x1c0 common/built-in.o
                0x000000000000dc2c                set_local_var
 .text.insert_var_value_sub
                0x000000000000ddec      0x2b0 common/built-in.o
 .text.parse_string_outer
                0x000000000000e09c       0xf0 common/built-in.o
                0x000000000000e09c                parse_string_outer
 .text.run_list_real
                0x000000000000e18c      0x7ec common/built-in.o
 .text.parse_stream_outer
                0x000000000000e978      0x6e8 common/built-in.o
 .text.parse_file_outer
                0x000000000000f060       0x44 common/built-in.o
                0x000000000000f060                parse_file_outer
 .text.u_boot_hush_start
                0x000000000000f0a4       0x54 common/built-in.o
                0x000000000000f0a4                u_boot_hush_start
 .text.run_command
                0x000000000000f0f8        0x8 common/built-in.o
                0x000000000000f0f8                run_command
 .text.run_command_list
                0x000000000000f100       0x5c common/built-in.o
                0x000000000000f100                run_command_list
 .text.cli_loop
                0x000000000000f15c        0xc common/built-in.o
                0x000000000000f15c                cli_loop
 .text.cli_init
                0x000000000000f168        0x4 common/built-in.o
                0x000000000000f168                cli_init
 .text.delete_char.part.0
                0x000000000000f16c       0xd4 common/built-in.o
 .text.cli_readline_into_buffer
                0x000000000000f240      0x1f0 common/built-in.o
                0x000000000000f240                cli_readline_into_buffer
 .text.cli_readline
                0x000000000000f430       0x14 common/built-in.o
                0x000000000000f430                cli_readline
 .text.bootdelay_process
                0x000000000000f444       0x48 common/built-in.o
                0x000000000000f444                bootdelay_process
 .text.autoboot_command
                0x000000000000f48c       0xd8 common/built-in.o
                0x000000000000f48c                autoboot_command
 .text.display_text_info
                0x000000000000f564        0x8 common/built-in.o
 .text.setup_mon_len
                0x000000000000f56c       0x20 common/built-in.o
 .text.setup_fdt
                0x000000000000f58c        0x8 common/built-in.o
 .text.reserve_round_4k
                0x000000000000f594       0x18 common/built-in.o
 .text.reserve_mmu
                0x000000000000f5ac       0x38 common/built-in.o
 .text.reserve_lcd
                0x000000000000f5e4       0x14 common/built-in.o
 .text.reserve_trace
                0x000000000000f5f8        0x8 common/built-in.o
 .text.reserve_global_buffers
                0x000000000000f600       0x4c common/built-in.o
 .text.reserve_uboot
                0x000000000000f64c       0x30 common/built-in.o
 .text.reserve_malloc
                0x000000000000f67c       0x18 common/built-in.o
 .text.setup_machine
                0x000000000000f694        0x8 common/built-in.o
 .text.reserve_global_data
                0x000000000000f69c       0x1c common/built-in.o
 .text.reserve_fdt
                0x000000000000f6b8       0x4c common/built-in.o
 .text.display_new_sp
                0x000000000000f704        0x8 common/built-in.o
 .text.initf_malloc
                0x000000000000f70c        0x8 common/built-in.o
 .text.initf_dm
                0x000000000000f714        0x8 common/built-in.o
 .text.setup_reloc
                0x000000000000f71c       0x24 common/built-in.o
 .text.reloc_fdt
                0x000000000000f740       0x30 common/built-in.o
 .text.announce_dram_init
                0x000000000000f770       0x18 common/built-in.o
 .text.init_baud_rate
                0x000000000000f788       0x2c common/built-in.o
 .text.mark_bootstage
                0x000000000000f7b4       0x14 common/built-in.o
 .text.reserve_board
                0x000000000000f7c8       0x38 common/built-in.o
 .text.coloured_LED_init
                0x000000000000f800        0x4 common/built-in.o
                0x000000000000f800                coloured_LED_init
 .text.red_led_on
                0x000000000000f804        0x4 common/built-in.o
                0x000000000000f804                red_led_on
 .text.board_add_ram_info
                0x000000000000f808        0x4 common/built-in.o
                0x000000000000f808                board_add_ram_info
 .text.show_dram_config
                0x000000000000f80c       0x38 common/built-in.o
 .text.setup_dram_config
                0x000000000000f844       0x10 common/built-in.o
 .text.board_get_usable_ram_top
                0x000000000000f854        0x8 common/built-in.o
                0x000000000000f854                board_get_usable_ram_top
 .text.setup_dest_addr
                0x000000000000f85c       0x40 common/built-in.o
 .text.reserve_stacks
                0x000000000000f89c       0x1c common/built-in.o
 .text.board_init_f
                0x000000000000f8b8       0x28 common/built-in.o
                0x000000000000f8b8                board_init_f
 .text.bootstage_relocate
                0x000000000000f8e0        0x8 common/built-in.o
 .text.initr_trace
                0x000000000000f8e8        0x8 common/built-in.o
 .text.initr_reloc_global_data
                0x000000000000f8f0       0x28 common/built-in.o
 .text.initr_barrier
                0x000000000000f918        0x8 common/built-in.o
 .text.power_init_board
                0x000000000000f920        0x8 common/built-in.o
                0x000000000000f920                power_init_board
 .text.initr_announce
                0x000000000000f928        0x8 common/built-in.o
 .text.run_main_loop
                0x000000000000f930        0xc common/built-in.o
 .text.initr_enable_interrupts
                0x000000000000f93c       0x10 common/built-in.o
 .text.initr_jumptable
                0x000000000000f94c       0x10 common/built-in.o
 .text.initr_env
                0x000000000000f95c       0x30 common/built-in.o
 .text.initr_rk_storage
                0x000000000000f98c       0x10 common/built-in.o
 .text.initr_serial
                0x000000000000f99c       0x10 common/built-in.o
 .text.initr_malloc
                0x000000000000f9ac       0x24 common/built-in.o
 .text.initr_caches
                0x000000000000f9d0       0x10 common/built-in.o
 .text.initr_reloc
                0x000000000000f9e0       0x20 common/built-in.o
 .text.cpu_secondary_init_r
                0x000000000000fa00        0x4 common/built-in.o
                0x000000000000fa00                cpu_secondary_init_r
 .text.initr_secondary_cpu
                0x000000000000fa04       0x10 common/built-in.o
 .text.board_init_r
                0x000000000000fa14       0x14 common/built-in.o
                0x000000000000fa14                board_init_r
 .text.show_board_info
                0x000000000000fa28        0x4 common/built-in.o
                0x000000000000fa28                show_board_info
 .text.do_go_exec
                0x000000000000fa2c       0x18 common/built-in.o
                0x000000000000fa2c                do_go_exec
 .text.do_go    0x000000000000fa44       0x70 common/built-in.o
                0x000000000000fa44                do_go
 .text.do_bootm
                0x000000000000fab4       0xfc common/built-in.o
                0x000000000000fab4                do_bootm
 .text.bootm_find_ramdisk_fdt
                0x000000000000fbb0       0xb4 common/built-in.o
                0x000000000000fbb0                bootm_find_ramdisk_fdt
 .text.do_bootm_states
                0x000000000000fc64      0x728 common/built-in.o
                0x000000000000fc64                do_bootm_states
 .text.do_bootm_standalone
                0x000000000001038c       0x64 common/built-in.o
 .text.arch_preboot_os
                0x00000000000103f0        0x4 common/built-in.o
                0x00000000000103f0                arch_preboot_os
 .text.boot_selected_os
                0x00000000000103f4       0x5c common/built-in.o
                0x00000000000103f4                boot_selected_os
 .text.bootm_os_get_boot_func
                0x0000000000010450       0x10 common/built-in.o
                0x0000000000010450                bootm_os_get_boot_func
 .text.do_help  0x0000000000010460       0x44 common/built-in.o
 .text.do_version
                0x00000000000104a4       0x38 common/built-in.o
 .text.env_attr_walk
                0x00000000000104dc      0x120 common/built-in.o
                0x00000000000104dc                env_attr_walk
 .text.env_attr_lookup
                0x00000000000105fc      0x190 common/built-in.o
                0x00000000000105fc                env_attr_lookup
 .text.clear_callback
                0x000000000001078c       0x10 common/built-in.o
 .text.on_callbacks
                0x000000000001079c       0x48 common/built-in.o
 .text.set_callback
                0x00000000000107e4       0xd8 common/built-in.o
 .text.env_callback_init
                0x00000000000108bc      0x114 common/built-in.o
                0x00000000000108bc                env_callback_init
 .text.clear_flags
                0x00000000000109d0       0x10 common/built-in.o
 .text.on_flags
                0x00000000000109e0       0x48 common/built-in.o
 .text.env_flags_parse_vartype
                0x0000000000010a28       0x50 common/built-in.o
                0x0000000000010a28                env_flags_parse_vartype
 .text.env_flags_parse_varaccess
                0x0000000000010a78       0x58 common/built-in.o
                0x0000000000010a78                env_flags_parse_varaccess
 .text.set_flags
                0x0000000000010ad0       0xac common/built-in.o
 .text.env_flags_init
                0x0000000000010b7c       0xd4 common/built-in.o
                0x0000000000010b7c                env_flags_init
 .text.env_flags_validate
                0x0000000000010c50      0x238 common/built-in.o
                0x0000000000010c50                env_flags_validate
 .text.env_init
                0x0000000000010e88       0x1c common/built-in.o
                0x0000000000010e88                env_init
 .text.saveenv  0x0000000000010ea4       0xf0 common/built-in.o
                0x0000000000010ea4                saveenv
 .text.env_relocate_spec
                0x0000000000010f94       0xc0 common/built-in.o
                0x0000000000010f94                env_relocate_spec
 .text.do_bmp   0x0000000000011054       0x54 common/built-in.o
 .text.do_bmp_info
                0x00000000000110a8      0x100 common/built-in.o
 .text.bmp_display
                0x00000000000111a8       0x38 common/built-in.o
                0x00000000000111a8                bmp_display
 .text.do_bmp_display
                0x00000000000111e0       0xa4 common/built-in.o
 .text.do_exit  0x0000000000011284       0x34 common/built-in.o
 .text.fdt_valid
                0x00000000000112b8       0xc0 common/built-in.o
 .text.is_printable_string
                0x0000000000011378       0x90 common/built-in.o
 .text.print_data
                0x0000000000011408      0x170 common/built-in.o
 .text.set_working_fdt_addr
                0x0000000000011578       0x1c common/built-in.o
                0x0000000000011578                set_working_fdt_addr
 .text.do_fdt   0x0000000000011594      0xebc common/built-in.o
 .text.get_cells_len
                0x0000000000012450       0x3c common/built-in.o
 .text.fdt_find_or_add_subnode.constprop.6
                0x000000000001248c       0x6c common/built-in.o
 .text.chto     0x00000000000124f8       0x2c common/built-in.o
                0x00000000000124f8                chto
 .text.toch     0x0000000000012524       0x2c common/built-in.o
                0x0000000000012524                toch
 .text.fdt_getprop_u32_default_node
                0x0000000000012550       0x40 common/built-in.o
                0x0000000000012550                fdt_getprop_u32_default_node
 .text.fdt_find_and_setprop
                0x0000000000012590       0x70 common/built-in.o
                0x0000000000012590                fdt_find_and_setprop
 .text.fdt_initrd
                0x0000000000012600      0x250 common/built-in.o
                0x0000000000012600                fdt_initrd
 .text.fdt_chosen
                0x0000000000012850      0x1b8 common/built-in.o
                0x0000000000012850                fdt_chosen
 .text.do_fixup_by_path
                0x0000000000012a08       0x54 common/built-in.o
                0x0000000000012a08                do_fixup_by_path
 .text.fdt_fixup_memory_banks
                0x0000000000012a5c      0x1dc common/built-in.o
                0x0000000000012a5c                fdt_fixup_memory_banks
 .text.fdt_fixup_memory
                0x0000000000012c38       0x20 common/built-in.o
                0x0000000000012c38                fdt_fixup_memory
 .text.fdt_fixup_ethernet
                0x0000000000012c58      0x158 common/built-in.o
                0x0000000000012c58                fdt_fixup_ethernet
 .text.fdt_shrink_to_minimum
                0x0000000000012db0       0xd4 common/built-in.o
                0x0000000000012db0                fdt_shrink_to_minimum
 .text.getvar_version
                0x0000000000012e84        0xc common/built-in.o
 .text.getvar_version_baseband
                0x0000000000012e90        0xc common/built-in.o
 .text.getvar_version_bootloader
                0x0000000000012e9c        0xc common/built-in.o
 .text.getvar_unlocked
                0x0000000000012ea8       0x34 common/built-in.o
 .text.getvar_secure
                0x0000000000012edc       0x34 common/built-in.o
 .text.getvar_product
                0x0000000000012f10        0xc common/built-in.o
 .text.getvar_serialno
                0x0000000000012f1c       0x10 common/built-in.o
 .text.str2wide
                0x0000000000012f2c       0x80 common/built-in.o
 .text.getvar_checksum
                0x0000000000012fac      0x13c common/built-in.o
 .text.getvar_partition_offset
                0x00000000000130e8       0x64 common/built-in.o
 .text.getvar_partition_size
                0x000000000001314c       0x64 common/built-in.o
 .text.getvar_partition_type
                0x00000000000131b0       0x70 common/built-in.o
 .text.fbt_handle_erase
                0x0000000000013220       0xa0 common/built-in.o
 .text.fbt_set_unlocked
                0x00000000000132c0       0x48 common/built-in.o
 .text.fbt_handle_response
                0x0000000000013308      0x12c common/built-in.o
 .text.fbt_handle_reboot
                0x0000000000013434       0xc0 common/built-in.o
 .text.fbt_send_raw_info
                0x00000000000134f4       0xe8 common/built-in.o
 .text.do_fastboot
                0x00000000000135dc      0xf04 common/built-in.o
 .text.fbt_receive_firstcmd
                0x00000000000144e0       0x34 common/built-in.o
                0x00000000000144e0                fbt_receive_firstcmd
 .text.fbt_event_handler
                0x0000000000014514      0x110 common/built-in.o
 .text.fbt_fastboot_init
                0x0000000000014624      0x158 common/built-in.o
                0x0000000000014624                fbt_fastboot_init
 .text.do_bootrk
                0x000000000001477c      0x960 common/built-in.o
                0x000000000001477c                do_bootrk
 .text.rkusb_send_csw
                0x00000000000150dc       0xb8 common/built-in.o
 .text.rkusb_receive_firstcbw
                0x0000000000015194       0x40 common/built-in.o
                0x0000000000015194                rkusb_receive_firstcbw
 .text.rkusb_event_handler
                0x00000000000151d4      0x13c common/built-in.o
 .text.FW_ReadID
                0x0000000000015310       0x6c common/built-in.o
                0x0000000000015310                FW_ReadID
 .text.do_rockusb_cmd
                0x000000000001537c      0x4e8 common/built-in.o
                0x000000000001537c                do_rockusb_cmd
 .text.rkusb_handle_datarx
                0x0000000000015864      0x1a4 common/built-in.o
                0x0000000000015864                rkusb_handle_datarx
 .text.rkusb_handle_datatx
                0x0000000000015a08      0x198 common/built-in.o
                0x0000000000015a08                rkusb_handle_datatx
 .text.do_rockusb
                0x0000000000015ba0      0x580 common/built-in.o
                0x0000000000015ba0                do_rockusb
 .text.get_entry_ram
                0x0000000000016120      0x158 common/built-in.o
 .text.get_content_ram
                0x0000000000016278       0x8c common/built-in.o
                0x0000000000016278                get_content_ram
 .text.get_content
                0x0000000000016304      0x294 common/built-in.o
                0x0000000000016304                get_content
 .text.free_content
                0x0000000000016598       0x30 common/built-in.o
                0x0000000000016598                free_content
 .text.load_content_data
                0x00000000000165c8       0x2c common/built-in.o
                0x00000000000165c8                load_content_data
 .text.load_content
                0x00000000000165f4       0x80 common/built-in.o
                0x00000000000165f4                load_content
 .text.show_resource_image
                0x0000000000016674      0x128 common/built-in.o
                0x0000000000016674                show_resource_image
 .text.lcd_get_size
                0x000000000001679c       0x34 common/built-in.o
                0x000000000001679c                lcd_get_size
 .text.lcd_sync
                0x00000000000167d0       0x3c common/built-in.o
                0x00000000000167d0                lcd_sync
 .text.lcd_enable_logo
                0x000000000001680c       0x10 common/built-in.o
                0x000000000001680c                lcd_enable_logo
 .text.drv_lcd_init
                0x000000000001681c       0x9c common/built-in.o
                0x000000000001681c                drv_lcd_init
 .text.lcd_setcolor_bypix
                0x00000000000168b8       0x20 common/built-in.o
                0x00000000000168b8                lcd_setcolor_bypix
 .text.rk_bitmap_from_resource
                0x00000000000168d8       0x1c common/built-in.o
                0x00000000000168d8                rk_bitmap_from_resource
 .text.bitmap_plot
                0x00000000000168f4      0x13c common/built-in.o
                0x00000000000168f4                bitmap_plot
 .text.lcd_logo
                0x0000000000016a30       0x58 common/built-in.o
 .text.LCD_clear
                0x0000000000016a88       0x50 common/built-in.o
                0x0000000000016a88                LCD_clear
 .text.lcd_clear
                0x0000000000016ad8       0x84 common/built-in.o
                0x0000000000016ad8                lcd_clear
 .text.do_lcd_clear
                0x0000000000016b5c       0x18 common/built-in.o
 .text.lcd_display_bitmap
                0x0000000000016b74      0x734 common/built-in.o
                0x0000000000016b74                lcd_display_bitmap
 .text.lcd_display_bitmap_center
                0x00000000000172a8       0x9c common/built-in.o
                0x00000000000172a8                lcd_display_bitmap_center
 .text.do_env_delete
                0x0000000000017344       0xa8 common/built-in.o
 .text.env_print
                0x00000000000173ec       0xc8 common/built-in.o
 .text.do_env_print
                0x00000000000174b4       0xc4 common/built-in.o
 .text.do_env   0x0000000000017578       0x5c common/built-in.o
 .text.do_env_import
                0x00000000000175d4      0x2a0 common/built-in.o
 .text.do_env_default
                0x0000000000017874       0xb4 common/built-in.o
 .text.do_env_save
                0x0000000000017928       0x2c common/built-in.o
                0x0000000000017928                do_env_save
 .text._do_env_set.isra.1
                0x0000000000017954      0x1d8 common/built-in.o
 .text.do_env_set
                0x0000000000017b2c       0x1c common/built-in.o
 .text.setenv   0x0000000000017b48       0x60 common/built-in.o
                0x0000000000017b48                setenv
 .text.setenv_ulong
                0x0000000000017ba8       0x20 common/built-in.o
                0x0000000000017ba8                setenv_ulong
 .text.setenv_hex
                0x0000000000017bc8       0x34 common/built-in.o
                0x0000000000017bc8                setenv_hex
 .text.do_env_export
                0x0000000000017bfc      0x268 common/built-in.o
 .text.envmatch
                0x0000000000017e64       0x6c common/built-in.o
                0x0000000000017e64                envmatch
 .text.getenv_f
                0x0000000000017ed0       0xcc common/built-in.o
                0x0000000000017ed0                getenv_f
 .text.getenv   0x0000000000017f9c       0x78 common/built-in.o
                0x0000000000017f9c                getenv
 .text.getenv_ulong
                0x0000000000018014       0x30 common/built-in.o
                0x0000000000018014                getenv_ulong
 .text.getenv_hex
                0x0000000000018044       0x34 common/built-in.o
                0x0000000000018044                getenv_hex
 .text.env_get_char_spec
                0x0000000000018078        0xc common/built-in.o
                0x0000000000018078                env_get_char_spec
 .text.env_get_addr
                0x0000000000018084       0x20 common/built-in.o
                0x0000000000018084                env_get_addr
 .text.env_get_char_memory
                0x00000000000180a4       0x10 common/built-in.o
                0x00000000000180a4                env_get_char_memory
 .text.env_get_char
                0x00000000000180b4       0x30 common/built-in.o
                0x00000000000180b4                env_get_char
 .text.getenv_yesno
                0x00000000000180e4       0x50 common/built-in.o
                0x00000000000180e4                getenv_yesno
 .text.getenv_default
                0x0000000000018134       0x30 common/built-in.o
                0x0000000000018134                getenv_default
 .text.set_default_env
                0x0000000000018164       0xbc common/built-in.o
                0x0000000000018164                set_default_env
 .text.set_default_vars
                0x0000000000018220       0x3c common/built-in.o
                0x0000000000018220                set_default_vars
 .text.env_relocate
                0x000000000001825c       0x30 common/built-in.o
                0x000000000001825c                env_relocate
 .text.console_setfile
                0x000000000001828c       0xbc common/built-in.o
 .text.serial_printf
                0x0000000000018348       0x50 common/built-in.o
                0x0000000000018348                serial_printf
 .text.puts     0x0000000000018398       0x40 common/built-in.o
                0x0000000000018398                puts
 .text.printf   0x00000000000183d8       0x5c common/built-in.o
                0x00000000000183d8                printf
 .text.fgetc    0x0000000000018434       0x2c common/built-in.o
                0x0000000000018434                fgetc
 .text.getc     0x0000000000018460       0x24 common/built-in.o
                0x0000000000018460                getc
 .text.ftstc    0x0000000000018484       0x2c common/built-in.o
                0x0000000000018484                ftstc
 .text.tstc     0x00000000000184b0       0x24 common/built-in.o
                0x00000000000184b0                tstc
 .text.fputc    0x00000000000184d4       0x24 common/built-in.o
                0x00000000000184d4                fputc
 .text.putc     0x00000000000184f8       0x28 common/built-in.o
                0x00000000000184f8                putc
 .text.vprintf  0x0000000000018520       0x34 common/built-in.o
                0x0000000000018520                vprintf
 .text.ctrlc    0x0000000000018554       0x58 common/built-in.o
                0x0000000000018554                ctrlc
 .text.had_ctrlc
                0x00000000000185ac       0x10 common/built-in.o
                0x00000000000185ac                had_ctrlc
 .text.clear_ctrlc
                0x00000000000185bc       0x14 common/built-in.o
                0x00000000000185bc                clear_ctrlc
 .text.search_device
                0x00000000000185d0       0x30 common/built-in.o
                0x00000000000185d0                search_device
 .text.console_assign
                0x0000000000018600       0x48 common/built-in.o
                0x0000000000018600                console_assign
 .text.on_console
                0x0000000000018648       0xc4 common/built-in.o
 .text.console_init_f
                0x000000000001870c       0x10 common/built-in.o
                0x000000000001870c                console_init_f
 .text.console_init_r
                0x000000000001871c      0x150 common/built-in.o
                0x000000000001871c                console_init_r
 .text.sbrk     0x000000000001886c       0x70 common/built-in.o
                0x000000000001886c                sbrk
 .text.mem_malloc_init
                0x00000000000188dc       0x2c common/built-in.o
                0x00000000000188dc                mem_malloc_init
 .text.malloc_trim
                0x0000000000018908       0xcc common/built-in.o
                0x0000000000018908                malloc_trim
 .text.free     0x00000000000189d4      0x228 common/built-in.o
                0x00000000000189d4                free
 .text.malloc   0x0000000000018bfc      0x608 common/built-in.o
                0x0000000000018bfc                malloc
 .text.calloc   0x0000000000019204       0xa4 common/built-in.o
                0x0000000000019204                calloc
 .text.memalign
                0x00000000000192a8      0x10c common/built-in.o
                0x00000000000192a8                memalign
 .text.realloc  0x00000000000193b4      0x40c common/built-in.o
                0x00000000000193b4                realloc
 .text.on_loadaddr
                0x00000000000197c0       0x38 common/built-in.o
 .text.image_check_hcrc
                0x00000000000197f8       0x4c common/built-in.o
                0x00000000000197f8                image_check_hcrc
 .text.image_check_dcrc
                0x0000000000019844       0x38 common/built-in.o
                0x0000000000019844                image_check_dcrc
 .text.image_multi_count
                0x000000000001987c       0x20 common/built-in.o
                0x000000000001987c                image_multi_count
 .text.image_multi_getimg
                0x000000000001989c       0x80 common/built-in.o
                0x000000000001989c                image_multi_getimg
 .text.getenv_bootm_low
                0x000000000001991c       0x28 common/built-in.o
                0x000000000001991c                getenv_bootm_low
 .text.getenv_bootm_size
                0x0000000000019944       0x60 common/built-in.o
                0x0000000000019944                getenv_bootm_size
 .text.getenv_bootm_mapsize
                0x00000000000199a4       0x30 common/built-in.o
                0x00000000000199a4                getenv_bootm_mapsize
 .text.memmove_wd
                0x00000000000199d4        0xc common/built-in.o
                0x00000000000199d4                memmove_wd
 .text.genimg_print_size
                0x00000000000199e0       0x30 common/built-in.o
                0x00000000000199e0                genimg_print_size
 .text.get_table_entry_name
                0x0000000000019a10       0x2c common/built-in.o
                0x0000000000019a10                get_table_entry_name
 .text.genimg_get_os_name
                0x0000000000019a3c       0x18 common/built-in.o
                0x0000000000019a3c                genimg_get_os_name
 .text.genimg_get_arch_name
                0x0000000000019a54       0x18 common/built-in.o
                0x0000000000019a54                genimg_get_arch_name
 .text.genimg_get_type_name
                0x0000000000019a6c       0x18 common/built-in.o
                0x0000000000019a6c                genimg_get_type_name
 .text.genimg_get_comp_name
                0x0000000000019a84       0x18 common/built-in.o
                0x0000000000019a84                genimg_get_comp_name
 .text.image_print_contents
                0x0000000000019a9c      0x170 common/built-in.o
                0x0000000000019a9c                image_print_contents
 .text.genimg_get_kernel_addr_fit
                0x0000000000019c0c       0x24 common/built-in.o
                0x0000000000019c0c                genimg_get_kernel_addr_fit
 .text.genimg_get_format
                0x0000000000019c30       0x38 common/built-in.o
                0x0000000000019c30                genimg_get_format
 .text.genimg_get_image
                0x0000000000019c68        0x4 common/built-in.o
                0x0000000000019c68                genimg_get_image
 .text.genimg_has_config
                0x0000000000019c6c        0x8 common/built-in.o
                0x0000000000019c6c                genimg_has_config
 .text.boot_get_ramdisk
                0x0000000000019c74      0x238 common/built-in.o
                0x0000000000019c74                boot_get_ramdisk
 .text.boot_ramdisk_high
                0x0000000000019eac      0x140 common/built-in.o
                0x0000000000019eac                boot_ramdisk_high
 .text.image_setup_linux
                0x0000000000019fec       0x88 common/built-in.o
                0x0000000000019fec                image_setup_linux
 .text.fdt_error
                0x000000000001a074       0x2c common/built-in.o
 .text.boot_fdt_add_mem_rsv_regions
                0x000000000001a0a0       0x88 common/built-in.o
                0x000000000001a0a0                boot_fdt_add_mem_rsv_regions
 .text.boot_relocate_fdt
                0x000000000001a128      0x194 common/built-in.o
                0x000000000001a128                boot_relocate_fdt
 .text.boot_get_fdt
                0x000000000001a2bc      0x274 common/built-in.o
                0x000000000001a2bc                boot_get_fdt
 .text.ft_verify_fdt
                0x000000000001a530        0x8 common/built-in.o
                0x000000000001a530                ft_verify_fdt
 .text.image_setup_libfdt
                0x000000000001a538       0xe4 common/built-in.o
                0x000000000001a538                image_setup_libfdt
 .text.get_ram_size
                0x000000000001a61c      0x100 common/built-in.o
                0x000000000001a61c                get_ram_size
 .text.get_effective_memsize
                0x000000000001a71c        0x8 common/built-in.o
                0x000000000001a71c                get_effective_memsize
 .text.stdio_serial_tstc
                0x000000000001a724        0x4 common/built-in.o
 .text.stdio_serial_getc
                0x000000000001a728        0x4 common/built-in.o
 .text.stdio_serial_puts
                0x000000000001a72c        0x8 common/built-in.o
 .text.stdio_serial_putc
                0x000000000001a734        0x8 common/built-in.o
 .text.stdio_get_by_name
                0x000000000001a73c       0x50 common/built-in.o
                0x000000000001a73c                stdio_get_by_name
 .text.stdio_clone
                0x000000000001a78c       0x3c common/built-in.o
                0x000000000001a78c                stdio_clone
 .text.stdio_register_dev
                0x000000000001a7c8       0x50 common/built-in.o
                0x000000000001a7c8                stdio_register_dev
 .text.stdio_register
                0x000000000001a818        0x8 common/built-in.o
                0x000000000001a818                stdio_register
 .text.stdio_init_tables
                0x000000000001a820       0x1c common/built-in.o
                0x000000000001a820                stdio_init_tables
 .text.stdio_add_devices
                0x000000000001a83c       0x78 common/built-in.o
                0x000000000001a83c                stdio_add_devices
 .text.rk_fb_vidinfo_to_win
                0x000000000001a8b4       0x40 drivers/built-in.o
                0x000000000001a8b4                rk_fb_vidinfo_to_win
 .text.rk_fb_vidinfo_to_screen
                0x000000000001a8f4       0xc0 drivers/built-in.o
                0x000000000001a8f4                rk_fb_vidinfo_to_screen
 .text.rk_backlight_ctrl
                0x000000000001a9b4        0x4 drivers/built-in.o
                0x000000000001a9b4                rk_backlight_ctrl
 .text.rk_fb_find_lcdc_node_dt
                0x000000000001a9b8       0x9c drivers/built-in.o
                0x000000000001a9b8                rk_fb_find_lcdc_node_dt
 .text.rk_fb_pwr_ctr_parse_dt
                0x000000000001aa54      0x150 drivers/built-in.o
                0x000000000001aa54                rk_fb_pwr_ctr_parse_dt
 .text.rk_fb_pwr_enable
                0x000000000001aba4       0x44 drivers/built-in.o
                0x000000000001aba4                rk_fb_pwr_enable
 .text.rk_fb_parse_dt
                0x000000000001abe8      0x408 drivers/built-in.o
                0x000000000001abe8                rk_fb_parse_dt
 .text.lcd_ctrl_init
                0x000000000001aff0       0x58 drivers/built-in.o
                0x000000000001aff0                lcd_ctrl_init
 .text.lcd_enable
                0x000000000001b048        0x4 drivers/built-in.o
                0x000000000001b048                lcd_enable
 .text.lcd_pandispaly
                0x000000000001b04c        0xc drivers/built-in.o
                0x000000000001b04c                lcd_pandispaly
 .text.lcd_standby
                0x000000000001b058        0x4 drivers/built-in.o
                0x000000000001b058                lcd_standby
 .text.rk_lcdc_set_par
                0x000000000001b05c      0x93c drivers/built-in.o
                0x000000000001b05c                rk_lcdc_set_par
 .text.rk_lcdc_load_screen
                0x000000000001b998      0x590 drivers/built-in.o
                0x000000000001b998                rk_lcdc_load_screen
 .text.rk_lcdc_standby
                0x000000000001bf28       0x84 drivers/built-in.o
                0x000000000001bf28                rk_lcdc_standby
 .text.rk_lcdc_init
                0x000000000001bfac      0x120 drivers/built-in.o
                0x000000000001bfac                rk_lcdc_init
 .text.rk32_edp_enable
                0x000000000001c0cc      0x348 drivers/built-in.o
                0x000000000001c0cc                rk32_edp_enable
 .text.rk32_edp_enable_video_mute
                0x000000000001c414       0x20 drivers/built-in.o
                0x000000000001c414                rk32_edp_enable_video_mute
 .text.rk32_edp_stop_video
                0x000000000001c434       0x18 drivers/built-in.o
                0x000000000001c434                rk32_edp_stop_video
 .text.rk32_edp_init_refclk
                0x000000000001c44c       0x88 drivers/built-in.o
                0x000000000001c44c                rk32_edp_init_refclk
 .text.rk32_edp_init_interrupt
                0x000000000001c4d4       0x74 drivers/built-in.o
                0x000000000001c4d4                rk32_edp_init_interrupt
 .text.rk32_edp_reset
                0x000000000001c548       0xd8 drivers/built-in.o
                0x000000000001c548                rk32_edp_reset
 .text.rk32_edp_get_pll_lock_status
                0x000000000001c620       0x10 drivers/built-in.o
                0x000000000001c620                rk32_edp_get_pll_lock_status
 .text.rk32_edp_analog_power_ctr
                0x000000000001c630       0x34 drivers/built-in.o
                0x000000000001c630                rk32_edp_analog_power_ctr
 .text.rk32_edp_init_analog_func
                0x000000000001c664       0x7c drivers/built-in.o
                0x000000000001c664                rk32_edp_init_analog_func
 .text.rk32_edp_init_hpd
                0x000000000001c6e0       0x30 drivers/built-in.o
                0x000000000001c6e0                rk32_edp_init_hpd
 .text.rk32_edp_reset_aux
                0x000000000001c710       0x18 drivers/built-in.o
                0x000000000001c710                rk32_edp_reset_aux
 .text.rk32_edp_init_aux
                0x000000000001c728       0x3c drivers/built-in.o
                0x000000000001c728                rk32_edp_init_aux
 .text.rk32_edp_enable_sw_function
                0x000000000001c764       0x18 drivers/built-in.o
                0x000000000001c764                rk32_edp_enable_sw_function
 .text.rk32_edp_start_aux_transaction
                0x000000000001c77c       0xf0 drivers/built-in.o
                0x000000000001c77c                rk32_edp_start_aux_transaction
 .text.rk32_edp_read_byte_from_dpcd
                0x000000000001c86c       0x8c drivers/built-in.o
                0x000000000001c86c                rk32_edp_read_byte_from_dpcd
 .text.rk32_edp_set_link_bandwidth
                0x000000000001c8f8       0x18 drivers/built-in.o
                0x000000000001c8f8                rk32_edp_set_link_bandwidth
 .text.rk32_edp_hw_link_training_en
                0x000000000001c910       0x10 drivers/built-in.o
                0x000000000001c910                rk32_edp_hw_link_training_en
 .text.rk32_edp_wait_hw_lt_done
                0x000000000001c920       0x28 drivers/built-in.o
                0x000000000001c920                rk32_edp_wait_hw_lt_done
 .text.rk32_edp_get_hw_lt_status
                0x000000000001c948       0x10 drivers/built-in.o
                0x000000000001c948                rk32_edp_get_hw_lt_status
 .text.rk32_edp_set_lane_count
                0x000000000001c958        0xc drivers/built-in.o
                0x000000000001c958                rk32_edp_set_lane_count
 .text.rk32_edp_reset_macro
                0x000000000001c964        0x4 drivers/built-in.o
                0x000000000001c964                rk32_edp_reset_macro
 .text.rk32_edp_init_video
                0x000000000001c968       0x38 drivers/built-in.o
                0x000000000001c968                rk32_edp_init_video
 .text.rk32_edp_set_video_color_format
                0x000000000001c9a0       0x34 drivers/built-in.o
                0x000000000001c9a0                rk32_edp_set_video_color_format
 .text.rk32_edp_is_slave_video_stream_clock_on
                0x000000000001c9d4       0x58 drivers/built-in.o
                0x000000000001c9d4                rk32_edp_is_slave_video_stream_clock_on
 .text.rk32_edp_set_video_cr_mn
                0x000000000001ca2c       0x94 drivers/built-in.o
                0x000000000001ca2c                rk32_edp_set_video_cr_mn
 .text.rk32_edp_set_video_timing_mode
                0x000000000001cac0       0x20 drivers/built-in.o
                0x000000000001cac0                rk32_edp_set_video_timing_mode
 .text.rk32_edp_enable_video_master
                0x000000000001cae0        0x4 drivers/built-in.o
                0x000000000001cae0                rk32_edp_enable_video_master
 .text.rk32_edp_start_video
                0x000000000001cae4       0x18 drivers/built-in.o
                0x000000000001cae4                rk32_edp_start_video
 .text.rk32_edp_is_video_stream_on
                0x000000000001cafc       0x28 drivers/built-in.o
                0x000000000001cafc                rk32_edp_is_video_stream_on
 .text.rk32_edp_config_video_slave_mode
                0x000000000001cb24       0x6c drivers/built-in.o
                0x000000000001cb24                rk32_edp_config_video_slave_mode
 .text.rk_mipi_screen_pwr_enable
                0x000000000001cb90       0x94 drivers/built-in.o
 .text.rk_mipi_screen
                0x000000000001cc24      0x2f4 drivers/built-in.o
                0x000000000001cc24                rk_mipi_screen
 .text.rk_mipi_screen_standby
                0x000000000001cf18      0x180 drivers/built-in.o