Archive member included because of file (symbol)

/home/rk3288-sdk/prebuilts/gcc/linux-x86/arm/arm-eabi-4.7/bin/../lib/gcc/arm-eabi/4.7/libgcc.a(_udivsi3.o)
                              arch/arm/cpu/armv7/rk32xx/built-in.o (__aeabi_uidiv)
/home/rk3288-sdk/prebuilts/gcc/linux-x86/arm/arm-eabi-4.7/bin/../lib/gcc/arm-eabi/4.7/libgcc.a(_divsi3.o)
                              board/rockchip/common/built-in.o (__aeabi_idiv)
/home/rk3288-sdk/prebuilts/gcc/linux-x86/arm/arm-eabi-4.7/bin/../lib/gcc/arm-eabi/4.7/libgcc.a(_dvmd_tls.o)
                              /home/rk3288-sdk/prebuilts/gcc/linux-x86/arm/arm-eabi-4.7/bin/../lib/gcc/arm-eabi/4.7/libgcc.a(_udivsi3.o) (__aeabi_idiv0)
/home/rk3288-sdk/prebuilts/gcc/linux-x86/arm/arm-eabi-4.7/bin/../lib/gcc/arm-eabi/4.7/libgcc.a(_lshrdi3.o)
                              lib/built-in.o (__aeabi_llsr)
/home/rk3288-sdk/prebuilts/gcc/linux-x86/arm/arm-eabi-4.7/bin/../lib/gcc/arm-eabi/4.7/libgcc.a(_ashldi3.o)
                              lib/built-in.o (__aeabi_llsl)
/home/rk3288-sdk/prebuilts/gcc/linux-x86/arm/arm-eabi-4.7/bin/../lib/gcc/arm-eabi/4.7/libgcc.a(_aeabi_uldivmod.o)
                              arch/arm/cpu/armv7/rk32xx/built-in.o (__aeabi_uldivmod)
/home/rk3288-sdk/prebuilts/gcc/linux-x86/arm/arm-eabi-4.7/bin/../lib/gcc/arm-eabi/4.7/libgcc.a(bpabi.o)
                              /home/rk3288-sdk/prebuilts/gcc/linux-x86/arm/arm-eabi-4.7/bin/../lib/gcc/arm-eabi/4.7/libgcc.a(_aeabi_uldivmod.o) (__gnu_uldivmod_helper)
/home/rk3288-sdk/prebuilts/gcc/linux-x86/arm/arm-eabi-4.7/bin/../lib/gcc/arm-eabi/4.7/libgcc.a(_divdi3.o)
                              /home/rk3288-sdk/prebuilts/gcc/linux-x86/arm/arm-eabi-4.7/bin/../lib/gcc/arm-eabi/4.7/libgcc.a(bpabi.o) (__divdi3)
/home/rk3288-sdk/prebuilts/gcc/linux-x86/arm/arm-eabi-4.7/bin/../lib/gcc/arm-eabi/4.7/libgcc.a(_udivdi3.o)
                              /home/rk3288-sdk/prebuilts/gcc/linux-x86/arm/arm-eabi-4.7/bin/../lib/gcc/arm-eabi/4.7/libgcc.a(bpabi.o) (__udivdi3)

Discarded input sections

 .data          0x0000000000000000        0x0 arch/arm/cpu/armv7/start.o
 .bss           0x0000000000000000        0x0 arch/arm/cpu/armv7/start.o
 .text          0x0000000000000000        0x0 arch/arm/cpu/armv7/built-in.o
 .text.mmu_page_table_flush
                0x0000000000000000       0x24 arch/arm/cpu/armv7/built-in.o
 .text.sdelay   0x0000000000000000        0xc arch/arm/cpu/armv7/built-in.o
 .text.wait_on_value
                0x0000000000000000       0x34 arch/arm/cpu/armv7/built-in.o
 .data          0x0000000000000000        0x0 arch/arm/cpu/armv7/built-in.o
 .bss           0x0000000000000000        0x0 arch/arm/cpu/armv7/built-in.o
 .text.get_usec_timer
                0x0000000000000000       0xf4 arch/arm/cpu/armv7/rk32xx/built-in.o
 .text.get_tbclk
                0x0000000000000000        0x8 arch/arm/cpu/armv7/rk32xx/built-in.o
 .text.rkclk_pll_mode
                0x0000000000000000       0xc0 arch/arm/cpu/armv7/rk32xx/built-in.o
 .text.rkclk_set_pll_rate_by_id
                0x0000000000000000       0x28 arch/arm/cpu/armv7/rk32xx/built-in.o
 .text.rkclk_get_pll_rate_by_id
                0x0000000000000000        0x4 arch/arm/cpu/armv7/rk32xx/built-in.o
 .text.rkclk_set_nandc_div
                0x0000000000000000       0x80 arch/arm/cpu/armv7/rk32xx/built-in.o
 .text.rkclk_set_mmc_clk_freq
                0x0000000000000000      0x138 arch/arm/cpu/armv7/rk32xx/built-in.o
 .text.rkclk_set_mmc_tuning
                0x0000000000000000       0x60 arch/arm/cpu/armv7/rk32xx/built-in.o
 .text.rkclk_get_spi_clk
                0x0000000000000000       0x4c arch/arm/cpu/armv7/rk32xx/built-in.o
 .text.gic_handler_disable
                0x0000000000000000       0x58 arch/arm/cpu/armv7/rk32xx/built-in.o
 .text.gic_set_irq_type
                0x0000000000000000       0xd4 arch/arm/cpu/armv7/rk32xx/built-in.o
 .text.gpio_irq_set_type
                0x0000000000000000      0x124 arch/arm/cpu/armv7/rk32xx/built-in.o
 .text.gpio_irq_disable
                0x0000000000000000       0x4c arch/arm/cpu/armv7/rk32xx/built-in.o
 .text.irq_handler_disable
                0x0000000000000000       0x30 arch/arm/cpu/armv7/rk32xx/built-in.o
 .text.irq_set_irq_type
                0x0000000000000000       0x30 arch/arm/cpu/armv7/rk32xx/built-in.o
 .text.irq_uninstall_handler
                0x0000000000000000       0x18 arch/arm/cpu/armv7/rk32xx/built-in.o
 .text.rk_pm_wakeup_gpio_init
                0x0000000000000000       0x6c arch/arm/cpu/armv7/rk32xx/built-in.o
 .text.rk_pm_wakeup_gpio_deinit
                0x0000000000000000       0x58 arch/arm/cpu/armv7/rk32xx/built-in.o
 .text.rk_pm_enter
                0x0000000000000000       0x80 arch/arm/cpu/armv7/rk32xx/built-in.o
 .data          0x0000000000000000        0x0 arch/arm/cpu/armv7/rk32xx/built-in.o
 .bss           0x0000000000000000        0x0 arch/arm/cpu/armv7/rk32xx/built-in.o
 .text.flush_cache
[...]
Memory Configuration

Name             Origin             Length             Attributes
*default*        0x0000000000000000 0xffffffffffffffff

Linker script and memory map

Address of section .text set to 0x0
                0x0000000000000000                . = 0x0
                0x0000000000000000                . = ALIGN (0x4)

.text           0x0000000000000000    0x2b3bc
 *(.__image_copy_start)
 .__image_copy_start
                0x0000000000000000        0x0 arch/arm/lib/built-in.o
                0x0000000000000000                __image_copy_start
 *(.vectors)
 .vectors       0x0000000000000000      0x4e0 arch/arm/lib/built-in.o
                0x0000000000000000                _start
                0x0000000000000008                RSA_KEY_TAG
                0x000000000000000c                RSA_KEY_LENGTH
                0x0000000000000010                RSA_KEY_DATA
                0x0000000000000208                LoaderTagCheck
                0x0000000000000220                _vector
                0x0000000000000240                _undefined_instruction
                0x0000000000000244                _software_interrupt
                0x0000000000000248                _prefetch_abort
                0x000000000000024c                _data_abort
                0x0000000000000250                _not_used
                0x0000000000000254                _irq
                0x0000000000000258                _fiq
                0x0000000000000260                IRQ_STACK_START_IN
                0x0000000000000264                IRQ_STACK_START
                0x0000000000000268                FIQ_STACK_START
 arch/arm/cpu/armv7/start.o(.text*)
 .text          0x00000000000004e0       0xd4 arch/arm/cpu/armv7/start.o
                0x00000000000004e0                reset
                0x0000000000000538                c_runtime_cpu_setup
                0x0000000000000550                save_boot_params
                0x0000000000000554                cpu_init_cp15
                0x00000000000005a4                cpu_init_crit
 *(.text*)
 .text.v7_maint_dcache_all
                0x00000000000005b4       0xd0 arch/arm/cpu/armv7/built-in.o
 .text.v7_dcache_inval_range
                0x0000000000000684       0x80 arch/arm/cpu/armv7/built-in.o
 .text.invalidate_icache_all
                0x0000000000000704       0x18 arch/arm/cpu/armv7/built-in.o
                0x0000000000000704                invalidate_icache_all
 .text.v7_outer_cache_enable
                0x000000000000071c        0x4 arch/arm/cpu/armv7/built-in.o
                0x000000000000071c                v7_outer_cache_enable
 .text.v7_outer_cache_disable
                0x0000000000000720        0x4 arch/arm/cpu/armv7/built-in.o
                0x0000000000000720                v7_outer_cache_disable
 .text.v7_outer_cache_flush_all
                0x0000000000000724        0x4 arch/arm/cpu/armv7/built-in.o
                0x0000000000000724                v7_outer_cache_flush_all
 .text.flush_dcache_all
                0x0000000000000728       0x14 arch/arm/cpu/armv7/built-in.o
                0x0000000000000728                flush_dcache_all
 .text.v7_outer_cache_inval_all
                0x000000000000073c        0x4 arch/arm/cpu/armv7/built-in.o
                0x000000000000073c                v7_outer_cache_inval_all
 .text.invalidate_dcache_all
                0x0000000000000740       0x14 arch/arm/cpu/armv7/built-in.o
                0x0000000000000740                invalidate_dcache_all
 .text.arm_init_before_mmu
                0x0000000000000754       0x28 arch/arm/cpu/armv7/built-in.o
                0x0000000000000754                arm_init_before_mmu
 .text.v7_outer_cache_flush_range
                0x000000000000077c        0x4 arch/arm/cpu/armv7/built-in.o
                0x000000000000077c                v7_outer_cache_flush_range
 .text.flush_dcache_range
                0x0000000000000780       0x3c arch/arm/cpu/armv7/built-in.o
                0x0000000000000780                flush_dcache_range
 .text.flush_cache
                0x00000000000007bc        0x8 arch/arm/cpu/armv7/built-in.o
                0x00000000000007bc                flush_cache
 .text.v7_outer_cache_inval_range
                0x00000000000007c4        0x4 arch/arm/cpu/armv7/built-in.o
                0x00000000000007c4                v7_outer_cache_inval_range
 .text.invalidate_dcache_range
                0x00000000000007c8       0x3c arch/arm/cpu/armv7/built-in.o
                0x00000000000007c8                invalidate_dcache_range
 .text.cpu_cache_initialization
                0x0000000000000804        0x4 arch/arm/cpu/armv7/built-in.o
                0x0000000000000804                cpu_cache_initialization
 .text.cleanup_before_linux
                0x0000000000000808       0x28 arch/arm/cpu/armv7/built-in.o
                0x0000000000000808                cleanup_before_linux
 *fill*         0x0000000000000830       0x10 
 .text          0x0000000000000840       0x20 arch/arm/cpu/armv7/rk32xx/built-in.o
                0x0000000000000840                lowlevel_init
 .text.enable_caches
                0x0000000000000860        0x4 arch/arm/cpu/armv7/rk32xx/built-in.o
                0x0000000000000860                enable_caches
 .text.rk_get_chiptype
                0x0000000000000864      0x180 arch/arm/cpu/armv7/rk32xx/built-in.o
                0x0000000000000864                rk_get_chiptype
 .text.arch_cpu_init
                0x00000000000009e4       0x3c arch/arm/cpu/armv7/rk32xx/built-in.o
                0x00000000000009e4                arch_cpu_init
 .text.print_cpuinfo
                0x0000000000000a20       0x44 arch/arm/cpu/armv7/rk32xx/built-in.o
                0x0000000000000a20                print_cpuinfo
 .text.reset_timer_masked
                0x0000000000000a64       0x1c arch/arm/cpu/armv7/rk32xx/built-in.o
                0x0000000000000a64                reset_timer_masked
 .text.timer_init
                0x0000000000000a80       0x28 arch/arm/cpu/armv7/rk32xx/built-in.o
                0x0000000000000a80                timer_init
 .text.__udelay
                0x0000000000000aa8       0x88 arch/arm/cpu/armv7/rk32xx/built-in.o
                0x0000000000000aa8                __udelay
 .text.get_timer_masked
                0x0000000000000b30       0x7c arch/arm/cpu/armv7/rk32xx/built-in.o
                0x0000000000000b30                get_timer_masked
 .text.get_timer
                0x0000000000000bac       0x20 arch/arm/cpu/armv7/rk32xx/built-in.o
                0x0000000000000bac                get_timer
 .text.get_ticks
                0x0000000000000bcc       0x10 arch/arm/cpu/armv7/rk32xx/built-in.o
                0x0000000000000bcc                get_ticks
 .text.clk_loop_delayus
                0x0000000000000bdc       0x3c arch/arm/cpu/armv7/rk32xx/built-in.o
 .text.rkclk_pll_wait_lock
                0x0000000000000c18       0x64 arch/arm/cpu/armv7/rk32xx/built-in.o
 .text.rkclk_pll_set_rate
                0x0000000000000c7c      0x164 arch/arm/cpu/armv7/rk32xx/built-in.o
 .text.rkclk_lcdc_aclk_config
                0x0000000000000de0       0x7c arch/arm/cpu/armv7/rk32xx/built-in.o
 .text.rkclk_pll_get_rate
                0x0000000000000e5c       0xa4 arch/arm/cpu/armv7/rk32xx/built-in.o
 .text.rkclk_apll_cb
                0x0000000000000f00       0x9c arch/arm/cpu/armv7/rk32xx/built-in.o
 .text.rkclk_gpll_cb
                0x0000000000000f9c       0xd8 arch/arm/cpu/armv7/rk32xx/built-in.o
 .text.rkclk_set_pll
                0x0000000000001074       0x40 arch/arm/cpu/armv7/rk32xx/built-in.o
                0x0000000000001074                rkclk_set_pll
 .text.rkclk_get_pll
                0x00000000000010b4      0x1a8 arch/arm/cpu/armv7/rk32xx/built-in.o
                0x00000000000010b4                rkclk_get_pll
 .text.rkclk_dump_pll
                0x000000000000125c       0x6c arch/arm/cpu/armv7/rk32xx/built-in.o
                0x000000000000125c                rkclk_dump_pll
 .text.rkclk_set_cpll_rate
                0x00000000000012c8      0x228 arch/arm/cpu/armv7/rk32xx/built-in.o
                0x00000000000012c8                rkclk_set_cpll_rate
 .text.rkclk_lcdc_clk_set
                0x00000000000014f0      0x1b8 arch/arm/cpu/armv7/rk32xx/built-in.o
                0x00000000000014f0                rkclk_lcdc_clk_set
 .text.rkclk_set_mmc_clk_src
                0x00000000000016a8       0x50 arch/arm/cpu/armv7/rk32xx/built-in.o
                0x00000000000016a8                rkclk_set_mmc_clk_src
 .text.rkclk_get_mmc_clk
                0x00000000000016f8       0x7c arch/arm/cpu/armv7/rk32xx/built-in.o
                0x00000000000016f8                rkclk_get_mmc_clk
 .text.rkclk_set_mmc_clk_div
                0x0000000000001774       0x64 arch/arm/cpu/armv7/rk32xx/built-in.o
                0x0000000000001774                rkclk_set_mmc_clk_div
 .text.rkclk_disable_mmc_tuning
                0x00000000000017d8       0x40 arch/arm/cpu/armv7/rk32xx/built-in.o
                0x00000000000017d8                rkclk_disable_mmc_tuning
 .text.rkclk_get_pwm_clk
                0x0000000000001818        0x8 arch/arm/cpu/armv7/rk32xx/built-in.o
                0x0000000000001818                rkclk_get_pwm_clk
 .text.rkclk_get_i2c_clk
                0x0000000000001820       0x10 arch/arm/cpu/armv7/rk32xx/built-in.o
                0x0000000000001820                rkclk_get_i2c_clk
 .text.rkclk_set_crypto_clk
                0x0000000000001830       0x3c arch/arm/cpu/armv7/rk32xx/built-in.o
                0x0000000000001830                rkclk_set_crypto_clk
 .text.gic_handler_enable
                0x000000000000186c       0xb4 arch/arm/cpu/armv7/rk32xx/built-in.o
 .text.gpio_irq_handler
                0x0000000000001920       0xf8 arch/arm/cpu/armv7/rk32xx/built-in.o
 .text.gpio_irq_enable
                0x0000000000001a18       0x4c arch/arm/cpu/armv7/rk32xx/built-in.o
 .text.irq_handler_enable
                0x0000000000001a64       0x30 arch/arm/cpu/armv7/rk32xx/built-in.o
                0x0000000000001a64                irq_handler_enable
 .text.irq_install_handler
                0x0000000000001a94       0x24 arch/arm/cpu/armv7/rk32xx/built-in.o
                0x0000000000001a94                irq_install_handler
 .text.do_irq   0x0000000000001ab8       0x48 arch/arm/cpu/armv7/rk32xx/built-in.o
                0x0000000000001ab8                do_irq
 .text.arch_interrupt_init
                0x0000000000001b00      0x110 arch/arm/cpu/armv7/rk32xx/built-in.o
                0x0000000000001b00                arch_interrupt_init
 .text.dram_init
                0x0000000000001c10       0x94 arch/arm/cpu/armv7/rk32xx/built-in.o
                0x0000000000001c10                dram_init
 .text.dram_init_banksize
                0x0000000000001ca4      0x100 arch/arm/cpu/armv7/rk32xx/built-in.o
                0x0000000000001ca4                dram_init_banksize
 .text.rk_iomux_sdcard_save
                0x0000000000001da4       0x28 arch/arm/cpu/armv7/rk32xx/built-in.o
                0x0000000000001da4                rk_iomux_sdcard_save
 .text.rk_iomux_sdcard_restore
                0x0000000000001dcc       0x24 arch/arm/cpu/armv7/rk32xx/built-in.o
                0x0000000000001dcc                rk_iomux_sdcard_restore
 .text.rk_iomux_config
                0x0000000000001df0      0x2e4 arch/arm/cpu/armv7/rk32xx/built-in.o
                0x0000000000001df0                rk_iomux_config
 .text.rk_module_deinit
                0x00000000000020d4       0x34 arch/arm/cpu/armv7/rk32xx/built-in.o
                0x00000000000020d4                rk_module_deinit
 .text.reset_cpu
                0x0000000000002108       0x40 arch/arm/cpu/armv7/rk32xx/built-in.o
                0x0000000000002108                reset_cpu
 .text.rk_pwm_config
                0x0000000000002148      0x324 arch/arm/cpu/armv7/rk32xx/built-in.o
                0x0000000000002148                rk_pwm_config
 .text          0x000000000000246c       0xfc arch/arm/lib/built-in.o
                0x000000000000246c                _main
                0x0000000000002504                relocate_code
 .text.arch_fixup_fdt
                0x0000000000002568      0x120 arch/arm/lib/built-in.o
                0x0000000000002568                arch_fixup_fdt
 .text.boot_jump_linux
                0x0000000000002688       0xb8 arch/arm/lib/built-in.o
 .text.arch_lmb_reserve
                0x0000000000002740       0x24 arch/arm/lib/built-in.o
                0x0000000000002740                arch_lmb_reserve
 .text.setup_board_tags
                0x0000000000002764        0x4 arch/arm/lib/built-in.o
                0x0000000000002764                setup_board_tags
 .text.boot_prep_linux
                0x0000000000002768      0x17c arch/arm/lib/built-in.o
 .text.do_bootm_linux
                0x00000000000028e4       0x60 arch/arm/lib/built-in.o
                0x00000000000028e4                do_bootm_linux
 .text.arch_reserve_stacks
                0x0000000000002944       0x34 arch/arm/lib/built-in.o
                0x0000000000002944                arch_reserve_stacks
 .text.interrupt_init
                0x0000000000002978       0x6c arch/arm/lib/built-in.o
                0x0000000000002978                interrupt_init
 .text.enable_interrupts
                0x00000000000029e4       0x10 arch/arm/lib/built-in.o
                0x00000000000029e4                enable_interrupts
 .text.disable_interrupts
                0x00000000000029f4       0x18 arch/arm/lib/built-in.o
                0x00000000000029f4                disable_interrupts
 .text.bad_mode
                0x0000000000002a0c       0x10 arch/arm/lib/built-in.o
                0x0000000000002a0c                bad_mode
 .text.show_regs
                0x0000000000002a1c      0x13c arch/arm/lib/built-in.o
                0x0000000000002a1c                show_regs
 .text.do_undefined_instruction
                0x0000000000002b58       0x20 arch/arm/lib/built-in.o
                0x0000000000002b58                do_undefined_instruction
 .text.do_software_interrupt
                0x0000000000002b78       0x20 arch/arm/lib/built-in.o
                0x0000000000002b78                do_software_interrupt
 .text.do_prefetch_abort
                0x0000000000002b98       0x20 arch/arm/lib/built-in.o
                0x0000000000002b98                do_prefetch_abort
 .text.do_data_abort
                0x0000000000002bb8       0x20 arch/arm/lib/built-in.o
                0x0000000000002bb8                do_data_abort
 .text.do_not_used
                0x0000000000002bd8       0x20 arch/arm/lib/built-in.o
                0x0000000000002bd8                do_not_used
 .text.do_fiq   0x0000000000002bf8       0x20 arch/arm/lib/built-in.o
                0x0000000000002bf8                do_fiq
 .text.reset_misc
                0x0000000000002c18        0x4 arch/arm/lib/built-in.o
                0x0000000000002c18                reset_misc
 .text.do_reset
                0x0000000000002c1c       0x30 arch/arm/lib/built-in.o
                0x0000000000002c1c                do_reset
 .text.cp_delay
                0x0000000000002c4c       0x30 arch/arm/lib/built-in.o
 .text.arm_init_domains
                0x0000000000002c7c        0x4 arch/arm/lib/built-in.o
                0x0000000000002c7c                arm_init_domains
 .text.set_section_dcache
                0x0000000000002c80       0x14 arch/arm/lib/built-in.o
                0x0000000000002c80                set_section_dcache
 .text.dram_bank_mmu_setup
                0x0000000000002c94       0x4c arch/arm/lib/built-in.o
                0x0000000000002c94                dram_bank_mmu_setup
 .text.icache_disable
                0x0000000000002ce0       0x1c arch/arm/lib/built-in.o
                0x0000000000002ce0                icache_disable
 .text.dcache_enable
                0x0000000000002cfc       0x6c arch/arm/lib/built-in.o
                0x0000000000002cfc                dcache_enable
 .text.dcache_disable
                0x0000000000002d68       0x28 arch/arm/lib/built-in.o
                0x0000000000002d68                dcache_disable
 .text.CRC_32CheckBuffer
                0x0000000000002d90       0x54 board/rockchip/common/built-in.o
                0x0000000000002d90                CRC_32CheckBuffer
 .text.dmult    0x0000000000002de4       0x68 board/rockchip/common/built-in.o
 .text.NN_Digits.part.2
                0x0000000000002e4c       0x2c board/rockchip/common/built-in.o
 .text.NN_Cmp   0x0000000000002e78       0x50 board/rockchip/common/built-in.o
                0x0000000000002e78                NN_Cmp
 .text.NN_Assign
                0x0000000000002ec8       0x24 board/rockchip/common/built-in.o
                0x0000000000002ec8                NN_Assign
 .text.NN_Digits
                0x0000000000002eec       0x14 board/rockchip/common/built-in.o
                0x0000000000002eec                NN_Digits
 .text.NN_AssignZero
                0x0000000000002f00       0x1c board/rockchip/common/built-in.o
                0x0000000000002f00                NN_AssignZero
 .text.NN_Sub   0x0000000000002f1c       0x6c board/rockchip/common/built-in.o
                0x0000000000002f1c                NN_Sub
 .text.NN_Mult  0x0000000000002f88      0x110 board/rockchip/common/built-in.o
                0x0000000000002f88                NN_Mult
 .text.NN_LShift
                0x0000000000003098       0x54 board/rockchip/common/built-in.o
                0x0000000000003098                NN_LShift
 .text.NN_RShift
                0x00000000000030ec       0x58 board/rockchip/common/built-in.o
                0x00000000000030ec                NN_RShift
 .text.NN_Div   0x0000000000003144      0x38c board/rockchip/common/built-in.o
                0x0000000000003144                NN_Div
 .text.NN_Mod   0x00000000000034d0       0x3c board/rockchip/common/built-in.o
                0x00000000000034d0                NN_Mod
 .text.NN_ModMult
                0x000000000000350c       0x40 board/rockchip/common/built-in.o
                0x000000000000350c                NN_ModMult
 .text.NN_ModExp
                0x000000000000354c      0x160 board/rockchip/common/built-in.o
                0x000000000000354c                NN_ModExp
 .text.NN_Decode
                0x00000000000036ac       0x80 board/rockchip/common/built-in.o
                0x00000000000036ac                NN_Decode
 .text.NN_Encode
                0x000000000000372c       0x7c board/rockchip/common/built-in.o
                0x000000000000372c                NN_Encode
 .text.rsapublicfunc.constprop.5
                0x00000000000037a8       0xf8 board/rockchip/common/built-in.o
 .text.rsaDecodeHash
                0x00000000000038a0       0x64 board/rockchip/common/built-in.o
                0x00000000000038a0                rsaDecodeHash
 .text.rsaCheckMD5
                0x0000000000003904       0x80 board/rockchip/common/built-in.o
                0x0000000000003904                rsaCheckMD5
 .text.P_RC4    0x0000000000003984      0x11c board/rockchip/common/built-in.o
                0x0000000000003984                P_RC4
 .text.ftl_memset
                0x0000000000003aa0        0x4 board/rockchip/common/built-in.o
                0x0000000000003aa0                ftl_memset
 .text.ftl_memcpy
                0x0000000000003aa4       0x4c board/rockchip/common/built-in.o
                0x0000000000003aa4                ftl_memcpy
 .text.ftl_memcmp
                0x0000000000003af0        0x4 board/rockchip/common/built-in.o
                0x0000000000003af0                ftl_memcmp
 .text.DRVDelayUs
                0x0000000000003af4        0x4 board/rockchip/common/built-in.o
                0x0000000000003af4                DRVDelayUs
 .text.CacheFlushDRegion
                0x0000000000003af8        0x4 board/rockchip/common/built-in.o
                0x0000000000003af8                CacheFlushDRegion
 .text.CacheInvalidateDRegion
                0x0000000000003afc        0x8 board/rockchip/common/built-in.o
                0x0000000000003afc                CacheInvalidateDRegion
 .text.IReadLoaderFlag
                0x0000000000003b04       0x10 board/rockchip/common/built-in.o
                0x0000000000003b04                IReadLoaderFlag
 .text.ISetLoaderFlag
                0x0000000000003b14       0x10 board/rockchip/common/built-in.o
                0x0000000000003b14                ISetLoaderFlag
 .text.GetMmcCLK
                0x0000000000003b24       0x28 board/rockchip/common/built-in.o
                0x0000000000003b24                GetMmcCLK
 .text.SDCReset
                0x0000000000003b4c       0x78 board/rockchip/common/built-in.o
                0x0000000000003b4c                SDCReset
 .text.SCUSelSDClk
                0x0000000000003bc4        0x4 board/rockchip/common/built-in.o
                0x0000000000003bc4                SCUSelSDClk
 .text.sdmmcGpioInit
                0x0000000000003bc8       0x1c board/rockchip/common/built-in.o
                0x0000000000003bc8                sdmmcGpioInit
 .text.FW_NandDeInit
                0x0000000000003be4       0x28 board/rockchip/common/built-in.o
                0x0000000000003be4                FW_NandDeInit
 .text.rkplat_uart2UsbEn
                0x0000000000003c0c       0x48 board/rockchip/common/built-in.o
                0x0000000000003c0c                rkplat_uart2UsbEn
 .text.ParseAtoi
                0x0000000000003c54       0xa0 board/rockchip/common/built-in.o
 .text.find_mtd_part
                0x0000000000003cf4       0x4c board/rockchip/common/built-in.o
 .text.memparse
                0x0000000000003d40       0x68 board/rockchip/common/built-in.o
 .text.get_part
                0x0000000000003da8      0x1c4 board/rockchip/common/built-in.o
 .text.CheckParam
                0x0000000000003f6c       0x80 board/rockchip/common/built-in.o
                0x0000000000003f6c                CheckParam
 .text.GetParam
                0x0000000000003fec       0x8c board/rockchip/common/built-in.o
                0x0000000000003fec                GetParam
 .text.ParseParam
                0x0000000000004078      0x6d4 board/rockchip/common/built-in.o
                0x0000000000004078                ParseParam
 .text.get_disk_partition
                0x000000000000474c       0x54 board/rockchip/common/built-in.o
                0x000000000000474c                get_disk_partition
 .text.load_disk_partitions
                0x00000000000047a0       0xa0 board/rockchip/common/built-in.o
                0x00000000000047a0                load_disk_partitions
 .text.FindIDBlock.constprop.3
                0x0000000000004840      0x128 board/rockchip/common/built-in.o
 .text.rkidb_update_loader
                0x0000000000004968      0x99c board/rockchip/common/built-in.o
                0x0000000000004968                rkidb_update_loader
 .text.rkidb_setup_space
                0x0000000000005304       0x58 board/rockchip/common/built-in.o
                0x0000000000005304                rkidb_setup_space
 .text.rkidb_get_idblk_data
                0x000000000000535c       0x2c board/rockchip/common/built-in.o
                0x000000000000535c                rkidb_get_idblk_data
 .text.rkidb_get_bootloader_ver
                0x0000000000005388       0x98 board/rockchip/common/built-in.o
                0x0000000000005388                rkidb_get_bootloader_ver
 .text.rkidb_get_sn
                0x0000000000005420       0x68 board/rockchip/common/built-in.o
                0x0000000000005420                rkidb_get_sn
 .text.rkloader_CopyFlash2Memory
                0x0000000000005488       0x8c board/rockchip/common/built-in.o
                0x0000000000005488                rkloader_CopyFlash2Memory
 .text.rkloader_CopyMemory2Flash
                0x0000000000005514       0x64 board/rockchip/common/built-in.o
                0x0000000000005514                rkloader_CopyMemory2Flash
 .text.rkloader_change_cmd_for_recovery
                0x0000000000005578      0x114 board/rockchip/common/built-in.o
                0x0000000000005578                rkloader_change_cmd_for_recovery
 .text.rkloader_run_misc_cmd
                0x000000000000568c      0x24c board/rockchip/common/built-in.o
                0x000000000000568c                rkloader_run_misc_cmd
 .text.rkloader_fixInitrd
                0x00000000000058d8       0xc0 board/rockchip/common/built-in.o
                0x00000000000058d8                rkloader_fixInitrd
 .text.rkloader_set_bootloader_msg
                0x0000000000005998       0x64 board/rockchip/common/built-in.o
                0x0000000000005998                rkloader_set_bootloader_msg
 .text.rkimg_handleDirectDownload
                0x00000000000059fc       0xa0 board/rockchip/common/built-in.o
 .text.rkimg_load_image
                0x0000000000005a9c       0xac board/rockchip/common/built-in.o
 .text.rkimg_noBuffer
                0x0000000000005b48       0x34 board/rockchip/common/built-in.o
 .text.rkimg_handleSparseDownload
                0x0000000000005b7c      0x1cc board/rockchip/common/built-in.o
 .text.rkimg_ImageDownload.part.1
                0x0000000000005d48       0x54 board/rockchip/common/built-in.o
 .text.rkimage_load_image
                0x0000000000005d9c       0x78 board/rockchip/common/built-in.o
                0x0000000000005d9c                rkimage_load_image
 .text.rkimage_partition_erase
                0x0000000000005e14       0x1c board/rockchip/common/built-in.o
                0x0000000000005e14                rkimage_partition_erase
 .text.rkimage_store_image
                0x0000000000005e30      0x7c4 board/rockchip/common/built-in.o
                0x0000000000005e30                rkimage_store_image
 .text.rkimage_handleDownload
                0x00000000000065f4      0x1d8 board/rockchip/common/built-in.o
                0x00000000000065f4                rkimage_handleDownload
 .text.rkimage_load_fdt
                0x00000000000067cc      0x180 board/rockchip/common/built-in.o
                0x00000000000067cc                rkimage_load_fdt
 .text.rkimage_load_fdt_ram
                0x000000000000694c       0x94 board/rockchip/common/built-in.o
                0x000000000000694c                rkimage_load_fdt_ram
 .text.rkimage_prepare_fdt
                0x00000000000069e0       0x94 board/rockchip/common/built-in.o
                0x00000000000069e0                rkimage_prepare_fdt
 .text.GetPortState
                0x0000000000006a74       0xc4 board/rockchip/common/built-in.o
 .text.checkKey
                0x0000000000006b38       0x88 board/rockchip/common/built-in.o
                0x0000000000006b38                checkKey
 .text.key_init
                0x0000000000006bc0      0x1dc board/rockchip/common/built-in.o
                0x0000000000006bc0                key_init
 .text.powerOn  0x0000000000006d9c       0x20 board/rockchip/common/built-in.o
                0x0000000000006d9c                powerOn
 .text.board_fbt_request_start_fastboot
                0x0000000000006dbc       0x54 board/rockchip/common/built-in.o
 .text.backupboot_to_back
                0x0000000000006e10       0x60 board/rockchip/common/built-in.o
                0x0000000000006e10                backupboot_to_back
 .text.backfs   0x0000000000006e70      0x10c board/rockchip/common/built-in.o
                0x0000000000006e70                backfs
 .text.read_flag_of_backfs
                0x0000000000006f7c       0x68 board/rockchip/common/built-in.o
                0x0000000000006f7c                read_flag_of_backfs
 .text.read_flag_of_back
                0x0000000000006fe4       0x68 board/rockchip/common/built-in.o
                0x0000000000006fe4                read_flag_of_back
 .text.write_flag_of_back
                0x000000000000704c       0x88 board/rockchip/common/built-in.o
                0x000000000000704c                write_flag_of_back
 .text.write_flag_of_backfs
                0x00000000000070d4       0x8c board/rockchip/common/built-in.o
                0x00000000000070d4                write_flag_of_backfs
 .text.board_fbt_run_recovery
                0x0000000000007160       0x98 board/rockchip/common/built-in.o
 .text.board_fbt_set_reboot_type
                0x00000000000071f8       0x6c board/rockchip/common/built-in.o
                0x00000000000071f8                board_fbt_set_reboot_type
 .text.board_fbt_get_reboot_type
                0x0000000000007264      0x10c board/rockchip/common/built-in.o
                0x0000000000007264                board_fbt_get_reboot_type
 .text.board_fbt_key_pressed
                0x0000000000007370       0xf4 board/rockchip/common/built-in.o
                0x0000000000007370                board_fbt_key_pressed
 .text.board_fbt_finalize_bootargs
                0x0000000000007464       0x60 board/rockchip/common/built-in.o
                0x0000000000007464                board_fbt_finalize_bootargs
 .text.board_fbt_boot_failed
                0x00000000000074c4       0xcc board/rockchip/common/built-in.o
                0x00000000000074c4                board_fbt_boot_failed
 .text.board_fbt_oem
                0x0000000000007590        0x8 board/rockchip/common/built-in.o
                0x0000000000007590                board_fbt_oem
 .text.board_fbt_handle_erase
                0x0000000000007598        0x4 board/rockchip/common/built-in.o
                0x0000000000007598                board_fbt_handle_erase
 .text.board_fbt_handle_flash
                0x000000000000759c        0x4 board/rockchip/common/built-in.o
                0x000000000000759c                board_fbt_handle_flash
 .text.board_fbt_handle_download
                0x00000000000075a0        0x4 board/rockchip/common/built-in.o
                0x00000000000075a0                board_fbt_handle_download
 .text.board_fbt_load_partition_table
                0x00000000000075a4        0x4 board/rockchip/common/built-in.o
                0x00000000000075a4                board_fbt_load_partition_table
 .text.board_fbt_get_partition
                0x00000000000075a8        0x4 board/rockchip/common/built-in.o
                0x00000000000075a8                board_fbt_get_partition
 .text.board_fbt_run_recovery_wipe_data
                0x00000000000075ac       0x88 board/rockchip/common/built-in.o
                0x00000000000075ac                board_fbt_run_recovery_wipe_data
 .text.board_fbt_preboot
                0x0000000000007634      0x318 board/rockchip/common/built-in.o
                0x0000000000007634                board_fbt_preboot
 .text.MMC_AccessBootPartition
                0x000000000000794c       0x6c board/rockchip/common/built-in.o
                0x000000000000794c                MMC_AccessBootPartition
 .text.MMC_SetBootBusWidth
                0x00000000000079b8       0x78 board/rockchip/common/built-in.o
                0x00000000000079b8                MMC_SetBootBusWidth
 .text.MMC_SwitchBoot
                0x0000000000007a30       0x78 board/rockchip/common/built-in.o
                0x0000000000007a30                MMC_SwitchBoot
 .text.MMC_Init
                0x0000000000007aa8      0x708 board/rockchip/common/built-in.o
                0x0000000000007aa8                MMC_Init
 .text._SD_DecodeCID
                0x00000000000081b0       0x88 board/rockchip/common/built-in.o
 .text._SD_DecodeCSD
                0x0000000000008238       0xf0 board/rockchip/common/built-in.o
 .text.unlikely._SD_SwitchFunction
                0x0000000000008328      0x3f8 board/rockchip/common/built-in.o
 .text.SD1X_Init
                0x0000000000008720      0x218 board/rockchip/common/built-in.o
                0x0000000000008720                SD1X_Init
 .text.SD20_Init
                0x0000000000008938      0x24c board/rockchip/common/built-in.o
                0x0000000000008938                SD20_Init
 .text.SDC_ResetFIFO
                0x0000000000008b84       0x70 board/rockchip/common/built-in.o
 .text.unlikely._ReadRemainData
                0x0000000000008bf4      0x110 board/rockchip/common/built-in.o
 .text._ControlClock
                0x0000000000008d04       0xdc board/rockchip/common/built-in.o
 .text._WaitCardBusy
                0x0000000000008de0       0x70 board/rockchip/common/built-in.o
 .text._ChangeFreq
                0x0000000000008e50      0x1bc board/rockchip/common/built-in.o
 .text.eMMC_SetDataHigh
                0x000000000000900c       0x20 board/rockchip/common/built-in.o
                0x000000000000900c                eMMC_SetDataHigh
 .text.SDC_IsCardIdValid
                0x000000000000902c       0x10 board/rockchip/common/built-in.o
                0x000000000000902c                SDC_IsCardIdValid
 .text.SDC_IsCardWriteProtected
                0x000000000000903c        0x8 board/rockchip/common/built-in.o
                0x000000000000903c                SDC_IsCardWriteProtected
 .text.SDC_GetHostBusWidth
                0x0000000000009044       0x20 board/rockchip/common/built-in.o
                0x0000000000009044                SDC_GetHostBusWidth
 .text.SDC_SetHostBusWidth
                0x0000000000009064       0x80 board/rockchip/common/built-in.o
                0x0000000000009064                SDC_SetHostBusWidth
 .text.SDC_ResetController
                0x00000000000090e4      0x168 board/rockchip/common/built-in.o
                0x00000000000090e4                SDC_ResetController
 .text.SDC_Init
                0x000000000000924c      0x154 board/rockchip/common/built-in.o
                0x000000000000924c                SDC_Init
 .text.SDC_UpdateCardFreq
                0x00000000000093a0       0x2c board/rockchip/common/built-in.o
                0x00000000000093a0                SDC_UpdateCardFreq
 .text.SDC_ControlPower
                0x00000000000093cc       0x24 board/rockchip/common/built-in.o
                0x00000000000093cc                SDC_ControlPower
 .text.SDC_BusRequest
                0x00000000000093f0      0xa08 board/rockchip/common/built-in.o
                0x00000000000093f0                SDC_BusRequest
 .text._DataErrorHandle
                0x0000000000009df8       0xa4 board/rockchip/common/built-in.o
 .text._ResponseTimeoutHandle
                0x0000000000009e9c       0xc8 board/rockchip/common/built-in.o
 .text._SDMMC_Write
                0x0000000000009f64      0x194 board/rockchip/common/built-in.o
 .text._SDMMC_Read
                0x000000000000a0f8      0x1f0 board/rockchip/common/built-in.o
 .text._GenerateRCA
                0x000000000000a2e8       0x3c board/rockchip/common/built-in.o
                0x000000000000a2e8                _GenerateRCA
 .text._IsRCAUsable
                0x000000000000a324       0x3c board/rockchip/common/built-in.o
                0x000000000000a324                _IsRCAUsable
 .text._Identify_SendCmd
                0x000000000000a360        0x4 board/rockchip/common/built-in.o
                0x000000000000a360                _Identify_SendCmd
 .text._Identify_SendAppCmd
                0x000000000000a364       0x80 board/rockchip/common/built-in.o
                0x000000000000a364                _Identify_SendAppCmd
 .text.SDM_Init
                0x000000000000a3e4       0x50 board/rockchip/common/built-in.o
                0x000000000000a3e4                SDM_Init
 .text.SDM_Open
                0x000000000000a434       0x58 board/rockchip/common/built-in.o
                0x000000000000a434                SDM_Open
 .text.SDM_Read
                0x000000000000a48c      0x118 board/rockchip/common/built-in.o
                0x000000000000a48c                SDM_Read
 .text.SDM_Write
                0x000000000000a5a4      0x128 board/rockchip/common/built-in.o
                0x000000000000a5a4                SDM_Write
 .text.SDM_IOCtrl
                0x000000000000a6cc      0x4e0 board/rockchip/common/built-in.o
                0x000000000000a6cc                SDM_IOCtrl
 .text.SDOAM_Delay
                0x000000000000abac        0x4 board/rockchip/common/built-in.o
                0x000000000000abac                SDOAM_Delay
 .text.SDOAM_SendMsg
                0x000000000000abb0        0x4 board/rockchip/common/built-in.o
                0x000000000000abb0                SDOAM_SendMsg
 .text.SDOAM_CreateMutex
                0x000000000000abb4       0x3c board/rockchip/common/built-in.o
                0x000000000000abb4                SDOAM_CreateMutex
 .text.SDOAM_RequestMutex
                0x000000000000abf0        0x4 board/rockchip/common/built-in.o
                0x000000000000abf0                SDOAM_RequestMutex
 .text.SDOAM_ReleaseMutex
                0x000000000000abf4        0x4 board/rockchip/common/built-in.o
                0x000000000000abf4                SDOAM_ReleaseMutex
 .text.SDOAM_CreateEvent
                0x000000000000abf8       0x3c board/rockchip/common/built-in.o
                0x000000000000abf8                SDOAM_CreateEvent
 .text.SDPAM_FlushCache
                0x000000000000ac34        0x4 board/rockchip/common/built-in.o
                0x000000000000ac34                SDPAM_FlushCache
 .text.SDPAM_CleanCache
                0x000000000000ac38        0x4 board/rockchip/common/built-in.o
                0x000000000000ac38                SDPAM_CleanCache
 .text.SDPAM_InvalidateCache
                0x000000000000ac3c        0x4 board/rockchip/common/built-in.o
                0x000000000000ac3c                SDPAM_InvalidateCache
 .text.SDPAM_GetAHBFreq
                0x000000000000ac40        0x4 board/rockchip/common/built-in.o
                0x000000000000ac40                SDPAM_GetAHBFreq
 .text.SDPAM_SDCClkEnable
                0x000000000000ac44        0x4 board/rockchip/common/built-in.o
                0x000000000000ac44                SDPAM_SDCClkEnable
 .text.SDPAM_SDCReset
                0x000000000000ac48       0x14 board/rockchip/common/built-in.o
                0x000000000000ac48                SDPAM_SDCReset
 .text.SDPAM_SetMmcClkDiv
                0x000000000000ac5c       0x14 board/rockchip/common/built-in.o
                0x000000000000ac5c                SDPAM_SetMmcClkDiv
 .text.SDPAM_IOMUX_SetSDPort
                0x000000000000ac70        0x8 board/rockchip/common/built-in.o
                0x000000000000ac70                SDPAM_IOMUX_SetSDPort
 .text.SDPAM_ControlPower
                0x000000000000ac78        0x4 board/rockchip/common/built-in.o
                0x000000000000ac78                SDPAM_ControlPower
 .text.SdmmcReinit
                0x000000000000ac7c       0x7c board/rockchip/common/built-in.o
                0x000000000000ac7c                SdmmcReinit
 .text.SdmmcInit
                0x000000000000acf8      0x154 board/rockchip/common/built-in.o
                0x000000000000acf8                SdmmcInit
 .text.SdmmcDeInit
                0x000000000000ae4c        0x8 board/rockchip/common/built-in.o
                0x000000000000ae4c                SdmmcDeInit
 .text.SdmmcBootWritePBA
                0x000000000000ae54       0xc4 board/rockchip/common/built-in.o
                0x000000000000ae54                SdmmcBootWritePBA
 .text.SdmmcBootReadPBA
                0x000000000000af18       0xc8 board/rockchip/common/built-in.o
                0x000000000000af18                SdmmcBootReadPBA
 .text.SdmmcBootReadLBA
                0x000000000000afe0       0x6c board/rockchip/common/built-in.o
                0x000000000000afe0                SdmmcBootReadLBA
 .text.SdmmcBootWriteLBA
                0x000000000000b04c       0x40 board/rockchip/common/built-in.o
                0x000000000000b04c                SdmmcBootWriteLBA
 .text.SdmmcReadID
                0x000000000000b08c       0x28 board/rockchip/common/built-in.o
                0x000000000000b08c                SdmmcReadID
 .text.SdmmcReadFlashInfo
                0x000000000000b0b4       0xa8 board/rockchip/common/built-in.o
                0x000000000000b0b4                SdmmcReadFlashInfo
 .text.SdmmcGetCapacity
                0x000000000000b15c       0x20 board/rockchip/common/built-in.o
                0x000000000000b15c                SdmmcGetCapacity
 .text.SdmmcSysDataLoad
                0x000000000000b17c       0x34 board/rockchip/common/built-in.o
                0x000000000000b17c                SdmmcSysDataLoad
 .text.SdmmcSysDataStore
                0x000000000000b1b0       0x34 board/rockchip/common/built-in.o
                0x000000000000b1b0                SdmmcSysDataStore
 .text.SdmmcGetFwOffset
                0x000000000000b1e4       0x24 board/rockchip/common/built-in.o
                0x000000000000b1e4                SdmmcGetFwOffset
 .text.SdmmcGetSysOffset
                0x000000000000b208       0x24 board/rockchip/common/built-in.o
                0x000000000000b208                SdmmcGetSysOffset
 .text.SdmmcBootErase
                0x000000000000b22c        0x8 board/rockchip/common/built-in.o
                0x000000000000b22c                SdmmcBootErase
 .text.SdmmcCheckIdBlock
                0x000000000000b234        0x4 board/rockchip/common/built-in.o
                0x000000000000b234                SdmmcCheckIdBlock
 .text.SdmmcGetSDCardBootMode
                0x000000000000b238       0x10 board/rockchip/common/built-in.o
                0x000000000000b238                SdmmcGetSDCardBootMode
 .text.CryptoSHAInit
                0x000000000000b248       0x58 board/rockchip/common/built-in.o
                0x000000000000b248                CryptoSHAInit
 .text.CryptoSHAStart
                0x000000000000b2a0       0x58 board/rockchip/common/built-in.o
                0x000000000000b2a0                CryptoSHAStart
 .text.CryptoSHAEnd
                0x000000000000b2f8       0x50 board/rockchip/common/built-in.o
                0x000000000000b2f8                CryptoSHAEnd
 .text.CryptoRSAStart
                0x000000000000b348       0x94 board/rockchip/common/built-in.o
                0x000000000000b348                CryptoRSAStart
 .text.CryptoRSAEnd
                0x000000000000b3dc       0x3c board/rockchip/common/built-in.o
                0x000000000000b3dc                CryptoRSAEnd
 .text.CryptoRSAInit
                0x000000000000b418       0x3c board/rockchip/common/built-in.o
                0x000000000000b418                CryptoRSAInit
 .text.CryptoInit
                0x000000000000b454        0xc board/rockchip/common/built-in.o
                0x000000000000b454                CryptoInit
 .text.EfuseRead
                0x000000000000b460       0x9c board/rockchip/common/built-in.o
                0x000000000000b460                EfuseRead
 .text.SecureBootCheck
                0x000000000000b4fc       0x5c board/rockchip/common/built-in.o
                0x000000000000b4fc                SecureBootCheck
 .text.SecureBootUnlock
                0x000000000000b558       0x4c board/rockchip/common/built-in.o
                0x000000000000b558                SecureBootUnlock
 .text.SecureBootUnlockCheck
                0x000000000000b5a4       0x10 board/rockchip/common/built-in.o
                0x000000000000b5a4                SecureBootUnlockCheck
 .text.SecureBootLockLoader
                0x000000000000b5b4        0x4 board/rockchip/common/built-in.o
                0x000000000000b5b4                SecureBootLockLoader
 .text.SecureBootSetSysData2Kernel
                0x000000000000b5b8       0xd8 board/rockchip/common/built-in.o
                0x000000000000b5b8                SecureBootSetSysData2Kernel
 .text.SecureBootImageCheck
                0x000000000000b690        0xc board/rockchip/common/built-in.o
                0x000000000000b690                SecureBootImageCheck
 .text.SecureBootSecureState2Kernel
                0x000000000000b69c       0x24 board/rockchip/common/built-in.o
                0x000000000000b69c                SecureBootSecureState2Kernel
 .text.SecureRKModeChkPubkey
                0x000000000000b6c0       0x54 board/rockchip/common/built-in.o
 .text.SecureRKModeVerifyLoader
                0x000000000000b714       0xa4 board/rockchip/common/built-in.o
 .text.SecureNSModeVerifyLoader
                0x000000000000b7b8       0x80 board/rockchip/common/built-in.o
 .text.SecureNSModeSignCheck
                0x000000000000b838       0x5c board/rockchip/common/built-in.o
 .text.SecureRKModeVerifyBootImage
                0x000000000000b894      0x170 board/rockchip/common/built-in.o
 .text.SecureModeVerifyLoader
                0x000000000000ba04       0x1c board/rockchip/common/built-in.o
                0x000000000000ba04                SecureModeVerifyLoader
 .text.SecureModeVerifyUbootImage
                0x000000000000ba20      0x1fc board/rockchip/common/built-in.o
                0x000000000000ba20                SecureModeVerifyUbootImage
 .text.SecureModeVerifyBootImage
                0x000000000000bc1c      0x1e0 board/rockchip/common/built-in.o
                0x000000000000bc1c                SecureModeVerifyBootImage
 .text.SecureModeBootImageCheck
                0x000000000000bdfc       0xc4 board/rockchip/common/built-in.o
                0x000000000000bdfc                SecureModeBootImageCheck
 .text.SecureModeRSAKeyCheck
                0x000000000000bec0       0xf4 board/rockchip/common/built-in.o
                0x000000000000bec0                SecureModeRSAKeyCheck
 .text.SecureModeLockLoader
                0x000000000000bfb4       0x64 board/rockchip/common/built-in.o
                0x000000000000bfb4                SecureModeLockLoader
 .text.SecureModeInit
                0x000000000000c018      0x404 board/rockchip/common/built-in.o
                0x000000000000c018                SecureModeInit
 .text.FW_ReIntForUpdate
                0x000000000000c41c       0x3c board/rockchip/common/built-in.o
                0x000000000000c41c                FW_ReIntForUpdate
 .text.FW_SorageLowFormatEn
                0x000000000000c458       0x10 board/rockchip/common/built-in.o
                0x000000000000c458                FW_SorageLowFormatEn
 .text.FW_SorageLowFormat
                0x000000000000c468       0x68 board/rockchip/common/built-in.o
                0x000000000000c468                FW_SorageLowFormat
 .text.FW_StorageGetValid
                0x000000000000c4d0       0x14 board/rockchip/common/built-in.o
                0x000000000000c4d0                FW_StorageGetValid
 .text.FW_GetCurEraseBlock
                0x000000000000c4e4       0x2c board/rockchip/common/built-in.o
                0x000000000000c4e4                FW_GetCurEraseBlock
 .text.FW_GetTotleBlk
                0x000000000000c510       0x2c board/rockchip/common/built-in.o
                0x000000000000c510                FW_GetTotleBlk
 .text.StorageReadPba
                0x000000000000c53c       0x44 board/rockchip/common/built-in.o
                0x000000000000c53c                StorageReadPba
 .text.StorageWritePba
                0x000000000000c580       0x44 board/rockchip/common/built-in.o
                0x000000000000c580                StorageWritePba
 .text.StorageReadLba
                0x000000000000c5c4       0x44 board/rockchip/common/built-in.o
                0x000000000000c5c4                StorageReadLba
 .text.StorageWriteLba
                0x000000000000c608       0x4c board/rockchip/common/built-in.o
                0x000000000000c608                StorageWriteLba
 .text.StorageGetCapacity
                0x000000000000c654       0x30 board/rockchip/common/built-in.o
                0x000000000000c654                StorageGetCapacity
 .text.StorageSysDataLoad
                0x000000000000c684       0x50 board/rockchip/common/built-in.o
                0x000000000000c684                StorageSysDataLoad
 .text.StorageSysDataStore
                0x000000000000c6d4       0x3c board/rockchip/common/built-in.o
                0x000000000000c6d4                StorageSysDataStore
 .text.StorageUbootSysDataLoad
                0x000000000000c710        0x8 board/rockchip/common/built-in.o
                0x000000000000c710                StorageUbootSysDataLoad
 .text.StorageUbootSysDataStore
                0x000000000000c718        0x8 board/rockchip/common/built-in.o
                0x000000000000c718                StorageUbootSysDataStore
 .text.StorageVendorSysDataLoad
                0x000000000000c720       0x4c board/rockchip/common/built-in.o
                0x000000000000c720                StorageVendorSysDataLoad
 .text.StorageVendorSysDataStore
                0x000000000000c76c       0x48 board/rockchip/common/built-in.o
                0x000000000000c76c                StorageVendorSysDataStore
 .text.StorageReadFlashInfo
                0x000000000000c7b4       0x30 board/rockchip/common/built-in.o
                0x000000000000c7b4                StorageReadFlashInfo
 .text.StorageInit
                0x000000000000c7e4       0x9c board/rockchip/common/built-in.o
                0x000000000000c7e4                StorageInit
 .text.StorageEraseBlock
                0x000000000000c880       0x5c board/rockchip/common/built-in.o
                0x000000000000c880                StorageEraseBlock
 .text.StorageGetBootMedia
                0x000000000000c8dc       0x14 board/rockchip/common/built-in.o
                0x000000000000c8dc                StorageGetBootMedia
 .text.StorageGetSDFwOffset
                0x000000000000c8f0       0x28 board/rockchip/common/built-in.o
                0x000000000000c8f0                StorageGetSDFwOffset
 .text.StorageGetSDSysOffset
                0x000000000000c918       0x28 board/rockchip/common/built-in.o
                0x000000000000c918                StorageGetSDSysOffset
 .text.StorageReadId
                0x000000000000c940       0x38 board/rockchip/common/built-in.o
                0x000000000000c940                StorageReadId
 .text.StorageSDCardUpdateMode
                0x000000000000c978       0x38 board/rockchip/common/built-in.o
                0x000000000000c978                StorageSDCardUpdateMode
 .text.board_lmb_reserve
                0x000000000000c9b0       0x44 board/rockchip/rk32xx/built-in.o
                0x000000000000c9b0                board_lmb_reserve
 .text.board_storage_init
                0x000000000000c9f4       0x38 board/rockchip/rk32xx/built-in.o
                0x000000000000c9f4                board_storage_init
 .text.board_init
                0x000000000000ca2c       0x20 board/rockchip/rk32xx/built-in.o
                0x000000000000ca2c                board_init
 .text.checkboard
                0x000000000000ca4c       0x18 board/rockchip/rk32xx/built-in.o
                0x000000000000ca4c                checkboard
 .text.arch_early_init_r
                0x000000000000ca64       0x14 board/rockchip/rk32xx/built-in.o
                0x000000000000ca64                arch_early_init_r
 .text.board_late_init
                0x000000000000ca78      0x158 board/rockchip/rk32xx/built-in.o
                0x000000000000ca78                board_late_init
 .text.show_boot_progress
                0x000000000000cbd0        0x4 common/built-in.o
                0x000000000000cbd0                show_boot_progress
 .text.main_loop
                0x000000000000cbd4       0x40 common/built-in.o
                0x000000000000cbd4                main_loop
 .text.find_cmd_tbl
                0x000000000000cc14       0xa4 common/built-in.o
                0x000000000000cc14                find_cmd_tbl
 .text.find_cmd
                0x000000000000ccb8       0x28 common/built-in.o
                0x000000000000ccb8                find_cmd
 .text.cmd_usage
                0x000000000000cce0       0x5c common/built-in.o
                0x000000000000cce0                cmd_usage
 .text._do_help
                0x000000000000cd3c      0x184 common/built-in.o
                0x000000000000cd3c                _do_help
 .text.cmd_process
                0x000000000000cec0       0xc0 common/built-in.o
                0x000000000000cec0                cmd_process
 .text.dummy    0x000000000000cf80        0x4 common/built-in.o
 .text.get_version
                0x000000000000cf84        0x8 common/built-in.o
                0x000000000000cf84                get_version
 .text.jumptable_init
                0x000000000000cf8c      0x190 common/built-in.o
                0x000000000000cf8c                jumptable_init
 .text.b_reset  0x000000000000d11c       0x1c common/built-in.o
 .text.static_get
                0x000000000000d138       0x1c common/built-in.o
 .text.static_peek
                0x000000000000d154        0xc common/built-in.o
 .text.file_peek
                0x000000000000d160        0xc common/built-in.o
 .text.mapset   0x000000000000d16c       0x24 common/built-in.o
 .text.syntax_err
                0x000000000000d190        0xc common/built-in.o
 .text.do_showvar
                0x000000000000d19c       0xf4 common/built-in.o
 .text.xmalloc  0x000000000000d290       0x20 common/built-in.o
 .text.new_pipe
                0x000000000000d2b0       0x28 common/built-in.o
 .text.free_pipe_list
                0x000000000000d2d8       0xfc common/built-in.o
 .text.xrealloc
                0x000000000000d3d4       0x20 common/built-in.o
 .text.done_command
                0x000000000000d3f4       0x8c common/built-in.o
 .text.done_pipe
                0x000000000000d480       0x48 common/built-in.o
 .text.done_word
                0x000000000000d4c8      0x2e4 common/built-in.o
 .text.is_assignment
                0x000000000000d7ac       0x54 common/built-in.o
 .text.file_get
                0x000000000000d800      0x1d0 common/built-in.o
 .text.b_addchr
                0x000000000000d9d0       0x80 common/built-in.o
 .text.b_addqchr
                0x000000000000da50       0x50 common/built-in.o
 .text.get_local_var
                0x000000000000daa0       0x98 common/built-in.o
                0x000000000000daa0                get_local_var
 .text.set_local_var
                0x000000000000db38      0x1c0 common/built-in.o
                0x000000000000db38                set_local_var
 .text.insert_var_value_sub
                0x000000000000dcf8      0x2b0 common/built-in.o
 .text.parse_string_outer
                0x000000000000dfa8       0xf0 common/built-in.o
                0x000000000000dfa8                parse_string_outer
 .text.run_list_real
                0x000000000000e098      0x7ec common/built-in.o
 .text.parse_stream_outer
                0x000000000000e884      0x6e8 common/built-in.o
 .text.parse_file_outer
                0x000000000000ef6c       0x44 common/built-in.o
                0x000000000000ef6c                parse_file_outer
 .text.u_boot_hush_start
                0x000000000000efb0       0x54 common/built-in.o
                0x000000000000efb0                u_boot_hush_start
 .text.run_command
                0x000000000000f004        0x8 common/built-in.o
                0x000000000000f004                run_command
 .text.run_command_list
                0x000000000000f00c       0x5c common/built-in.o
                0x000000000000f00c                run_command_list
 .text.cli_loop
                0x000000000000f068        0xc common/built-in.o
                0x000000000000f068                cli_loop
 .text.cli_init
                0x000000000000f074        0x4 common/built-in.o
                0x000000000000f074                cli_init
 .text.delete_char.part.0
                0x000000000000f078       0xd4 common/built-in.o
 .text.cli_readline_into_buffer
                0x000000000000f14c      0x1f0 common/built-in.o
                0x000000000000f14c                cli_readline_into_buffer
 .text.cli_readline
                0x000000000000f33c       0x14 common/built-in.o
                0x000000000000f33c                cli_readline
 .text.bootdelay_process
                0x000000000000f350       0x48 common/built-in.o
                0x000000000000f350                bootdelay_process
 .text.autoboot_command
                0x000000000000f398       0xd8 common/built-in.o
                0x000000000000f398                autoboot_command
 .text.display_text_info
                0x000000000000f470        0x8 common/built-in.o
 .text.setup_mon_len
                0x000000000000f478       0x20 common/built-in.o
 .text.setup_fdt
                0x000000000000f498        0x8 common/built-in.o
 .text.reserve_round_4k
                0x000000000000f4a0       0x18 common/built-in.o
 .text.reserve_mmu
                0x000000000000f4b8       0x38 common/built-in.o
 .text.reserve_lcd
                0x000000000000f4f0       0x14 common/built-in.o
 .text.reserve_trace
                0x000000000000f504        0x8 common/built-in.o
 .text.reserve_global_buffers
                0x000000000000f50c       0x4c common/built-in.o
 .text.reserve_uboot
                0x000000000000f558       0x30 common/built-in.o
 .text.reserve_malloc
                0x000000000000f588       0x18 common/built-in.o
 .text.setup_machine
                0x000000000000f5a0        0x8 common/built-in.o
 .text.reserve_global_data
                0x000000000000f5a8       0x1c common/built-in.o
 .text.reserve_fdt
                0x000000000000f5c4       0x4c common/built-in.o
 .text.display_new_sp
                0x000000000000f610        0x8 common/built-in.o
 .text.initf_malloc
                0x000000000000f618        0x8 common/built-in.o
 .text.initf_dm
                0x000000000000f620        0x8 common/built-in.o
 .text.setup_reloc
                0x000000000000f628       0x24 common/built-in.o
 .text.reloc_fdt
                0x000000000000f64c       0x30 common/built-in.o
 .text.announce_dram_init
                0x000000000000f67c       0x18 common/built-in.o
 .text.init_baud_rate
                0x000000000000f694       0x2c common/built-in.o
 .text.mark_bootstage
                0x000000000000f6c0       0x14 common/built-in.o
 .text.reserve_board
                0x000000000000f6d4       0x38 common/built-in.o
 .text.coloured_LED_init
                0x000000000000f70c        0x4 common/built-in.o
                0x000000000000f70c                coloured_LED_init
 .text.red_led_on
                0x000000000000f710        0x4 common/built-in.o
                0x000000000000f710                red_led_on
 .text.board_add_ram_info
                0x000000000000f714        0x4 common/built-in.o
                0x000000000000f714                board_add_ram_info
 .text.show_dram_config
                0x000000000000f718       0x38 common/built-in.o
 .text.setup_dram_config
                0x000000000000f750       0x10 common/built-in.o
 .text.board_get_usable_ram_top
                0x000000000000f760        0x8 common/built-in.o
                0x000000000000f760                board_get_usable_ram_top
 .text.setup_dest_addr
                0x000000000000f768       0x40 common/built-in.o
 .text.reserve_stacks
                0x000000000000f7a8       0x1c common/built-in.o
 .text.board_init_f
                0x000000000000f7c4       0x28 common/built-in.o
                0x000000000000f7c4                board_init_f
 .text.bootstage_relocate
                0x000000000000f7ec        0x8 common/built-in.o
 .text.initr_trace
                0x000000000000f7f4        0x8 common/built-in.o
 .text.initr_reloc_global_data
                0x000000000000f7fc       0x28 common/built-in.o
 .text.initr_barrier
                0x000000000000f824        0x8 common/built-in.o
 .text.power_init_board
                0x000000000000f82c        0x8 common/built-in.o
                0x000000000000f82c                power_init_board
 .text.initr_announce
                0x000000000000f834        0x8 common/built-in.o
 .text.run_main_loop
                0x000000000000f83c        0xc common/built-in.o
 .text.initr_enable_interrupts
                0x000000000000f848       0x10 common/built-in.o
 .text.initr_jumptable
                0x000000000000f858       0x10 common/built-in.o
 .text.initr_env
                0x000000000000f868       0x30 common/built-in.o
 .text.initr_rk_storage
                0x000000000000f898       0x10 common/built-in.o
 .text.initr_serial
                0x000000000000f8a8       0x10 common/built-in.o
 .text.initr_malloc
                0x000000000000f8b8       0x24 common/built-in.o
 .text.initr_caches
                0x000000000000f8dc       0x10 common/built-in.o
 .text.initr_reloc
                0x000000000000f8ec       0x20 common/built-in.o
 .text.cpu_secondary_init_r
                0x000000000000f90c        0x4 common/built-in.o
                0x000000000000f90c                cpu_secondary_init_r
 .text.initr_secondary_cpu
                0x000000000000f910       0x10 common/built-in.o
 .text.board_init_r
                0x000000000000f920       0x14 common/built-in.o
                0x000000000000f920                board_init_r
 .text.show_board_info
                0x000000000000f934        0x4 common/built-in.o
                0x000000000000f934                show_board_info
 .text.do_go_exec
                0x000000000000f938       0x18 common/built-in.o
                0x000000000000f938                do_go_exec
 .text.do_go    0x000000000000f950       0x70 common/built-in.o
                0x000000000000f950                do_go
 .text.do_bootm
                0x000000000000f9c0       0xfc common/built-in.o
                0x000000000000f9c0                do_bootm
 .text.bootm_find_ramdisk_fdt
                0x000000000000fabc       0xb4 common/built-in.o
                0x000000000000fabc                bootm_find_ramdisk_fdt
 .text.do_bootm_states
                0x000000000000fb70      0x728 common/built-in.o
                0x000000000000fb70                do_bootm_states
 .text.do_bootm_standalone
                0x0000000000010298       0x64 common/built-in.o
 .text.arch_preboot_os
                0x00000000000102fc        0x4 common/built-in.o
                0x00000000000102fc                arch_preboot_os
 .text.boot_selected_os
                0x0000000000010300       0x5c common/built-in.o
                0x0000000000010300                boot_selected_os
 .text.bootm_os_get_boot_func
                0x000000000001035c       0x10 common/built-in.o
                0x000000000001035c                bootm_os_get_boot_func
 .text.do_help  0x000000000001036c       0x44 common/built-in.o
 .text.do_version
                0x00000000000103b0       0x38 common/built-in.o
 .text.env_attr_walk
                0x00000000000103e8      0x120 common/built-in.o
                0x00000000000103e8                env_attr_walk
 .text.env_attr_lookup
                0x0000000000010508      0x190 common/built-in.o
                0x0000000000010508                env_attr_lookup
 .text.clear_callback
                0x0000000000010698       0x10 common/built-in.o
 .text.on_callbacks
                0x00000000000106a8       0x48 common/built-in.o
 .text.set_callback
                0x00000000000106f0       0xd8 common/built-in.o
 .text.env_callback_init
                0x00000000000107c8      0x114 common/built-in.o
                0x00000000000107c8                env_callback_init
 .text.clear_flags
                0x00000000000108dc       0x10 common/built-in.o
 .text.on_flags
                0x00000000000108ec       0x48 common/built-in.o
 .text.env_flags_parse_vartype
                0x0000000000010934       0x50 common/built-in.o
                0x0000000000010934                env_flags_parse_vartype
 .text.env_flags_parse_varaccess
                0x0000000000010984       0x58 common/built-in.o
                0x0000000000010984                env_flags_parse_varaccess
 .text.set_flags
                0x00000000000109dc       0xac common/built-in.o
 .text.env_flags_init
                0x0000000000010a88       0xd4 common/built-in.o
                0x0000000000010a88                env_flags_init
 .text.env_flags_validate
                0x0000000000010b5c      0x238 common/built-in.o
                0x0000000000010b5c                env_flags_validate
 .text.env_init
                0x0000000000010d94       0x1c common/built-in.o
                0x0000000000010d94                env_init
 .text.saveenv  0x0000000000010db0       0xf0 common/built-in.o
                0x0000000000010db0                saveenv
 .text.env_relocate_spec
                0x0000000000010ea0       0xc0 common/built-in.o
                0x0000000000010ea0                env_relocate_spec
 .text.do_bmp   0x0000000000010f60       0x54 common/built-in.o
 .text.do_bmp_info
                0x0000000000010fb4      0x100 common/built-in.o
 .text.bmp_display
                0x00000000000110b4       0x38 common/built-in.o
                0x00000000000110b4                bmp_display
 .text.do_bmp_display
                0x00000000000110ec       0xa4 common/built-in.o
 .text.do_exit  0x0000000000011190       0x34 common/built-in.o
 .text.fdt_valid
                0x00000000000111c4       0xc0 common/built-in.o
 .text.is_printable_string
                0x0000000000011284       0x90 common/built-in.o
 .text.print_data
                0x0000000000011314      0x170 common/built-in.o
 .text.set_working_fdt_addr
                0x0000000000011484       0x1c common/built-in.o
                0x0000000000011484                set_working_fdt_addr
 .text.do_fdt   0x00000000000114a0      0xebc common/built-in.o
 .text.get_cells_len
                0x000000000001235c       0x3c common/built-in.o
 .text.fdt_find_or_add_subnode.constprop.6
                0x0000000000012398       0x6c common/built-in.o
 .text.chto     0x0000000000012404       0x2c common/built-in.o
                0x0000000000012404                chto
 .text.toch     0x0000000000012430       0x2c common/built-in.o
                0x0000000000012430                toch
 .text.fdt_getprop_u32_default_node
                0x000000000001245c       0x40 common/built-in.o
                0x000000000001245c                fdt_getprop_u32_default_node
 .text.fdt_find_and_setprop
                0x000000000001249c       0x70 common/built-in.o
                0x000000000001249c                fdt_find_and_setprop
 .text.fdt_initrd
                0x000000000001250c      0x250 common/built-in.o
                0x000000000001250c                fdt_initrd
 .text.fdt_chosen
                0x000000000001275c      0x1f4 common/built-in.o
                0x000000000001275c                fdt_chosen
 .text.do_fixup_by_path
                0x0000000000012950       0x54 common/built-in.o
                0x0000000000012950                do_fixup_by_path
 .text.fdt_fixup_memory_banks
                0x00000000000129a4      0x1dc common/built-in.o
                0x00000000000129a4                fdt_fixup_memory_banks
 .text.fdt_fixup_memory
                0x0000000000012b80       0x20 common/built-in.o
                0x0000000000012b80                fdt_fixup_memory
 .text.fdt_fixup_ethernet
                0x0000000000012ba0      0x158 common/built-in.o
                0x0000000000012ba0                fdt_fixup_ethernet
 .text.fdt_shrink_to_minimum
                0x0000000000012cf8       0xd4 common/built-in.o
                0x0000000000012cf8                fdt_shrink_to_minimum
 .text.getvar_version
                0x0000000000012dcc        0xc common/built-in.o
 .text.getvar_version_baseband
                0x0000000000012dd8        0xc common/built-in.o
 .text.getvar_version_bootloader
                0x0000000000012de4        0xc common/built-in.o
 .text.getvar_unlocked
                0x0000000000012df0       0x34 common/built-in.o
 .text.getvar_secure
                0x0000000000012e24       0x34 common/built-in.o
 .text.getvar_product
                0x0000000000012e58        0xc common/built-in.o
 .text.getvar_serialno
                0x0000000000012e64       0x10 common/built-in.o
 .text.str2wide
                0x0000000000012e74       0x80 common/built-in.o
 .text.getvar_checksum
                0x0000000000012ef4      0x13c common/built-in.o
 .text.getvar_partition_offset
                0x0000000000013030       0x64 common/built-in.o
 .text.getvar_partition_size
                0x0000000000013094       0x64 common/built-in.o
 .text.getvar_partition_type
                0x00000000000130f8       0x70 common/built-in.o
 .text.fbt_handle_erase
                0x0000000000013168       0xa0 common/built-in.o
 .text.fbt_set_unlocked
                0x0000000000013208       0x48 common/built-in.o
 .text.fbt_handle_response
                0x0000000000013250      0x12c common/built-in.o
 .text.fbt_handle_reboot
                0x000000000001337c       0xc0 common/built-in.o
 .text.fbt_send_raw_info
                0x000000000001343c       0xe8 common/built-in.o
 .text.do_fastboot
                0x0000000000013524      0xf04 common/built-in.o
 .text.fbt_receive_firstcmd
                0x0000000000014428       0x34 common/built-in.o
                0x0000000000014428                fbt_receive_firstcmd
 .text.fbt_event_handler
                0x000000000001445c      0x110 common/built-in.o
 .text.fbt_fastboot_init
                0x000000000001456c      0x158 common/built-in.o
                0x000000000001456c                fbt_fastboot_init
 .text.do_bootrk
                0x00000000000146c4      0x960 common/built-in.o
                0x00000000000146c4                do_bootrk
 .text.rkusb_send_csw
                0x0000000000015024       0xb8 common/built-in.o
 .text.rkusb_receive_firstcbw
                0x00000000000150dc       0x40 common/built-in.o
                0x00000000000150dc                rkusb_receive_firstcbw
 .text.rkusb_event_handler
                0x000000000001511c      0x13c common/built-in.o
 .text.FW_ReadID
                0x0000000000015258       0x6c common/built-in.o
                0x0000000000015258                FW_ReadID
 .text.do_rockusb_cmd
                0x00000000000152c4      0x4e8 common/built-in.o
                0x00000000000152c4                do_rockusb_cmd
 .text.rkusb_handle_datarx
                0x00000000000157ac      0x1a4 common/built-in.o
                0x00000000000157ac                rkusb_handle_datarx
 .text.rkusb_handle_datatx
                0x0000000000015950      0x198 common/built-in.o
                0x0000000000015950                rkusb_handle_datatx
 .text.do_rockusb
                0x0000000000015ae8      0x580 common/built-in.o
                0x0000000000015ae8                do_rockusb
 .text.get_entry_ram
                0x0000000000016068      0x158 common/built-in.o
 .text.get_content_ram
                0x00000000000161c0       0x8c common/built-in.o
                0x00000000000161c0                get_content_ram
 .text.get_content
                0x000000000001624c      0x294 common/built-in.o
                0x000000000001624c                get_content
 .text.free_content
                0x00000000000164e0       0x30 common/built-in.o
                0x00000000000164e0                free_content
 .text.load_content_data
                0x0000000000016510       0x2c common/built-in.o
                0x0000000000016510                load_content_data
 .text.load_content
                0x000000000001653c       0x80 common/built-in.o
                0x000000000001653c                load_content
 .text.show_resource_image
                0x00000000000165bc      0x128 common/built-in.o
                0x00000000000165bc                show_resource_image
 .text.lcd_get_size
                0x00000000000166e4       0x34 common/built-in.o
                0x00000000000166e4                lcd_get_size
 .text.lcd_sync
                0x0000000000016718       0x3c common/built-in.o
                0x0000000000016718                lcd_sync
 .text.lcd_enable_logo
                0x0000000000016754       0x10 common/built-in.o
                0x0000000000016754                lcd_enable_logo
 .text.drv_lcd_init
                0x0000000000016764       0x9c common/built-in.o
                0x0000000000016764                drv_lcd_init
 .text.lcd_setcolor_bypix
                0x0000000000016800       0x20 common/built-in.o
                0x0000000000016800                lcd_setcolor_bypix
 .text.rk_bitmap_from_resource
                0x0000000000016820       0x1c common/built-in.o
                0x0000000000016820                rk_bitmap_from_resource
 .text.bitmap_plot
                0x000000000001683c      0x13c common/built-in.o
                0x000000000001683c                bitmap_plot
 .text.lcd_logo
                0x0000000000016978       0x58 common/built-in.o
 .text.LCD_clear
                0x00000000000169d0       0x50 common/built-in.o
                0x00000000000169d0                LCD_clear
 .text.lcd_clear
                0x0000000000016a20       0x84 common/built-in.o
                0x0000000000016a20                lcd_clear
 .text.do_lcd_clear
                0x0000000000016aa4       0x18 common/built-in.o
 .text.lcd_display_bitmap
                0x0000000000016abc      0x734 common/built-in.o
                0x0000000000016abc                lcd_display_bitmap
 .text.lcd_display_bitmap_center
                0x00000000000171f0       0x9c common/built-in.o
                0x00000000000171f0                lcd_display_bitmap_center
 .text.do_env_delete
                0x000000000001728c       0xa8 common/built-in.o
 .text.env_print
                0x0000000000017334       0xc8 common/built-in.o
 .text.do_env_print
                0x00000000000173fc       0xc4 common/built-in.o
 .text.do_env   0x00000000000174c0       0x5c common/built-in.o
 .text.do_env_import
                0x000000000001751c      0x2a0 common/built-in.o
 .text.do_env_default
                0x00000000000177bc       0xb4 common/built-in.o
 .text.do_env_save
                0x0000000000017870       0x2c common/built-in.o
                0x0000000000017870                do_env_save
 .text._do_env_set.isra.1
                0x000000000001789c      0x1d8 common/built-in.o
 .text.do_env_set
                0x0000000000017a74       0x1c common/built-in.o
 .text.setenv   0x0000000000017a90       0x60 common/built-in.o
                0x0000000000017a90                setenv
 .text.setenv_ulong
                0x0000000000017af0       0x20 common/built-in.o
                0x0000000000017af0                setenv_ulong
 .text.setenv_hex
                0x0000000000017b10       0x34 common/built-in.o
                0x0000000000017b10                setenv_hex
 .text.do_env_export
                0x0000000000017b44      0x268 common/built-in.o
 .text.envmatch
                0x0000000000017dac       0x6c common/built-in.o
                0x0000000000017dac                envmatch
 .text.getenv_f
                0x0000000000017e18       0xcc common/built-in.o
                0x0000000000017e18                getenv_f
 .text.getenv   0x0000000000017ee4       0x78 common/built-in.o
                0x0000000000017ee4                getenv
 .text.getenv_ulong
                0x0000000000017f5c       0x30 common/built-in.o
                0x0000000000017f5c                getenv_ulong
 .text.getenv_hex
                0x0000000000017f8c       0x34 common/built-in.o
                0x0000000000017f8c                getenv_hex
 .text.env_get_char_spec
                0x0000000000017fc0        0xc common/built-in.o
                0x0000000000017fc0                env_get_char_spec
 .text.env_get_addr
                0x0000000000017fcc       0x20 common/built-in.o
                0x0000000000017fcc                env_get_addr
 .text.env_get_char_memory
                0x0000000000017fec       0x10 common/built-in.o
                0x0000000000017fec                env_get_char_memory
 .text.env_get_char
                0x0000000000017ffc       0x30 common/built-in.o
                0x0000000000017ffc                env_get_char
 .text.getenv_yesno
                0x000000000001802c       0x50 common/built-in.o
                0x000000000001802c                getenv_yesno
 .text.getenv_default
                0x000000000001807c       0x30 common/built-in.o
                0x000000000001807c                getenv_default
 .text.set_default_env
                0x00000000000180ac       0xbc common/built-in.o
                0x00000000000180ac                set_default_env
 .text.set_default_vars
                0x0000000000018168       0x3c common/built-in.o
                0x0000000000018168                set_default_vars
 .text.env_relocate
                0x00000000000181a4       0x30 common/built-in.o
                0x00000000000181a4                env_relocate
 .text.console_setfile
                0x00000000000181d4       0xbc common/built-in.o
 .text.serial_printf
                0x0000000000018290       0x50 common/built-in.o
                0x0000000000018290                serial_printf
 .text.puts     0x00000000000182e0       0x40 common/built-in.o
                0x00000000000182e0                puts
 .text.printf   0x0000000000018320       0x5c common/built-in.o
                0x0000000000018320                printf
 .text.fgetc    0x000000000001837c       0x2c common/built-in.o
                0x000000000001837c                fgetc
 .text.getc     0x00000000000183a8       0x24 common/built-in.o
                0x00000000000183a8                getc
 .text.ftstc    0x00000000000183cc       0x2c common/built-in.o
                0x00000000000183cc                ftstc
 .text.tstc     0x00000000000183f8       0x24 common/built-in.o
                0x00000000000183f8                tstc
 .text.fputc    0x000000000001841c       0x24 common/built-in.o
                0x000000000001841c                fputc
 .text.putc     0x0000000000018440       0x28 common/built-in.o
                0x0000000000018440                putc
 .text.vprintf  0x0000000000018468       0x34 common/built-in.o
                0x0000000000018468                vprintf
 .text.ctrlc    0x000000000001849c       0x58 common/built-in.o
                0x000000000001849c                ctrlc
 .text.had_ctrlc
                0x00000000000184f4       0x10 common/built-in.o
                0x00000000000184f4                had_ctrlc
 .text.clear_ctrlc
                0x0000000000018504       0x14 common/built-in.o
                0x0000000000018504                clear_ctrlc
 .text.search_device
                0x0000000000018518       0x30 common/built-in.o
                0x0000000000018518                search_device
 .text.console_assign
                0x0000000000018548       0x48 common/built-in.o
                0x0000000000018548                console_assign
 .text.on_console
                0x0000000000018590       0xc4 common/built-in.o
 .text.console_init_f
                0x0000000000018654       0x10 common/built-in.o
                0x0000000000018654                console_init_f
 .text.console_init_r
                0x0000000000018664      0x150 common/built-in.o
                0x0000000000018664                console_init_r
 .text.sbrk     0x00000000000187b4       0x70 common/built-in.o
                0x00000000000187b4                sbrk
 .text.mem_malloc_init
                0x0000000000018824       0x2c common/built-in.o
                0x0000000000018824                mem_malloc_init
 .text.malloc_trim
                0x0000000000018850       0xcc common/built-in.o
                0x0000000000018850                malloc_trim
 .text.free     0x000000000001891c      0x228 common/built-in.o
                0x000000000001891c                free
 .text.malloc   0x0000000000018b44      0x608 common/built-in.o
                0x0000000000018b44                malloc
 .text.calloc   0x000000000001914c       0xa4 common/built-in.o
                0x000000000001914c                calloc
 .text.memalign
                0x00000000000191f0      0x10c common/built-in.o
                0x00000000000191f0                memalign
 .text.realloc  0x00000000000192fc      0x40c common/built-in.o
                0x00000000000192fc                realloc
 .text.on_loadaddr
                0x0000000000019708       0x38 common/built-in.o
 .text.image_check_hcrc
                0x0000000000019740       0x4c common/built-in.o
                0x0000000000019740                image_check_hcrc
 .text.image_check_dcrc
                0x000000000001978c       0x38 common/built-in.o
                0x000000000001978c                image_check_dcrc
 .text.image_multi_count
                0x00000000000197c4       0x20 common/built-in.o
                0x00000000000197c4                image_multi_count
 .text.image_multi_getimg
                0x00000000000197e4       0x80 common/built-in.o
                0x00000000000197e4                image_multi_getimg
 .text.getenv_bootm_low
                0x0000000000019864       0x28 common/built-in.o
                0x0000000000019864                getenv_bootm_low
 .text.getenv_bootm_size
                0x000000000001988c       0x60 common/built-in.o
                0x000000000001988c                getenv_bootm_size
 .text.getenv_bootm_mapsize
                0x00000000000198ec       0x30 common/built-in.o
                0x00000000000198ec                getenv_bootm_mapsize
 .text.memmove_wd
                0x000000000001991c        0xc common/built-in.o
                0x000000000001991c                memmove_wd
 .text.genimg_print_size
                0x0000000000019928       0x30 common/built-in.o
                0x0000000000019928                genimg_print_size
 .text.get_table_entry_name
                0x0000000000019958       0x2c common/built-in.o
                0x0000000000019958                get_table_entry_name
 .text.genimg_get_os_name
                0x0000000000019984       0x18 common/built-in.o
                0x0000000000019984                genimg_get_os_name
 .text.genimg_get_arch_name
                0x000000000001999c       0x18 common/built-in.o
                0x000000000001999c                genimg_get_arch_name
 .text.genimg_get_type_name
                0x00000000000199b4       0x18 common/built-in.o
                0x00000000000199b4                genimg_get_type_name
 .text.genimg_get_comp_name
                0x00000000000199cc       0x18 common/built-in.o
                0x00000000000199cc                genimg_get_comp_name
 .text.image_print_contents
                0x00000000000199e4      0x170 common/built-in.o
                0x00000000000199e4                image_print_contents
 .text.genimg_get_kernel_addr_fit
                0x0000000000019b54       0x24 common/built-in.o
                0x0000000000019b54                genimg_get_kernel_addr_fit
 .text.genimg_get_format
                0x0000000000019b78       0x38 common/built-in.o
                0x0000000000019b78                genimg_get_format
 .text.genimg_get_image
                0x0000000000019bb0        0x4 common/built-in.o
                0x0000000000019bb0                genimg_get_image
 .text.genimg_has_config
                0x0000000000019bb4        0x8 common/built-in.o
                0x0000000000019bb4                genimg_has_config
 .text.boot_get_ramdisk
                0x0000000000019bbc      0x238 common/built-in.o
                0x0000000000019bbc                boot_get_ramdisk
 .text.boot_ramdisk_high
                0x0000000000019df4      0x140 common/built-in.o
                0x0000000000019df4                boot_ramdisk_high
 .text.image_setup_linux
                0x0000000000019f34       0x88 common/built-in.o
                0x0000000000019f34                image_setup_linux
 .text.fdt_error
                0x0000000000019fbc       0x2c common/built-in.o
 .text.boot_fdt_add_mem_rsv_regions
                0x0000000000019fe8       0x88 common/built-in.o
                0x0000000000019fe8                boot_fdt_add_mem_rsv_regions
 .text.boot_relocate_fdt
                0x000000000001a070      0x194 common/built-in.o
                0x000000000001a070                boot_relocate_fdt
 .text.boot_get_fdt
                0x000000000001a204      0x274 common/built-in.o
                0x000000000001a204                boot_get_fdt
 .text.ft_verify_fdt
                0x000000000001a478        0x8 common/built-in.o
                0x000000000001a478                ft_verify_fdt
 .text.image_setup_libfdt
                0x000000000001a480       0xe4 common/built-in.o
                0x000000000001a480                image_setup_libfdt
 .text.get_ram_size
                0x000000000001a564      0x100 common/built-in.o
                0x000000000001a564                get_ram_size
 .text.get_effective_memsize
                0x000000000001a664        0x8 common/built-in.o
                0x000000000001a664                get_effective_memsize
 .text.stdio_serial_tstc
                0x000000000001a66c        0x4 common/built-in.o
 .text.stdio_serial_getc
                0x000000000001a670        0x4 common/built-in.o
 .text.stdio_serial_puts
                0x000000000001a674        0x8 common/built-in.o
 .text.stdio_serial_putc
                0x000000000001a67c        0x8 common/built-in.o
 .text.stdio_get_by_name
                0x000000000001a684       0x50 common/built-in.o
                0x000000000001a684                stdio_get_by_name
 .text.stdio_clone
                0x000000000001a6d4       0x3c common/built-in.o
                0x000000000001a6d4                stdio_clone
 .text.stdio_register_dev
                0x000000000001a710       0x50 common/built-in.o
                0x000000000001a710                stdio_register_dev
 .text.stdio_register
                0x000000000001a760        0x8 common/built-in.o
                0x000000000001a760                stdio_register
 .text.stdio_init_tables
                0x000000000001a768       0x1c common/built-in.o
                0x000000000001a768                stdio_init_tables
 .text.stdio_add_devices
                0x000000000001a784       0x78 common/built-in.o
                0x000000000001a784                stdio_add_devices
 .text.rk_fb_vidinfo_to_win
                0x000000000001a7fc       0x40 drivers/built-in.o
                0x000000000001a7fc                rk_fb_vidinfo_to_win
 .text.rk_fb_vidinfo_to_screen
                0x000000000001a83c       0xc0 drivers/built-in.o
                0x000000000001a83c                rk_fb_vidinfo_to_screen
 .text.rk_backlight_ctrl
                0x000000000001a8fc        0x4 drivers/built-in.o
                0x000000000001a8fc                rk_backlight_ctrl
 .text.rk_fb_find_lcdc_node_dt
                0x000000000001a900       0x9c drivers/built-in.o
                0x000000000001a900                rk_fb_find_lcdc_node_dt
 .text.rk_fb_pwr_ctr_parse_dt
                0x000000000001a99c      0x150 drivers/built-in.o
                0x000000000001a99c                rk_fb_pwr_ctr_parse_dt
 .text.rk_fb_pwr_enable
                0x000000000001aaec       0x44 drivers/built-in.o
                0x000000000001aaec                rk_fb_pwr_enable
 .text.rk_fb_parse_dt
                0x000000000001ab30      0x408 drivers/built-in.o
                0x000000000001ab30                rk_fb_parse_dt
 .text.lcd_ctrl_init
                0x000000000001af38       0x58 drivers/built-in.o
                0x000000000001af38                lcd_ctrl_init
 .text.lcd_enable
                0x000000000001af90        0x4 drivers/built-in.o
                0x000000000001af90                lcd_enable
 .text.lcd_pandispaly
                0x000000000001af94        0xc drivers/built-in.o
                0x000000000001af94                lcd_pandispaly
 .text.lcd_standby
                0x000000000001afa0        0x4 drivers/built-in.o
                0x000000000001afa0                lcd_standby
 .text.rk_lcdc_set_par
                0x000000000001afa4      0x93c drivers/built-in.o
                0x000000000001afa4                rk_lcdc_set_par
 .text.rk_lcdc_load_screen
                0x000000000001b8e0      0x590 drivers/built-in.o
                0x000000000001b8e0                rk_lcdc_load_screen
 .text.rk_lcdc_standby
                0x000000000001be70       0x84 drivers/built-in.o
                0x000000000001be70                rk_lcdc_standby
 .text.rk_lcdc_init
                0x000000000001bef4      0x120 drivers/built-in.o
                0x000000000001bef4                rk_lcdc_init
 .text.rk32_edp_enable
                0x000000000001c014      0x348 drivers/built-in.o
                0x000000000001c014                rk32_edp_enable
 .text.rk32_edp_enable_video_mute
                0x000000000001c35c       0x20 drivers/built-in.o
                0x000000000001c35c                rk32_edp_enable_video_mute
 .text.rk32_edp_stop_video
                0x000000000001c37c       0x18 drivers/built-in.o
                0x000000000001c37c                rk32_edp_stop_video
 .text.rk32_edp_init_refclk
                0x000000000001c394       0x88 drivers/built-in.o
                0x000000000001c394                rk32_edp_init_refclk
 .text.rk32_edp_init_interrupt
                0x000000000001c41c       0x74 drivers/built-in.o
                0x000000000001c41c                rk32_edp_init_interrupt
 .text.rk32_edp_reset
                0x000000000001c490       0xd8 drivers/built-in.o
                0x000000000001c490                rk32_edp_reset
 .text.rk32_edp_get_pll_lock_status
                0x000000000001c568       0x10 drivers/built-in.o
                0x000000000001c568                rk32_edp_get_pll_lock_status
 .text.rk32_edp_analog_power_ctr
                0x000000000001c578       0x34 drivers/built-in.o
                0x000000000001c578                rk32_edp_analog_power_ctr
 .text.rk32_edp_init_analog_func
                0x000000000001c5ac       0x7c drivers/built-in.o
                0x000000000001c5ac                rk32_edp_init_analog_func
 .text.rk32_edp_init_hpd
                0x000000000001c628       0x30 drivers/built-in.o
                0x000000000001c628                rk32_edp_init_hpd
 .text.rk32_edp_reset_aux
                0x000000000001c658       0x18 drivers/built-in.o
                0x000000000001c658                rk32_edp_reset_aux
 .text.rk32_edp_init_aux
                0x000000000001c670       0x3c drivers/built-in.o
                0x000000000001c670                rk32_edp_init_aux
 .text.rk32_edp_enable_sw_function
                0x000000000001c6ac       0x18 drivers/built-in.o
                0x000000000001c6ac                rk32_edp_enable_sw_function
 .text.rk32_edp_start_aux_transaction
                0x000000000001c6c4       0xf0 drivers/built-in.o
                0x000000000001c6c4                rk32_edp_start_aux_transaction
 .text.rk32_edp_read_byte_from_dpcd
                0x000000000001c7b4       0x8c drivers/built-in.o
                0x000000000001c7b4                rk32_edp_read_byte_from_dpcd
 .text.rk32_edp_set_link_bandwidth
                0x000000000001c840       0x18 drivers/built-in.o
                0x000000000001c840                rk32_edp_set_link_bandwidth
 .text.rk32_edp_hw_link_training_en
                0x000000000001c858       0x10 drivers/built-in.o
                0x000000000001c858                rk32_edp_hw_link_training_en
 .text.rk32_edp_wait_hw_lt_done
                0x000000000001c868       0x28 drivers/built-in.o
                0x000000000001c868                rk32_edp_wait_hw_lt_done
 .text.rk32_edp_get_hw_lt_status
                0x000000000001c890       0x10 drivers/built-in.o
                0x000000000001c890                rk32_edp_get_hw_lt_status
 .text.rk32_edp_set_lane_count
                0x000000000001c8a0        0xc drivers/built-in.o
                0x000000000001c8a0                rk32_edp_set_lane_count
 .text.rk32_edp_reset_macro
                0x000000000001c8ac        0x4 drivers/built-in.o
                0x000000000001c8ac                rk32_edp_reset_macro
 .text.rk32_edp_init_video
                0x000000000001c8b0       0x38 drivers/built-in.o
                0x000000000001c8b0                rk32_edp_init_video
 .text.rk32_edp_set_video_color_format
                0x000000000001c8e8       0x34 drivers/built-in.o
                0x000000000001c8e8                rk32_edp_set_video_color_format
 .text.rk32_edp_is_slave_video_stream_clock_on
                0x000000000001c91c       0x58 drivers/built-in.o
                0x000000000001c91c                rk32_edp_is_slave_video_stream_clock_on
 .text.rk32_edp_set_video_cr_mn
                0x000000000001c974       0x94 drivers/built-in.o
                0x000000000001c974                rk32_edp_set_video_cr_mn
 .text.rk32_edp_set_video_timing_mode
                0x000000000001ca08       0x20 drivers/built-in.o
                0x000000000001ca08                rk32_edp_set_video_timing_mode
 .text.rk32_edp_enable_video_master
                0x000000000001ca28        0x4 drivers/built-in.o
                0x000000000001ca28                rk32_edp_enable_video_master
 .text.rk32_edp_start_video
                0x000000000001ca2c       0x18 drivers/built-in.o
                0x000000000001ca2c                rk32_edp_start_video
 .text.rk32_edp_is_video_stream_on
                0x000000000001ca44       0x28 drivers/built-in.o
                0x000000000001ca44                rk32_edp_is_video_stream_on
 .text.rk32_edp_config_video_slave_mode
                0x000000000001ca6c       0x6c drivers/built-in.o
                0x000000000001ca6c                rk32_edp_config_video_slave_mode
 .text.rk_mipi_screen_pwr_enable
                0x000000000001cad8       0x94 drivers/built-in.o
 .text.rk_mipi_screen
                0x000000000001cb6c      0x2f4 drivers/built-in.o
                0x000000000001cb6c                rk_mipi_screen
 .text.rk_mipi_screen_standby
                0x000000000001ce60      0x180 drivers/built-in.o
                0x000000000001ce60                rk_mipi_screen_standby
 .text.rk_mipi_get_dsi_num
                0x000000000001cfe0       0x14 drivers/built-in.o
                0x000000000001cfe0                rk_mipi_get_dsi_num
 .text.rk_mipi_get_dsi_lane
                0x000000000001cff4       0x14 drivers/built-in.o
                0x000000000001cff4                rk_mipi_get_dsi_lane