dwc_otg_udc.c:165:13:ReadEndpoint0	8	static
dwc_otg_udc.c:200:13:ReadBulkEndpoint	16	static
dwc_otg_udc.c:285:13:udc_state_transition	8	static
dwc_otg_udc.c:181:13:WriteEndpoint0	24	static
dwc_otg_udc.c:337:13:ControlInPacket	8	static
dwc_otg_udc.c:219:13:WriteBulkEndpoint	16	static
dwc_otg_udc.c:906:13:dwc_otg_write_data	16	static
dwc_otg_udc.c:621:13:dwc_otg_epn_in_ack	8	static
dwc_otg_udc.c:898:13:1	0	static
dwc_otg_udc.c:355:10:GetVbus	8	static
dwc_otg_udc.c:395:9:UsbConnectStatus	0	static
dwc_otg_udc.c:402:6:UdcInit	0	static
dwc_otg_udc.c:489:6:HaltBulkEndpoint	16	static
dwc_otg_udc.c:574:6:clear_feature	8	static
dwc_otg_udc.c:1155:6:udc_irq	48	static
dwc_otg_udc.c:629:6:suspend_usb	0	static
dwc_otg_udc.c:634:6:resume_usb	0	static
dwc_otg_udc.c:653:6:udc_set_nak	0	static
dwc_otg_udc.c:658:6:udc_unset_nak	0	static
dwc_otg_udc.c:930:5:udc_endpoint_write	8	static
dwc_otg_udc.c:1027:5:udc_init	8	static
dwc_otg_udc.c:1037:5:is_usbd_high_speed	0	static
dwc_otg_udc.c:1044:6:usbphy_tunning	0	static
dwc_otg_udc.c:1061:6:udc_connect	8	static
dwc_otg_udc.c:1097:6:udc_disconnect	0	static
dwc_otg_udc.c:1106:6:udc_enable	8	static
dwc_otg_udc.c:1128:6:udc_startup_events	8	static
