fg_rk818.c:291:12:rk81x_bat_read	24	static
fg_rk818.c:297:13:1	24	static
fg_rk818.c:947:13:12	8	static
fg_rk818.c:965:12:13	24	static
fg_rk818.c:1075:13:15	16	static
fg_rk818.c:1083:13:16	16	static
fg_rk818.c:1252:11:19	16	static
fg_rk818.c:433:12:21	16	static
fg_rk818.c:691:12:46	24	static
fg_rk818.c:615:16:48	8	static
fg_rk818.c:639:12:47	24	static
fg_rk818.c:462:12:52	24	static
fg_rk818.c:411:17:53	24	static
fg_rk818.c:319:12:55	16	static
fg_rk818.c:302:13:62	16	static
fg_rk818.c:1180:12:34	32	static
fg_rk818.c:1510:12:rk81x_batttery_update	40	static
fg_rk818.c:1207:12:rk81x_batttery_check	8	static
fg_rk818.c:1031:6:is_rk81x_fg_init	0	static
fg_rk818.c:1651:5:fg_rk818_init	64	static
