power_rockchip.c:47:15:get_rockchip_pmic_id	0	static
power_rockchip.c:53:5:get_power_bat_status	16	static
power_rockchip.c:79:5:is_exist_battery	40	static
power_rockchip.c:94:5:is_charging	40	static
power_rockchip.c:105:5:pmic_charger_setting	8	static
power_rockchip.c:127:5:is_power_low	40	static
power_rockchip.c:144:5:is_power_extreme_low	40	static
power_rockchip.c:191:5:pmic_init	16	static
power_rockchip.c:265:5:fg_init	8	static
power_rockchip.c:286:6:shut_down	0	static
power_rockchip.c:333:6:power_pmic_init	0	static
power_rockchip.c:341:6:power_on_pmic	0	static
power_rockchip.c:349:6:power_off_pmic	0	static
