fdtdec.c:503:20:get_prop_check_min_len	24	static
fdtdec.c:90:13:fdtdec_get_compatible	0	static
fdtdec.c:97:12:fdtdec_get_addr_size	16	static
fdtdec.c:125:12:fdtdec_get_addr	0	static
fdtdec.c:169:10:fdtdec_get_uint64	24	static
fdtdec.c:182:5:fdtdec_get_is_enabled	8	static
fdtdec.c:199:20:fdtdec_lookup	24	static
fdtdec.c:211:5:fdtdec_next_compatible	0	static
fdtdec.c:217:5:fdtdec_next_compatible_subnode	24	static
fdtdec.c:232:5:fdtdec_next_alias	72	static
fdtdec.c:263:5:fdtdec_add_aliases_for_id	64	dynamic
fdtdec.c:254:5:fdtdec_find_aliases_for_id	24	static
fdtdec.c:377:5:fdtdec_get_alias_seq	56	static
fdtdec.c:419:5:fdtdec_get_alias_node	24	static
fdtdec.c:434:5:fdtdec_get_chosen_node	24	static
fdtdec.c:466:5:fdtdec_prepare_fdt	8	static
fdtdec.c:449:5:fdtdec_check_fdt	8	static
fdtdec.c:478:5:fdtdec_lookup_phandle	8	static
fdtdec.c:520:5:fdtdec_get_int_array	32	static
fdtdec.c:536:5:fdtdec_get_int_array_count	16	static
fdtdec.c:556:12:fdtdec_locate_array	24	static
fdtdec.c:567:5:fdtdec_get_bool	16	static
fdtdec.c:591:5:fdtdec_decode_gpios	40	static
fdtdec.c:669:5:fdtdec_decode_gpio	16	static
fdtdec.c:681:5:fdtdec_get_gpio	8	static
fdtdec.c:692:5:fdtdec_set_gpio	0	static
fdtdec.c:701:5:fdtdec_setup_gpio	8	static
fdtdec.c:715:5:fdtdec_get_byte_array	32	static
fdtdec.c:727:11:fdtdec_locate_byte_array	24	static
fdtdec.c:739:5:fdtdec_get_config_int	16	static
fdtdec.c:751:5:fdtdec_get_config_bool	16	static
fdtdec.c:765:7:fdtdec_get_config_string	24	static
fdtdec.c:783:5:fdtdec_decode_region	16	static
fdtdec.c:814:5:fdtdec_read_fmap_entry	40	static
fdtdec.c:837:5:fdtdec_get_number	12	static
fdtdec.c:847:5:fdt_get_resource	40	static
fdtdec.c:881:5:fdt_get_named_resource	24	static
fdtdec.c:894:5:fdtdec_pci_get_bdf	16	static
fdtdec.c:908:5:fdtdec_decode_memory_region	104	static
