vsprintf.c:292:23:put_dec	40	static
vsprintf.c:325:14:number	120	static
vsprintf.c:593:12:vsnprintf_internal	56	static
vsprintf.c:31:15:simple_strtoul	20	static
vsprintf.c:63:5:strict_strtoul	32	static
vsprintf.c:87:6:simple_strtol	8	static
vsprintf.c:95:15:ustrtoul	8	static
vsprintf.c:141:20:simple_strtoull	32	static
vsprintf.c:118:20:ustrtoull	8	static
vsprintf.c:172:6:trailing_strtoln	8	static
vsprintf.c:186:6:trailing_strtol	0	static
vsprintf.c:794:5:vsnprintf	0	static
vsprintf.c:800:5:vscnprintf	8	static
vsprintf.c:813:5:snprintf	16	static
vsprintf.c:825:5:scnprintf	16	static
vsprintf.c:851:5:vsprintf	0	static
vsprintf.c:856:5:sprintf	12	static
vsprintf.c:867:6:panic	16	static
vsprintf.c:884:6:__assert_fail	16	static
vsprintf.c:892:7:simple_itoa	16	static
vsprintf.c:907:6:print_grouped_ull	48	static
