hw_SDController.c:56:14:SDC_ResetFIFO	8	static
hw_SDController.c:555:14:_ReadRemainData	24	static
hw_SDController.c:96:14:_ControlClock	24	static
hw_SDController.c:351:14:_WaitCardBusy	24	static
hw_SDController.c:232:14:_ChangeFreq	40	static
hw_SDController.c:638:13:_SDCISTHandle	32	static
hw_SDController.c:81:6:eMMC_SetDataHigh	8	static
hw_SDController.c:805:6:_SDC0IST	0	static
hw_SDController.c:818:6:_SDC1IST	0	static
hw_SDController.c:832:6:_SDC2IST	0	static
hw_SDController.c:968:8:SDC_IsCardIdValid	0	static
hw_SDController.c:990:8:SDC_IsCardPresence	0	static
hw_SDController.c:1005:8:SDC_IsCardWriteProtected	0	static
hw_SDController.c:1020:8:SDC_GetHostBusWidth	0	static
hw_SDController.c:1041:7:SDC_SetHostBusWidth	16	static
hw_SDController.c:1066:6:eMMC_Switch_ToMaskRom	24	static
hw_SDController.c:1086:7:SDC_ResetController	32	static
hw_SDController.c:851:6:SDC_Init	16	static
hw_SDController.c:1192:7:SDC_UpdateCardFreq	16	static
hw_SDController.c:1217:7:SDC_ControlClock	24	static
hw_SDController.c:1251:7:SDC_ControlPower	16	static
hw_SDController.c:1269:7:SDC_SetDDRTuning	0	static
hw_SDController.c:1288:7:SDC_SetDDRMode	0	static
hw_SDController.c:1316:7:SDC_WaitCardBusy	0	static
hw_SDController.c:1490:7:SDC_BusRequest	64	static
