cmd_fastboot.c:707:20:getvar_version	0	static
cmd_fastboot.c:713:20:getvar_version_baseband	0	static
cmd_fastboot.c:718:20:getvar_version_bootloader	0	static
cmd_fastboot.c:723:20:getvar_unlocked	0	static
cmd_fastboot.c:728:20:getvar_secure	0	static
cmd_fastboot.c:734:20:getvar_product	0	static
cmd_fastboot.c:739:20:getvar_serialno	0	static
cmd_fastboot.c:284:13:str2wide	16	static
cmd_fastboot.c:765:20:getvar_checksum	48	static
cmd_fastboot.c:848:20:getvar_partition_offset	16	static
cmd_fastboot.c:866:20:getvar_partition_size	16	static
cmd_fastboot.c:744:20:getvar_partition_type	16	static
cmd_fastboot.c:640:12:fbt_handle_erase	16	static
cmd_fastboot.c:570:13:fbt_set_unlocked	8	static
cmd_fastboot.c:1518:13:fbt_handle_response	16	static
cmd_fastboot.c:975:13:fbt_handle_reboot	8	static
cmd_fastboot.c:998:12:fbt_send_raw_info	32	static
cmd_fastboot.c:1528:12:do_fastboot	104	static
cmd_fastboot.c:339:6:fbt_receive_firstcmd	16	static
cmd_fastboot.c:352:13:fbt_event_handler	8	static
cmd_fastboot.c:587:6:fbt_fastboot_init	32	static
cmd_fastboot.c:1597:5:fbt_log	24	static
cmd_fastboot.c:1620:5:fbt_send_info	8	static
