fdt_support.c:1129:12:of_bus_default_map	48	static
fdt_support.c:1107:6:of_bus_default_count_cells	24	static
fdt_support.c:1577:12:fdt_read_prop	12	static
fdt_support.c:61:12:get_cells_len	8	static
fdt_support.c:1146:12:of_bus_default_translate	40	static
fdt_support.c:161:12:6	16	static
fdt_support.c:36:6:chto	0	static
fdt_support.c:46:7:toch	0	static
fdt_support.c:84:5:fdt_getprop_u32_default_node	24	static
fdt_support.c:114:5:fdt_getprop_u32_default	24	static
fdt_support.c:138:5:fdt_find_and_setprop	32	static
fdt_support.c:250:5:fdt_initrd	96	static
fdt_support.c:368:5:fdt_chosen	2144	static
fdt_support.c:440:6:do_fixup_by_path	24	static
fdt_support.c:456:6:do_fixup_by_path_u32	24	static
fdt_support.c:463:6:do_fixup_by_prop	40	static
fdt_support.c:484:6:do_fixup_by_prop_u32	32	static
fdt_support.c:492:6:do_fixup_by_compat	40	static
fdt_support.c:511:6:do_fixup_by_compat_u32	24	static
fdt_support.c:555:5:fdt_fixup_memory_banks	176	static
fdt_support.c:601:5:fdt_fixup_memory	16	static
fdt_support.c:606:6:fdt_fixup_ethernet	88	static
fdt_support.c:654:5:fdt_shrink_to_minimum	48	static
fdt_support.c:844:5:fdt_increase_size	0	static
fdt_support.c:1063:6:fdt_del_node_and_alias	16	static
fdt_support.c:1306:5:fdt_translate_address	112	static
fdt_support.c:1320:5:fdt_node_offset_by_compat_reg	40	static
fdt_support.c:1341:5:fdt_alloc_phandle	16	static
fdt_support.c:1360:5:fdt_set_phandle	40	static
fdt_support.c:1399:14:fdt_create_phandle	16	static
fdt_support.c:1429:5:fdt_set_node_status	40	static
fdt_support.c:1470:5:fdt_set_status_by_alias	16	static
fdt_support.c:1479:5:fdt_add_edid	32	static
fdt_support.c:1516:5:fdt_verify_alias_address	48	static
fdt_support.c:1557:5:fdt_get_base_address	24	static
fdt_support.c:1613:5:fdt_read_range	56	static
