lcd.c:174:6:lcd_set_flush_dcache	0	static
lcd.c:409:12:lcd_get_size	0	static
lcd.c:151:6:lcd_sync	16	static
lcd.c:416:6:lcd_enable_logo	0	static
lcd.c:423:6:lcd_enable_flip	0	static
lcd.c:429:5:drv_lcd_init	80	static
lcd.c:455:6:lcd_setcolor_bypix	0	static
lcd.c:459:6:lcd_setba	98320	static
lcd.c:669:7:lcd_setmem	16	static
lcd.c:731:5:rk_bitmap_from_resource	8	static
lcd.c:740:6:bitmap_plot	72	static
lcd.c:1359:14:lcd_logo	8	static
lcd.c:542:6:LCD_clear	8	static
lcd.c:481:6:lcd_clear	8	static
lcd.c:604:12:do_lcd_clear	8	static
lcd.c:1081:5:lcd_display_bitmap	624	static
lcd.c:1060:5:lcd_display_bitmap_center	8	static
lcd.c:1435:5:lcd_get_pixel_width	0	static
lcd.c:1440:5:lcd_get_pixel_height	0	static
