rk_i2c.c:259:12:rk_i2c_send_start_bit	16	static
rk_i2c.c:286:12:rk_i2c_send_stop_bit	16	static
rk_i2c.c:405:12:rk_i2c_write	56	static
rk_i2c.c:191:13:1	16	static
rk_i2c.c:489:14:i2c_get_bus_num	0	static
rk_i2c.c:495:5:i2c_set_bus_num	8	static
rk_i2c.c:521:5:i2c_read	48	static
rk_i2c.c:547:5:i2c_write	32	static
rk_i2c.c:566:5:i2c_probe	16	static
rk_i2c.c:583:6:i2c_init	16	static
rk_i2c.c:592:5:i2c_set_bus_speed	8	static
rk_i2c.c:614:14:i2c_get_bus_speed	0	static
rk_i2c.c:619:5:i2c_get_bus_num_fdt	8	static
