clock.c:66:13:clk_loop_delayus	8	static
clock-rk3288.c:192:13:rkclk_pll_wait_lock	40	static
clock-rk3288.c:232:12:rkclk_pll_set_rate	24	static
clock-rk3288.c:1018:12:rkclk_lcdc_aclk_config	0	static
clock-rk3288.c:298:15:rkclk_pll_get_rate	8	static
clock-rk3288.c:529:13:rkclk_apll_cb	0	static
clock-rk3288.c:536:13:rkclk_gpll_cb	8	static
clock-rk3288.c:717:6:rkclk_pll_mode	16	static
clock-rk3288.c:726:6:rkclk_set_pll_rate_by_id	0	static
clock-rk3288.c:743:6:rkclk_set_pll	8	static
clock-rk3288.c:754:8:rkclk_get_pll_rate_by_id	0	static
clock-rk3288.c:763:6:rkclk_get_pll	16	static
clock-rk3288.c:815:6:rkclk_dump_pll	8	static
clock-rk3288.c:976:6:rkclk_set_cpll_rate	40	static
clock-rk3288.c:1176:5:rkclk_lcdc_clk_set	24	static
clock-rk3288.c:1222:5:rkclk_set_nandc_div	16	static
clock-rk3288.c:1256:6:rkclk_set_mmc_clk_src	0	static
clock-rk3288.c:1275:14:rkclk_get_mmc_clk	0	static
clock-rk3288.c:1313:5:rkclk_set_mmc_clk_div	0	static
clock-rk3288.c:1339:7:rkclk_set_mmc_clk_freq	56	static
clock-rk3288.c:1398:5:rkclk_set_mmc_tuning	8	static
clock-rk3288.c:1419:5:rkclk_disable_mmc_tuning	0	static
clock-rk3288.c:1438:14:rkclk_get_pwm_clk	0	static
clock-rk3288.c:1448:14:rkclk_get_i2c_clk	0	static
clock-rk3288.c:1462:14:rkclk_get_spi_clk	8	static
clock-rk3288.c:1490:6:rkclk_set_crypto_clk	8	static
