rk32_mipi_dsi.c:250:12:rk32_dsi_set_bits	24	static
rk32_mipi_dsi.c:1120:12:rk32_mipi_dsi_is_enable	8	static
rk32_mipi_dsi.c:1147:12:rk32_mipi_dsi_enable_hs_clk	8	static
rk32_mipi_dsi.c:1138:12:rk32_mipi_dsi_enable_command_mode	8	static
rk32_mipi_dsi.c:1129:12:rk32_mipi_dsi_enable_video_mode	8	static
rk32_mipi_dsi.c:1310:12:rk32_mipi_dsi_read_dcs_packet	8	static
rk32_mipi_dsi.c:294:12:1	24	static
rk32_mipi_dsi.c:832:12:rk32_mipi_dsi_host_power_up	16	static
rk32_mipi_dsi.c:1377:12:rk32_mipi_dsi_get_id	0	static
rk32_mipi_dsi.c:1155:12:rk32_mipi_dsi_is_active	0	static
rk32_mipi_dsi.c:1162:12:rk32_mipi_dsi_send_packet	24	static
rk32_mipi_dsi.c:108:5:rk32_mipi_dsi_clk_enable	0	static
rk32_mipi_dsi.c:312:12:rk32_phy_power_up	8	static
rk32_mipi_dsi.c:1021:12:rk_mipi_dsi_init	96	static
rk32_mipi_dsi.c:1353:12:rk32_mipi_dsi_power_up	8	static
rk32_mipi_dsi.c:120:5:rk32_mipi_dsi_clk_disable	0	static
rk32_mipi_dsi.c:1362:12:rk32_mipi_dsi_power_down	8	static
rk32_mipi_dsi.c:1693:5:rk32_dsi_sync	8	static
rk32_mipi_dsi.c:1729:5:rk32_dsi_disable	8	static
rk32_mipi_dsi.c:1742:5:rk32_dsi_enable	8	static
rk32_mipi_dsi.c:1823:5:rk_dsi_host_parse_dt	16	static
rk32_mipi_dsi.c:1883:5:rk32_mipi_enable	32	static
