storage.c:179:6:FW_ReIntForUpdate	8	static
storage.c:190:6:FW_SorageLowFormatEn	0	static
storage.c:195:6:FW_SorageLowFormat	8	static
storage.c:209:8:FW_StorageGetValid	0	static
storage.c:220:8:FW_GetCurEraseBlock	8	static
storage.c:238:8:FW_GetTotleBlk	8	static
storage.c:250:5:StorageReadPba	16	static
storage.c:262:5:StorageWritePba	16	static
storage.c:274:5:StorageReadLba	16	static
storage.c:286:5:StorageWriteLba	32	static
storage.c:298:8:StorageGetCapacity	8	static
storage.c:310:8:StorageSysDataLoad	16	static
storage.c:323:8:StorageSysDataStore	8	static
storage.c:337:8:StorageUbootSysDataLoad	0	static
storage.c:342:8:StorageUbootSysDataStore	0	static
storage.c:347:8:StorageVendorSysDataLoad	24	static
storage.c:366:8:StorageVendorSysDataStore	24	static
storage.c:382:5:StorageReadFlashInfo	8	static
storage.c:157:7:StorageInit	8	static
storage.c:395:5:StorageEraseBlock	16	static
storage.c:407:8:StorageGetBootMedia	0	static
storage.c:412:8:StorageGetSDFwOffset	0	static
storage.c:426:8:StorageGetSDSysOffset	0	static
storage.c:440:5:StorageReadId	8	static
storage.c:454:8:StorageSDCardUpdateMode	8	static
