sdmmcBoot.c:42:6:SdmmcSDMInit	0	static
sdmmcBoot.c:59:8:SdmmcReinit	48	static
sdmmcBoot.c:92:8:SdmmcInit	48	static
sdmmcBoot.c:183:8:SdmmcDeInit	0	static
sdmmcBoot.c:221:8:SdmmcBootWritePBA	40	static
sdmmcBoot.c:274:8:SdmmcBootReadPBA	40	static
sdmmcBoot.c:328:8:SdmmcBootReadLBA	32	static
sdmmcBoot.c:364:8:SdmmcBootWriteLBA	8	static
sdmmcBoot.c:393:6:SdmmcReadID	0	static
sdmmcBoot.c:404:6:SdmmcReadFlashInfo	0	static
sdmmcBoot.c:427:8:SdmmcGetCapacity	0	static
sdmmcBoot.c:432:8:SdmmcSysDataLoad	0	static
sdmmcBoot.c:452:8:SdmmcSysDataStore	0	static
sdmmcBoot.c:472:8:SdmmcGetFwOffset	0	static
sdmmcBoot.c:484:8:SdmmcGetSysOffset	0	static
sdmmcBoot.c:503:8:SdmmcBootErase	0	static
sdmmcBoot.c:509:6:SdmmcCheckIdBlock	0	static
sdmmcBoot.c:515:8:SdmmcGetSDCardBootMode	0	static
sdmmcBoot.c:520:8:BootFromSdCard	0	static
